12-07 18:27:25.818  1999  2083 V Robocol : received command: CMD_REQUEST_FRAME(11551) 
12-07 18:27:25.990  1999  2087 V Robocol : sending CMD_RECEIVE_FRAME_BEGIN(2286), attempt: 0
12-07 18:27:25.990  1999  2087 V Robocol : sending CMD_RECEIVE_FRAME_CHUNK(2287), attempt: 0
12-07 18:27:25.992  1999  2087 V Robocol : sending CMD_RECEIVE_FRAME_CHUNK(2288), attempt: 0
12-07 18:27:25.993  1999  2087 V Robocol : sending CMD_RECEIVE_FRAME_CHUNK(2289), attempt: 0
12-07 18:27:25.994  1999  2087 V Robocol : sending CMD_RECEIVE_FRAME_CHUNK(2290), attempt: 0
12-07 18:27:25.995  1999  2087 V Robocol : sending CMD_RECEIVE_FRAME_CHUNK(2291), attempt: 0
12-07 18:27:25.996  1999  2087 V Robocol : sending CMD_RECEIVE_FRAME_CHUNK(2292), attempt: 0
12-07 18:27:26.002  1999  2087 V Robocol : sending CMD_RECEIVE_FRAME_CHUNK(2293), attempt: 0
12-07 18:27:26.004  1999  2087 V Robocol : sending CMD_RECEIVE_FRAME_CHUNK(2294), attempt: 0
12-07 18:27:26.005  1999  2087 V Robocol : sending CMD_RECEIVE_FRAME_CHUNK(2295), attempt: 0
12-07 18:27:26.006  1999  2087 V Robocol : sending CMD_RECEIVE_FRAME_CHUNK(2296), attempt: 0
12-07 18:27:26.007  1999  2087 V Robocol : sending CMD_RECEIVE_FRAME_CHUNK(2297), attempt: 0
12-07 18:27:26.008  1999  2087 V Robocol : sending CMD_RECEIVE_FRAME_CHUNK(2298), attempt: 0
12-07 18:27:26.009  1999  2087 V Robocol : sending CMD_RECEIVE_FRAME_CHUNK(2299), attempt: 0
12-07 18:27:26.017  1999  2087 V Robocol : sending CMD_RECEIVE_FRAME_CHUNK(2300), attempt: 0
12-07 18:27:26.021  1999  2087 V Robocol : sending CMD_RECEIVE_FRAME_CHUNK(2301), attempt: 0
12-07 18:27:26.022  1999  2087 V Robocol : sending CMD_RECEIVE_FRAME_CHUNK(2302), attempt: 0
12-07 18:27:26.339  1999  2083 V Robocol : received command: CMD_REQUEST_FRAME(11578) 
12-07 18:27:26.510  1999  2087 V Robocol : sending CMD_RECEIVE_FRAME_BEGIN(2328), attempt: 0
12-07 18:27:26.510  1999  2087 V Robocol : sending CMD_RECEIVE_FRAME_CHUNK(2329), attempt: 0
12-07 18:27:26.511  1999  2087 V Robocol : sending CMD_RECEIVE_FRAME_CHUNK(2330), attempt: 0
12-07 18:27:26.512  1999  2087 V Robocol : sending CMD_RECEIVE_FRAME_CHUNK(2331), attempt: 0
12-07 18:27:26.514  1999  2087 V Robocol : sending CMD_RECEIVE_FRAME_CHUNK(2332), attempt: 0
12-07 18:27:26.515  1999  2087 V Robocol : sending CMD_RECEIVE_FRAME_CHUNK(2333), attempt: 0
12-07 18:27:26.516  1999  2087 V Robocol : sending CMD_RECEIVE_FRAME_CHUNK(2334), attempt: 0
12-07 18:27:26.517  1999  2087 V Robocol : sending CMD_RECEIVE_FRAME_CHUNK(2335), attempt: 0
12-07 18:27:26.523  1999  2087 V Robocol : sending CMD_RECEIVE_FRAME_CHUNK(2336), attempt: 0
12-07 18:27:26.531  1999  2087 V Robocol : sending CMD_RECEIVE_FRAME_CHUNK(2337), attempt: 0
12-07 18:27:26.532  1999  2087 V Robocol : sending CMD_RECEIVE_FRAME_CHUNK(2338), attempt: 0
12-07 18:27:26.533  1999  2087 V Robocol : sending CMD_RECEIVE_FRAME_CHUNK(2339), attempt: 0
12-07 18:27:26.534  1999  2087 V Robocol : sending CMD_RECEIVE_FRAME_CHUNK(2340), attempt: 0
12-07 18:27:26.536  1999  2087 V Robocol : sending CMD_RECEIVE_FRAME_CHUNK(2341), attempt: 0
12-07 18:27:26.548  1999  2087 V Robocol : sending CMD_RECEIVE_FRAME_CHUNK(2342), attempt: 0
12-07 18:27:26.550  1999  2087 V Robocol : sending CMD_RECEIVE_FRAME_CHUNK(2343), attempt: 0
12-07 18:27:26.551  1999  2087 V Robocol : sending CMD_RECEIVE_FRAME_CHUNK(2344), attempt: 0
12-07 18:27:27.645  1999  2083 V Robocol : received command: CMD_INIT_OP_MODE(11611) $Stop$Robot$
12-07 18:27:27.671  1999  2196 I System.out: AprilTag plugin v2.0.0
12-07 18:27:27.683  1999  2196 D AprilTagDetectorJNI: Creating 36h11 tag family
12-07 18:27:27.683  1999  2196 D AprilTagDetectorJNI: Initializing april tag detector
12-07 18:27:28.102  1999  2196 I System.out: OpenCvCameraBase ctor: EasyOpenCV version 1.7.0
12-07 18:27:28.105  1999  2196 W APRILTAG: Did not find AprilTag in init, trying again
12-07 18:27:28.106  1999  2196 I APRILTAG: Estimating robot pose for camera: 817F4E10
12-07 18:27:28.106  1999  2196 I APRILTAG: Switching cameras?
12-07 18:27:28.106  1999  2196 I AprilTag Test: Waiting for camera to start STREAMING before switching cameras
12-07 18:27:28.107  1999  2196 V RobotCore: thread: ...terminating 'OpModeThread'
12-07 18:27:28.108  1999  2196 V ThreadPool: container(0x09e9852d: OpModeExecutor) removed id=159 TID=2196 count=1
12-07 18:27:28.110  1999  2087 V Robocol : sending CMD_STREAM_CHANGE(2382), attempt: 0
12-07 18:27:30.150  1999  2039 V ThreadPool: container(0x0b2ca7ba: default scheduler) added id=170 TID=0 count=19
12-07 18:27:32.521  1999  2010 I art     : Background partial concurrent mark sweep GC freed 32843(1222KB) AllocSpace objects, 66(18MB) LOS objects, 34% free, 30MB/46MB, paused 2.897ms total 245.823ms
12-07 18:27:35.150  1999  2157 V ThreadPool: container(0x0b2ca7ba: default scheduler) added id=171 TID=0 count=20
12-07 18:27:36.980   957  1000 W FtcAccessPointService: MonitoringThread: The RC has not reported itself as alive for more than 10 seconds. Relaunching the RC.
12-07 18:27:36.992  1999  2083 V Robocol : received command: CMD_REQUEST_FRAME(11705) 
12-07 18:27:36.996   433   489 I ActivityManager: Force stopping com.qualcomm.ftcrobotcontroller appid=10037 user=0: from pid 957
12-07 18:27:36.997   433   489 I ActivityManager: Killing 1999:com.qualcomm.ftcrobotcontroller/u0a37 (adj 0): stop com.qualcomm.ftcrobotcontroller
12-07 18:27:36.997   433   489 D ActivityManager: cleanUpApplicationRecord -- 1999
12-07 18:27:36.998   433   489 W ActivityManager: Scheduling restart of crashed service com.qualcomm.ftcrobotcontroller/org.firstinspires.ftc.ftccommon.internal.FtcRobotControllerWatchdogService in 1000ms
12-07 18:27:36.998   433   489 W ActivityManager: Scheduling restart of crashed service com.qualcomm.ftcrobotcontroller/org.firstinspires.ftc.onbotjava.OnBotJavaService in 10999ms
12-07 18:27:36.998   433   489 W ActivityManager: Scheduling restart of crashed service com.qualcomm.ftcrobotcontroller/org.firstinspires.ftc.robotcore.internal.files.MediaTransferProtocolMonitorService in 10999ms
12-07 18:27:36.998   433   493 I libprocessgroup: Killing pid 2028 in uid 10037 as part of process group 1999
12-07 18:27:37.001   433   489 W ActivityManager: Force removing ActivityRecord{783f71c u0 com.qualcomm.ftcrobotcontroller/org.firstinspires.ftc.robotcontroller.internal.FtcRobotControllerActivity t1171}: app died, no saved state
12-07 18:27:37.014   433   489 I ActivityManager:   Force stopping service ServiceRecord{bcfca6f u0 com.qualcomm.ftcrobotcontroller/org.firstinspires.ftc.ftccommon.internal.FtcRobotControllerWatchdogService}
12-07 18:27:37.019   153   153 W SurfaceFlinger: couldn't log to binary event log: overflow.
12-07 18:27:37.025   862   862 I ManiActivity_LEANBACK: onStart
12-07 18:27:37.027   862   862 I LauncherWallpaper: resetBackground
12-07 18:27:37.027   862   862 I LauncherWallpaper: updateChildVisibility
12-07 18:27:37.030   862   862 I ManiActivity_LEANBACK: onResume
12-07 18:27:37.031   862   862 I ManiActivity_LEANBACK: updateNetWorkState->networkState
12-07 18:27:37.034   862   862 I AppsAdapter: sortItemsIfNeeded
12-07 18:27:37.034   862   862 I AppsAdapter: sortItemsIfNeeded
12-07 18:27:37.034   862   862 I AppsAdapter: sortItemsIfNeeded
12-07 18:27:37.034   862   862 I LauncherWallpaper: setShynessMode->shyMode:true
12-07 18:27:37.034   862   862 I LauncherWallpaper: updateChildVisibility
12-07 18:27:37.035   862   862 I LauncherWallpaper: resetBackground
12-07 18:27:37.035   862   862 I LauncherWallpaper: updateChildVisibility
12-07 18:27:37.036   862   862 I ManiActivity_LEANBACK: mIdleListeners.get(i)->className:com.rockchips.android.leanbacklauncher.notifications.NotificationsAdapter
12-07 18:27:37.036   862   862 I ManiActivity_LEANBACK: mIdleListeners.get(i)->className:com.rockchips.android.leanbacklauncher.SearchOrbView
12-07 18:27:37.037   862   862 E LQH     : AppViewFocusAnimator->onFocusChange->v:com.rockchips.android.leanbacklauncher.apps.BannerView{2a6c80f VFE...CL. .F...AID 56,0-244,160 #7f0c016f app:id/app_favorite_banner},hasFocus:true
12-07 18:27:37.066   433  1876 D GraphicsStats: Buffer count: 3
12-07 18:27:37.066   209   209 D RockFFPlayer: reset()***********
12-07 18:27:37.066   209   209 D RockFFPlayerBase: dumpStatus(): Preapared
12-07 18:27:37.066   209   209 D RockFFPlayer: reset(),stop_l
12-07 18:27:37.066   209   209 D RockFFPlayer: stop_l
12-07 18:27:37.066   209   209 D RockFFPlayer: enter enqueueMessage
12-07 18:27:37.066   209   209 D RockFFPlayer: enqueueMessage:****1
12-07 18:27:37.066   209   209 D RockFFPlayer: enqueueMessage:****2
12-07 18:27:37.066   209   209 D RockFFPlayer: enqueueMessage:****3
12-07 18:27:37.066   209   209 D RockFFPlayer: enqueueMessage:Message 1,set signal
12-07 18:27:37.066   209   209 D RockFFPlayer: enqueueMessage:sync wait
12-07 18:27:37.066   433   471 D ConnectivityService: ConnectivityService NetworkRequestInfo binderDied(NetworkRequest [ LISTEN id=16, [ Capabilities: INTERNET&NOT_RESTRICTED&TRUSTED] ], android.os.BinderProxy@4e13b72)
12-07 18:27:37.066   209  2113 D RockFFPlayer: deliverMessage 
12-07 18:27:37.066   209  2113 D RockFFPlayer: run : dequeueMessage Message 4
12-07 18:27:37.066   209  2113 D RockFFPlayer: CMD_STOP
12-07 18:27:37.066   209  2113 D RockFFPlayer: doStop()*****
12-07 18:27:37.066   209  2113 D RockFFPlayerBase: dumpStatus(): Preapared
12-07 18:27:37.066   209  2113 D RockFFPlayerBase: dumpStatus(): Stopped
12-07 18:27:37.066   209  2113 D RockFFPlayer: doRelease()************
12-07 18:27:37.066   209  2113 I FFIDecoder: waiting on end of decoder thread
12-07 18:27:37.066   209  2113 E FFMpegThread: DecoderAudio,wait
12-07 18:27:37.066   209  2113 E RockFFPlayerBase: FFMPlayerBase::flushRenderQueue in
12-07 18:27:37.066   209  2113 E RockFFPlayerBase: FFMPlayerBase::flushRenderQueue out
12-07 18:27:37.066   209  2113 D FFMpegThread: DecoderAudio:~PlayerThread enter mThreadStatus=-1
12-07 18:27:37.066   433  1876 D ConnectivityService: ConnectivityService NetworkRequestInfo binderDied(NetworkRequest [ LISTEN id=15, [ Capabilities: INTERNET&NOT_RESTRICTED&TRUSTED] ], android.os.BinderProxy@2f3bc3)
12-07 18:27:37.066   862   862 I ManiActivity_LEANBACK: addWidget->childCount:2
12-07 18:27:37.067   433   541 D ConnectivityService: releasing NetworkRequest [ LISTEN id=16, [ Capabilities: INTERNET&NOT_RESTRICTED&TRUSTED] ]
12-07 18:27:37.067   433   541 D ConnectivityService: sending notification RELEASED for NetworkRequest [ LISTEN id=16, [ Capabilities: INTERNET&NOT_RESTRICTED&TRUSTED] ]
12-07 18:27:37.068   433   541 E ConnectivityService: RemoteException caught trying to send a callback msg for NetworkRequest [ LISTEN id=16, [ Capabilities: INTERNET&NOT_RESTRICTED&TRUSTED] ]
12-07 18:27:37.068   433   541 D ConnectivityService: releasing NetworkRequest [ LISTEN id=15, [ Capabilities: INTERNET&NOT_RESTRICTED&TRUSTED] ]
12-07 18:27:37.068   209  2114 I RockFFPlayer: readthread end of playing
12-07 18:27:37.069   433   541 D ConnectivityService: sending notification RELEASED for NetworkRequest [ LISTEN id=15, [ Capabilities: INTERNET&NOT_RESTRICTED&TRUSTED] ]
12-07 18:27:37.069   433   541 E ConnectivityService: RemoteException caught trying to send a callback msg for NetworkRequest [ LISTEN id=15, [ Capabilities: INTERNET&NOT_RESTRICTED&TRUSTED] ]
12-07 18:27:37.070   209  2113 D RockFFPlayer: doRelease ok
12-07 18:27:37.070   209  2113 D RockFFPlayer: doStop()*****OK
12-07 18:27:37.070   209  2113 D RockFFPlayer: run : dequeueMessage Message 4 OK
12-07 18:27:37.070   209  2113 D RockFFPlayer: Messagecomplete type [4]
12-07 18:27:37.070   209  2113 D RockFFPlayer: run : Message 4 complete
12-07 18:27:37.070   209   209 D RockFFPlayer: enqueueMessage:sync wait ok
12-07 18:27:37.070   209   209 D RockFFPlayer: doRelease() clearQueue************
12-07 18:27:37.070   209   209 D RockFFPlayer: stop_l:MessageStop down
12-07 18:27:37.070   209   209 D RockFFPlayerBase: dumpStatus(): Stopped
12-07 18:27:37.070   209   209 D RockFFPlayer: stop_l : create CancelThread
12-07 18:27:37.074   209  2213 D RockFFPlayer: CancelThread start
12-07 18:27:37.074   209  2213 E RockFFPlayerBase: closeContext : in
12-07 18:27:37.074   209   209 D RockFFPlayer: stop_l :CancelThread create ok
12-07 18:27:37.074   209   209 D RockFFPlayer: stop_l buffer thread quit
12-07 18:27:37.074   209   209 D RockFFPlayer: enter enqueueMessage
12-07 18:27:37.074   209  2213 E RockFFPlayerBase: closeContext : out
12-07 18:27:37.074   209  2213 D RockFFPlayer: CancelThread end
12-07 18:27:37.074   209   209 D RockFFPlayer: enqueueMessage:****1
12-07 18:27:37.074   209   209 D RockFFPlayer: enqueueMessage:****2
12-07 18:27:37.074   209   209 D RockFFPlayer: enqueueMessage:****3
12-07 18:27:37.074   209  2213 D RockFFPlayer: CancelThread return
12-07 18:27:37.074   209   209 D RockFFPlayer: enqueueMessage:Message 1,set signal
12-07 18:27:37.074   209   209 D RockFFPlayer: enqueueMessage:sync wait
12-07 18:27:37.074   209  2113 D RockFFPlayer: deliverMessage 
12-07 18:27:37.074   209  2113 D RockFFPlayer: run : dequeueMessage Message 11
12-07 18:27:37.074   209  2113 D RockFFPlayer: CMD_RESET
12-07 18:27:37.074   209  2113 D RockFFPlayerBase: dumpStatus(): Idle
12-07 18:27:37.074   209  2113 D RockFFPlayer: doReset ok
12-07 18:27:37.074   209  2113 D RockFFPlayer: run : dequeueMessage Message 11 OK
12-07 18:27:37.074   209  2113 D RockFFPlayer: Messagecomplete type [11]
12-07 18:27:37.074   209  2113 D RockFFPlayer: run : Message 11 complete
12-07 18:27:37.074   209   209 D RockFFPlayer: enqueueMessage:sync wait ok
12-07 18:27:37.074   209   209 D RockFFPlayer: reset(),MessageReset down
12-07 18:27:37.074   209  2113 D RockFFPlayer: signal thread out
12-07 18:27:37.074   209  2113 D RockFFPlayer: sched_thread out
12-07 18:27:37.075   209   209 D RockFFPlayer: stop:wait is ok
12-07 18:27:37.075   862   862 I ClockView: ClockView create
12-07 18:27:37.075   209   209 D RockFFPlayer: stop:ok
12-07 18:27:37.075   209   209 D RockFFPlayer: ~RkMessageQueue
12-07 18:27:37.075   862   862 I ClockView: setTextSize->size:40.0
12-07 18:27:37.075   209   209 E FFPlayer: ~FFPlayer
12-07 18:27:37.075   862   862 I ClockView: setTextSize->size1:40.0
12-07 18:27:37.075   209   209 D RockFFPlayer: reset()***********
12-07 18:27:37.075   209   209 D RockFFPlayerBase: dumpStatus(): Idle
12-07 18:27:37.075   209   209 D RockFFPlayer: CurrentStatus is IDLE,already reset
12-07 18:27:37.075   209   209 D RockFFPlayer: ~FFMPlayer*******
12-07 18:27:37.075   209   209 D RockFFPlayer: reset()***********
12-07 18:27:37.075   209   209 D RockFFPlayerBase: dumpStatus(): Idle
12-07 18:27:37.075   209   209 D RockFFPlayer: CurrentStatus is IDLE,already reset
12-07 18:27:37.075   209   209 D RockFFPlayer: ~FFMPlayer:CancelThread
12-07 18:27:37.075   209   209 D RockFFPlayer: ~FFMediaSource
12-07 18:27:37.075   209   209 D RockFFPlayer: FFMediaSource context null. 
12-07 18:27:37.075   209   209 E TraceThread:     VsyncReciver(tid = 4080367904)--> [UID=777b085d] pthread_join begin-->player = 0xf4cf4000
12-07 18:27:37.084   209   209 E TraceThread:     VsyncReciver(tid = 4080367904)--> [UID=777b085d] pthread_join   end-->player = 0xf4cf4000
12-07 18:27:37.084   209   209 D VsyncReciver: stop_l:vsyncThread down
12-07 18:27:37.084   209   209 E TraceThread:     RockFFPlayer(tid = 4147893556)--> [UID=777b085d] ~FFMPlayer Destruction; object=0xf4cf4000
12-07 18:27:37.084   209   209 D RockFFPlayer: ~FFMPlayer***end
12-07 18:27:37.085   209   209 D RockFFPlayerBase: ~FFMPlayerBase(():mDequeueThread down
12-07 18:27:37.085   209   209 D RockFFPlayerBase: ~RkMessageHandler
12-07 18:27:38.061   957  1000 I FtcAccessPointService: MonitoringThread: Launching RC app
12-07 18:27:38.062   433  1876 I ActivityManager: START u0 {act=android.intent.action.MAIN cat=[android.intent.category.LAUNCHER] flg=0x10000000 pkg=com.qualcomm.ftcrobotcontroller cmp=com.qualcomm.ftcrobotcontroller/org.firstinspires.ftc.robotcontroller.internal.PermissionValidatorWrapper} from uid 10034 on display 0
12-07 18:27:38.073   862   862 I ManiActivity_LEANBACK: onPause
12-07 18:27:38.095   433   470 I ActivityManager: Start proc 2214:com.qualcomm.ftcrobotcontroller/u0a37 for activity com.qualcomm.ftcrobotcontroller/org.firstinspires.ftc.robotcontroller.internal.PermissionValidatorWrapper
12-07 18:27:38.102  2214  2214 I art     : Late-enabling -Xcheck:jni
12-07 18:27:38.261  2214  2214 D Uvc     : [jni.cpp:72] JNI_OnLoad()...
12-07 18:27:38.261  2214  2214 D Uvc     : [JniEnv.h:32] ScopedJniEnv::onJniLoad()...
12-07 18:27:38.261  2214  2214 D Uvc     : [JniEnv.h:32] ...ScopedJniEnv::onJniLoad()
12-07 18:27:38.261  2214  2214 D Uvc     : [jni.cpp:72] ...JNI_OnLoad()
12-07 18:27:38.272  2214  2214 V AppUtil : initializing: getExternalStorageDirectory()=/storage/emulated/0
12-07 18:27:38.285  2214  2214 I AppUtil : found usbFileSystemRoot: /dev/bus/usb
12-07 18:27:38.297  2214  2214 I AppAliveNotifier: Telling the OS to set the RC alive notification timeout to 20 seconds
12-07 18:27:38.304  2214  2230 V RobotCore: saving logcat to /storage/emulated/0/robotControllerLog.txt
12-07 18:27:38.304  2214  2230 V RobotCore: logging command line: exec logcat -f /storage/emulated/0/robotControllerLog.txt -r4096 -n4 -v threadtime UsbRequestJNI:S UsbRequest:S art:W ThreadPool:W System:W ExtendedExtractor:W OMXClient:W MediaPlayer:W dalvikvm:W  *:V
12-07 18:27:38.316   957   957 I FtcAccessPointService: MonitoringThread: Changing rcAliveNotificationTimeoutSeconds from 10 to 20
12-07 18:27:38.317  2214  2214 V AppUtil : rootActivity=PermissionValidatorWrapper
12-07 18:27:38.318  2214  2214 I PermissionValidatorActivity: Lifecycle onCreate : 6d5214a
12-07 18:27:38.370  2214  2230 I RobotCore: Done running ps
12-07 18:27:38.384  2214  2214 I PermissionValidatorActivity: Lifecycle onStart : 6d5214a
12-07 18:27:38.386  2214  2214 I PermissionValidator: Checking permission for android.permission.WRITE_EXTERNAL_STORAGE
12-07 18:27:38.403  2214  2214 I PermissionValidator:     Granted: android.permission.WRITE_EXTERNAL_STORAGE
12-07 18:27:38.403  2214  2214 I PermissionValidator: Checking permission for android.permission.READ_EXTERNAL_STORAGE
12-07 18:27:38.404  2214  2225 I art     : Background sticky concurrent mark sweep GC freed 2566(277KB) AllocSpace objects, 8(656KB) LOS objects, 21% free, 3MB/4MB, paused 8.388ms total 31.935ms
12-07 18:27:38.404  2214  2214 I PermissionValidator:     Granted: android.permission.READ_EXTERNAL_STORAGE
12-07 18:27:38.405  2214  2214 I PermissionValidator: Checking permission for android.permission.CAMERA
12-07 18:27:38.406  2214  2214 I PermissionValidator:     Granted: android.permission.CAMERA
12-07 18:27:38.406  2214  2214 I PermissionValidator: Checking permission for android.permission.ACCESS_COARSE_LOCATION
12-07 18:27:38.407  2214  2214 I PermissionValidator:     Granted: android.permission.ACCESS_COARSE_LOCATION
12-07 18:27:38.407  2214  2214 I PermissionValidator: Checking permission for android.permission.ACCESS_FINE_LOCATION
12-07 18:27:38.408  2214  2214 I PermissionValidator:     Granted: android.permission.ACCESS_FINE_LOCATION
12-07 18:27:38.408  2214  2214 I PermissionValidator: Checking permission for android.permission.READ_PHONE_STATE
12-07 18:27:38.410  2214  2214 I PermissionValidator:     Granted: android.permission.READ_PHONE_STATE
12-07 18:27:38.414  2214  2214 V ServiceStarter: attempting to start service MediaTransferProtocolMonitorService
12-07 18:27:38.418  2214  2214 V ServiceStarter: started service MediaTransferProtocolMonitorService
12-07 18:27:38.420  2214  2214 V ServiceStarter: attempting to start service OnBotJavaService
12-07 18:27:38.423  2214  2214 V ServiceStarter: started service OnBotJavaService
12-07 18:27:38.423  2214  2214 I PermissionValidatorActivity: All permissions validated.  Starting RobotController
12-07 18:27:38.426   433  1876 I ActivityManager: START u0 {cmp=com.qualcomm.ftcrobotcontroller/org.firstinspires.ftc.robotcontroller.internal.FtcRobotControllerActivity} from uid 10037 on display 0
12-07 18:27:38.442  2214  2214 V MTPMonitorService: onCreate()
12-07 18:27:38.443  2214  2214 V MTPMonitorService: onStartCommand() intent=Intent { cmp=com.qualcomm.ftcrobotcontroller/org.firstinspires.ftc.robotcore.internal.files.MediaTransferProtocolMonitorService } flags=0x0 startId=1
12-07 18:27:38.447  2214  2214 V ThreadPool: container(0x04d6ad69: MTPMonitor) added id=46 TID=0 count=1
12-07 18:27:38.448  2214  2214 V MTPMonitor: observing: /storage/emulated/0
12-07 18:27:38.599   862   862 E LQH     : AppViewFocusAnimator->onFocusChange->v:com.rockchips.android.leanbacklauncher.apps.BannerView{2a6c80f VFE...CL. .....AID 56,0-244,160 #7f0c016f app:id/app_favorite_banner},hasFocus:false
12-07 18:27:38.619   153   153 W SurfaceFlinger: couldn't log to binary event log: overflow.
12-07 18:27:38.624  2240  2240 I ps      : type=1400 audit(0.0:295): avc: denied { getattr } for path="/proc/1" dev="proc" ino=1193 scontext=u:r:untrusted_app:s0:c512,c768 tcontext=u:r:init:s0 tclass=dir permissive=1
12-07 18:27:38.624  2240  2240 I ps      : type=1400 audit(0.0:296): avc: denied { search } for name="1" dev="proc" ino=1193 scontext=u:r:untrusted_app:s0:c512,c768 tcontext=u:r:init:s0 tclass=dir permissive=1
12-07 18:27:38.624  2240  2240 I ps      : type=1400 audit(0.0:297): avc: denied { read } for name="cmdline" dev="proc" ino=7969 scontext=u:r:untrusted_app:s0:c512,c768 tcontext=u:r:init:s0 tclass=file permissive=1
12-07 18:27:38.624  2240  2240 I ps      : type=1400 audit(0.0:298): avc: denied { open } for path="/proc/1/cmdline" dev="proc" ino=7969 scontext=u:r:untrusted_app:s0:c512,c768 tcontext=u:r:init:s0 tclass=file permissive=1
12-07 18:27:38.624  2240  2240 I ps      : type=1400 audit(0.0:299): avc: denied { getattr } for path="/proc/2" dev="proc" ino=9430 scontext=u:r:untrusted_app:s0:c512,c768 tcontext=u:r:kernel:s0 tclass=dir permissive=1
12-07 18:27:38.624  2240  2240 I ps      : type=1400 audit(0.0:300): avc: denied { search } for name="2" dev="proc" ino=9430 scontext=u:r:untrusted_app:s0:c512,c768 tcontext=u:r:kernel:s0 tclass=dir permissive=1
12-07 18:27:38.624  2240  2240 I ps      : type=1400 audit(0.0:301): avc: denied { read } for name="cmdline" dev="proc" ino=9530 scontext=u:r:untrusted_app:s0:c512,c768 tcontext=u:r:kernel:s0 tclass=file permissive=1
12-07 18:27:38.624  2240  2240 I ps      : type=1400 audit(0.0:302): avc: denied { open } for path="/proc/2/cmdline" dev="proc" ino=9530 scontext=u:r:untrusted_app:s0:c512,c768 tcontext=u:r:kernel:s0 tclass=file permissive=1
12-07 18:27:38.698  2214  2214 V OnBotJavaService: onCreate()
12-07 18:27:38.699  2214  2214 V OnBotJavaService: onStartCommand() intent=Intent { cmp=com.qualcomm.ftcrobotcontroller/org.firstinspires.ftc.onbotjava.OnBotJavaService } flags=0x0 startId=1
12-07 18:27:38.700  2214  2214 V OnBotJava: OnBotJavaManager::static
12-07 18:27:38.934   433   491 W ActivityManager: Activity pause timeout for ActivityRecord{c9a603b u0 com.qualcomm.ftcrobotcontroller/org.firstinspires.ftc.robotcontroller.internal.PermissionValidatorWrapper t1172 f}
12-07 18:27:39.046   569   569 W asset   : Asset path /data/app/com.qualcomm.ftcrobotcontroller-1/base.apk is neither a directory nor file (type=1).
12-07 18:27:39.047   569   569 E ResourcesManager: failed to add asset path /data/app/com.qualcomm.ftcrobotcontroller-1/base.apk
12-07 18:27:39.047   569   569 W PackageManager: Failure retrieving resources for com.qualcomm.ftcrobotcontroller
12-07 18:27:39.047   569   569 W asset   : Asset path /data/app/com.qualcomm.ftcrobotcontroller-1/base.apk is neither a directory nor file (type=1).
12-07 18:27:39.047   569   569 E ResourcesManager: failed to add asset path /data/app/com.qualcomm.ftcrobotcontroller-1/base.apk
12-07 18:27:39.048   569   569 W PackageManager: Failure retrieving resources for com.qualcomm.ftcrobotcontroller
12-07 18:27:39.048   569   569 W asset   : Asset path /data/app/com.qualcomm.ftcrobotcontroller-1/base.apk is neither a directory nor file (type=1).
12-07 18:27:39.048   569   569 E ResourcesManager: failed to add asset path /data/app/com.qualcomm.ftcrobotcontroller-1/base.apk
12-07 18:27:39.048   569   569 W PackageManager: Failure retrieving resources for com.qualcomm.ftcrobotcontroller
12-07 18:27:39.048   569   569 W asset   : Asset path /data/app/com.qualcomm.ftcrobotcontroller-1/base.apk is neither a directory nor file (type=1).
12-07 18:27:39.049   569   569 E ResourcesManager: failed to add asset path /data/app/com.qualcomm.ftcrobotcontroller-1/base.apk
12-07 18:27:39.049   569   569 W PackageManager: Failure retrieving resources for com.qualcomm.ftcrobotcontroller
12-07 18:27:39.049   569   569 W asset   : Asset path /data/app/com.qualcomm.ftcrobotcontroller-1/base.apk is neither a directory nor file (type=1).
12-07 18:27:39.049   569   569 E ResourcesManager: failed to add asset path /data/app/com.qualcomm.ftcrobotcontroller-1/base.apk
12-07 18:27:39.049   569   569 W PackageManager: Failure retrieving resources for com.qualcomm.ftcrobotcontroller
12-07 18:27:39.199  2214  2214 V OnBotJava: ctor()...
12-07 18:27:39.200  2214  2214 V OnBotJava: ...ctor()
12-07 18:27:39.205  2214  2214 V RCActivity: Permissions validated already
12-07 18:27:39.205  2214  2214 V RCActivity: onCreate()
12-07 18:27:39.207  2214  2214 V RCActivity: rootActivity is of class PermissionValidatorWrapper
12-07 18:27:39.210  2214  2214 V RCActivity: launchActivity is of class class org.firstinspires.ftc.robotcontroller.internal.PermissionValidatorWrapper
12-07 18:27:39.207  2214  2214 I robotcontroller: type=1400 audit(0.0:303): avc: denied { read } for name="direction" dev="sysfs" ino=16823 scontext=u:r:untrusted_app:s0:c512,c768 tcontext=u:object_r:sysfs:s0 tclass=file permissive=1
12-07 18:27:39.207  2214  2214 I robotcontroller: type=1400 audit(0.0:304): avc: denied { open } for path="/sys/devices/pinctrl.26/gpio/gpio50/direction" dev="sysfs" ino=16823 scontext=u:r:untrusted_app:s0:c512,c768 tcontext=u:object_r:sysfs:s0 tclass=file permissive=1
12-07 18:27:39.207  2214  2214 I robotcontroller: type=1400 audit(0.0:305): avc: denied { getattr } for path="/sys/devices/pinctrl.26/gpio/gpio50/direction" dev="sysfs" ino=16823 scontext=u:r:untrusted_app:s0:c512,c768 tcontext=u:object_r:sysfs:s0 tclass=file permissive=1
12-07 18:27:39.219  2214  2214 V ThreadPool: container(0x06834bf3: CallbackLooper) added id=48 TID=0 count=1
12-07 18:27:39.207  2214  2214 I robotcontroller: type=1400 audit(0.0:306): avc: denied { write } for name="value" dev="sysfs" ino=13327 scontext=u:r:untrusted_app:s0:c512,c768 tcontext=u:object_r:sysfs:s0 tclass=file permissive=1
12-07 18:27:39.220  2214  2247 V CallbackLooper: thread=48
12-07 18:27:39.224  2214  2214 V NetDiscover_wifiDirectAgent: doStart()...
12-07 18:27:39.228  2214  2214 V NetDiscover_wifiDirectAgent: ...doStart()
12-07 18:27:39.229  2214  2214 V NetDiscover_prefremrc: ----- all preferences -----
12-07 18:27:39.229  2214  2214 V NetDiscover_prefremrc: name='android.permission.READ_PHONE_STATE' value=false
12-07 18:27:39.229  2214  2214 V NetDiscover_prefremrc: name='pref_autostarted_robot_controller' value=true
12-07 18:27:39.229  2214  2214 V NetDiscover_prefremrc: name='pref_warn_about_obsolete_software' value=true
12-07 18:27:39.230  2214  2214 V NetDiscover_prefremrc: name='pref_ds_version_code' value=38
12-07 18:27:39.230  2214  2214 V NetDiscover_prefremrc: name='pref_has_independent_phone_battery' value=false
12-07 18:27:39.230  2214  2214 V NetDiscover_prefremrc: name='android.permission.CAMERA' value=false
12-07 18:27:39.230  2214  2214 V NetDiscover_prefremrc: name='pref_wifip2p_remote_channel_change_works' value=false
12-07 18:27:39.230  2214  2214 V NetDiscover_prefremrc: name='pref_hardware_config_filename' value={"isDirty":false,"location":"LOCAL_STORAGE","name":"TestRobotDW3Cam New Cam axon","resourceId":0}
12-07 18:27:39.230  2214  2214 V NetDiscover_prefremrc: name='pref_sound_on_off' value=false
12-07 18:27:39.230  2214  2214 V NetDiscover_prefremrc: name='pref_warn_about_mismatched_app_versions' value=true
12-07 18:27:39.230  2214  2214 V NetDiscover_prefremrc: name='pref_ftc_season_year_of_current_rc_new' value=2022
12-07 18:27:39.230  2214  2214 V NetDiscover_prefremrc: name='App Restrictions' value=AAAAAA==
12-07 18:27:39.230  2214  2214 V NetDiscover_prefremrc:     
12-07 18:27:39.231  2214  2214 V NetDiscover_prefremrc: name='pref_warn_about_incorrect_clocks' value=true
12-07 18:27:39.231  2214  2214 V NetDiscover_prefremrc: name='pref_has_speaker' value=false
12-07 18:27:39.231  2214  2214 V NetDiscover_prefremrc: name='android.permission.ACCESS_COARSE_LOCATION' value=false
12-07 18:27:39.231  2214  2214 V NetDiscover_prefremrc: name='pref_ftc_season_year_of_current_rc' value=2021
12-07 18:27:39.231  2214  2214 V NetDiscover_prefremrc: name='android.permission.WRITE_EXTERNAL_STORAGE' value=false
12-07 18:27:39.231  2214  2214 V NetDiscover_prefremrc: name='pref_connection_owner_password' value=password
12-07 18:27:39.231  2214  2214 V NetDiscover_prefremrc: name='pref_pairing_kind' value=RCWIRELESSAP
12-07 18:27:39.232  2214  2214 V NetDiscover_prefremrc: name='android.permission.ACCESS_FINE_LOCATION' value=false
12-07 18:27:39.232  2214  2214 V NetDiscover_prefremrc: name='pref_app_theme' value=red
12-07 18:27:39.232  2214  2214 V NetDiscover_prefremrc: name='pref_device_name_internal' value=FTC-krme
12-07 18:27:39.232  2214  2214 V NetDiscover_prefremrc: name='pref_device_name' value=FTC-krme
12-07 18:27:39.232  2214  2214 V NetDiscover_prefremrc: name='pref_warn_about_2_4_ghz_band' value=true
12-07 18:27:39.232  2214  2214 V NetDiscover_prefremrc: name='android.permission.READ_EXTERNAL_STORAGE' value=false
12-07 18:27:39.233  2214  2214 V NetDiscover_prefremrc: name='pref_device_name_tracking' value=WIFIAP
12-07 18:27:39.233  2214  2214 V NetDiscover_prefremrc: name='pref_rc_connected' value=true
12-07 18:27:39.238  2214  2214 V Robocol : SendOnceRunnable created
12-07 18:27:39.239  2214  2214 V ThreadPool: container(0x0b2ca7ba: default scheduler) added id=50 TID=0 count=1
12-07 18:27:39.240  2214  2214 V NetDiscover_prefremrc: doStart()...
12-07 18:27:39.240  2214  2214 V NetDiscover_prefremrc: ...doStart()
12-07 18:27:39.253  2214  2249 V ThreadPool: container(0x0b2ca7ba: default scheduler) added id=51 TID=0 count=2
12-07 18:27:39.267  2214  2214 W System  : ClassLoader referenced unknown path: /system/app/webview/lib/arm
12-07 18:27:39.268  2214  2214 D ApplicationLoaders: ignored Vulkan layer search path /system/app/webview/lib/arm:/system/app/webview/webview.apk!/lib/armeabi-v7a:/system/lib:/vendor/lib for namespace 0xed1dd090
12-07 18:27:39.272  2214  2214 I WebViewFactory: Loading com.android.webview version 52.0.2743.100 (code 275610050)
12-07 18:27:39.303  2214  2214 I cr_LibraryLoader: Time to load native libraries: 2 ms (timestamps 7896-7898)
12-07 18:27:39.303  2214  2214 I cr_LibraryLoader: Expected native library version number "52.0.2743.100", actual native library version number "52.0.2743.100"
12-07 18:27:39.316  2214  2214 V WebViewChromiumFactoryProvider: Binding Chromium to main looper Looper (main, tid 1) {8a6200c}
12-07 18:27:39.316  2214  2214 I cr_LibraryLoader: Expected native library version number "52.0.2743.100", actual native library version number "52.0.2743.100"
12-07 18:27:39.316  2214  2214 I chromium: [INFO:library_loader_hooks.cc(143)] Chromium logging enabled: level = 0, default verbosity = 0
12-07 18:27:39.334  2214  2214 I cr_BrowserStartup: Initializing chromium process, singleProcess=true
12-07 18:27:39.359  2214  2214 I mali_so : [File] : hardware/rockchip/driver/./src/base/arch/arch_011_udd/base_arch_main.c; [Line] : 565; [Func] : deal_with_version_affairs_rk_ext;
12-07 18:27:39.359  2214  2214 I mali_so : arm_release_ver of this mali_so is 'r7p0-00rel1', rk_so_ver is '1@2' for 3328h_android_7.1, built at '15:47:49', on 'Jun 28 2017'.
12-07 18:27:39.359  2214  2214 I mali_so : [File] : hardware/rockchip/driver/./src/base/arch/arch_011_udd/base_arch_main.c; [Line] : 578; [Func] : deal_with_version_affairs_rk_ext;
12-07 18:27:39.359  2214  2214 I mali_so : mali_ver_property has been set to 'r7p0-00rel1-5-1@2', to return.
12-07 18:27:39.424  2214  2214 I cr_DRP  : No DRP key due to exception:java.lang.ClassNotFoundException: com.android.webview.chromium.Drp
12-07 18:27:39.448   433   470 D ConnectivityService: listenForNetwork for uid/pid:10037/2214 NetworkRequest [ LISTEN id=17, [ Capabilities: INTERNET&NOT_RESTRICTED&TRUSTED] ]
12-07 18:27:39.471  2214  2214 W cr_AwContents: onDetachedFromWindow called when already detached. Ignoring
12-07 18:27:39.771  2214  2214 V OnBotJava: getCurrentOutputDir() unavailable
12-07 18:27:39.772  2214  2214 V OnBotJava: getCurrentOutputDir() unavailable
12-07 18:27:39.772  2214  2214 W System  : ClassLoader referenced unknown path: 
12-07 18:27:40.182  2214  2214 I art     : Rejecting re-init on previously-failed class java.lang.Class<kotlin.io.path.DirectoryEntriesReader>: java.lang.NoClassDefFoundError: Failed resolution of: Ljava/nio/file/SimpleFileVisitor;
12-07 18:27:40.182  2214  2214 I art     :   at java.lang.Class java.lang.VMClassLoader.findLoadedClass!(java.lang.ClassLoader, java.lang.String) (VMClassLoader.java:-2)
12-07 18:27:40.182  2214  2214 I art     :   at java.lang.Class java.lang.ClassLoader.findLoadedClass(java.lang.String) (ClassLoader.java:742)
12-07 18:27:40.182  2214  2214 I art     :   at java.lang.Class java.lang.ClassLoader.loadClass(java.lang.String, boolean) (ClassLoader.java:362)
12-07 18:27:40.182  2214  2214 I art     :   at java.lang.Class java.lang.ClassLoader.loadClass(java.lang.String, boolean) (ClassLoader.java:367)
12-07 18:27:40.182  2214  2214 I art     :   at java.lang.Class java.lang.ClassLoader.loadClass(java.lang.String) (ClassLoader.java:312)
12-07 18:27:40.182  2214  2214 I art     :   at java.lang.Class java.lang.Class.classForName!(java.lang.String, boolean, java.lang.ClassLoader) (Class.java:-2)
12-07 18:27:40.182  2214  2214 I art     :   at java.lang.Class java.lang.Class.forName(java.lang.String, boolean, java.lang.ClassLoader) (Class.java:400)
12-07 18:27:40.182  2214  2214 I art     :   at java.util.List org.firstinspires.ftc.robotcore.internal.opmode.ClassManager.classNamesToClasses(java.util.Collection) (ClassManager.java:229)
12-07 18:27:40.182  2214  2214 I art     :   at void org.firstinspires.ftc.robotcore.internal.opmode.ClassManager.processAllClasses() (ClassManager.java:280)
12-07 18:27:40.182  2214  2214 I art     :   at void com.qualcomm.ftccommon.ClassManagerFactory.processAllClasses() (ClassManagerFactory.java:102)
12-07 18:27:40.182  2214  2214 I art     :   at void org.firstinspires.ftc.robotcontroller.internal.FtcRobotControllerActivity.onCreate(android.os.Bundle) (FtcRobotControllerActivity.java:356)
12-07 18:27:40.182  2214  2214 I art     :   at void android.app.Activity.performCreate(android.os.Bundle) (Activity.java:6709)
12-07 18:27:40.182  2214  2214 I art     :   at void android.app.Instrumentation.callActivityOnCreate(android.app.Activity, android.os.Bundle) (Instrumentation.java:1118)
12-07 18:27:40.182  2214  2214 I art     :   at android.app.Activity android.app.ActivityThread.performLaunchActivity(android.app.ActivityThread$ActivityClientRecord, android.content.Intent) (ActivityThread.java:2619)
12-07 18:27:40.182  2214  2214 I art     :   at void android.app.ActivityThread.handleLaunchActivity(android.app.ActivityThread$ActivityClientRecord, android.content.Intent, java.lang.String) (ActivityThread.java:2727)
12-07 18:27:40.182  2214  2214 I art     :   at void android.app.ActivityThread.-wrap12(android.app.ActivityThread, android.app.ActivityThread$ActivityClientRecord, android.content.Intent, java.lang.String) (ActivityThread.java:-1)
12-07 18:27:40.182  2214  2214 I art     :   at void android.app.ActivityThread$H.handleMessage(android.os.Message) (ActivityThread.java:1478)
12-07 18:27:40.182  2214  2214 I art     :   at void android.os.Handler.dispatchMessage(android.os.Message) (Handler.java:102)
12-07 18:27:40.182  2214  2214 I art     :   at void android.os.Looper.loop() (Looper.java:154)
12-07 18:27:40.182  2214  2214 I art     :   at void android.app.ActivityThread.main(java.lang.String[]) (ActivityThread.java:6121)
12-07 18:27:40.182  2214  2214 I art     :   at java.lang.Object java.lang.reflect.Method.invoke!(java.lang.Object, java.lang.Object[]) (Method.java:-2)
12-07 18:27:40.182  2214  2214 I art     :   at void com.android.internal.os.ZygoteInit$MethodAndArgsCaller.run() (ZygoteInit.java:905)
12-07 18:27:40.182  2214  2214 I art     :   at void com.android.internal.os.ZygoteInit.main(java.lang.String[]) (ZygoteInit.java:795)
12-07 18:27:40.182  2214  2214 I art     : Caused by: java.lang.ClassNotFoundException: Didn't find class "java.nio.file.SimpleFileVisitor" on path: DexPathList[[zip file "/data/app/com.qualcomm.ftcrobotcontroller-2/base.apk"],nativeLibraryDirectories=[/data/app/com.qualcomm.ftcrobotcontroller-2/lib/arm, /data/app/com.qualcomm.ftcrobotcontroller-2/base.apk!/lib/armeabi-v7a, /system/lib, /vendor/lib]]
12-07 18:27:40.182  2214  2214 I art     :   at java.lang.Class dalvik.system.BaseDexClassLoader.findClass(java.lang.String) (BaseDexClassLoader.java:56)
12-07 18:27:40.182  2214  2214 I art     :   at java.lang.Class java.lang.ClassLoader.loadClass(java.lang.String, boolean) (ClassLoader.java:380)
12-07 18:27:40.182  2214  2214 I art     :   at java.lang.Class java.lang.ClassLoader.loadClass(java.lang.String) (ClassLoader.java:312)
12-07 18:27:40.182  2214  2214 I art     :   at java.lang.Class java.lang.VMClassLoader.findLoadedClass!(java.lang.ClassLoader, java.lang.String) (VMClassLoader.java:-2)
12-07 18:27:40.182  2214  2214 I art     :   at java.lang.Class java.lang.ClassLoader.findLoadedClass(java.lang.String) (ClassLoader.java:742)
12-07 18:27:40.182  2214  2214 I art     :   at java.lang.Class java.lang.ClassLoader.loadClass(java.lang.String, boolean) (ClassLoader.java:362)
12-07 18:27:40.182  2214  2214 I art     :   at java.lang.Class java.lang.ClassLoader.loadClass(java.lang.String, boolean) (ClassLoader.java:367)
12-07 18:27:40.182  2214  2214 I art     :   at java.lang.Class java.lang.ClassLoader.loadClass(java.lang.String) (ClassLoader.java:312)
12-07 18:27:40.182  2214  2214 I art     :   at java.lang.Class java.lang.Class.classForName!(java.lang.String, boolean, java.lang.ClassLoader) (Class.java:-2)
12-07 18:27:40.182  2214  2214 I art     :   at java.lang.Class java.lang.Class.forName(java.lang.String, boolean, java.lang.ClassLoader) (Class.java:400)
12-07 18:27:40.182  2214  2214 I art     :   at java.util.List org.firstinspires.ftc.robotcore.internal.opmode.ClassManager.classNamesToClasses(java.util.Collection) (ClassManager.java:229)
12-07 18:27:40.182  2214  2214 I art     :   at void org.firstinspires.ftc.robotcore.internal.opmode.ClassManager.processAllClasses() (ClassManager.java:280)
12-07 18:27:40.182  2214  2214 I art     :   at void com.qualcomm.ftccommon.ClassManagerFactory.processAllClasses() (ClassManagerFactory.java:102)
12-07 18:27:40.182  2214  2214 I art     :   at void org.firstinspires.ftc.robotcontroller.internal.FtcRobotControllerActivity.onCreate(android.os.Bundle) (FtcRobotControllerActivity.java:356)
12-07 18:27:40.182  2214  2214 I art     :   at void android.app.Activity.performCreate(android.os.Bundle) (Activity.java:6709)
12-07 18:27:40.182  2214  2214 I art     :   at void android.app.Instrumentation.callActivityOnCreate(android.app.Activity, android.os.Bundle) (Instrumentation.java:1118)
12-07 18:27:40.182  2214  2214 I art     :   at android.app.Activity android.app.ActivityThread.performLaunchActivity(android.app.ActivityThread$ActivityClientRecord, android.content.Intent) (ActivityThread.java:2619)
12-07 18:27:40.182  2214  2214 I art     :   at void android.app.ActivityThread.handleLaunchActivity(android.app.ActivityThread$ActivityClientRecord, android.content.Intent, java.lang.String) (ActivityThread.java:2727)
12-07 18:27:40.182  2214  2214 I art     :   at void android.app.ActivityThread.-wrap12(android.app.ActivityThread, android.app.ActivityThread$ActivityClientRecord, android.content.Intent, java.lang.String) (ActivityThread.java:-1)
12-07 18:27:40.182  2214  2214 I art     :   at void android.app.ActivityThread$H.handleMessage(android.os.Message) (ActivityThread.java:1478)
12-07 18:27:40.182  2214  2214 I art     :   at void android.os.Handler.dispatchMessage(android.os.Message) (Handler.java:102)
12-07 18:27:40.182  2214  2214 I art     :   at void android.os.Looper.loop() (Looper.java:154)
12-07 18:27:40.182  2214  2214 I art     :   at void android.app.ActivityThread.main(java.lang.String[]) (ActivityThread.java:6121)
12-07 18:27:40.182  2214  2214 I art     :   at java.lang.Object java.lang.reflect.Method.invoke!(java.lang.Object, java.lang.Object[]) (Method.java:-2)
12-07 18:27:40.182  2214  2214 I art     :   at void com.android.internal.os.ZygoteInit$MethodAndArgsCaller.run() (ZygoteInit.java:905)
12-07 18:27:40.182  2214  2214 I art     :   at void com.android.internal.os.ZygoteInit.main(java.lang.String[]) (ZygoteInit.java:795)
12-07 18:27:40.182  2214  2214 I art     : 
12-07 18:27:40.183  2214  2214 W ClassManager: kotlin.io.path.DirectoryEntriesReader java.lang.ClassNotFoundException: kotlin.io.path.DirectoryEntriesReader
12-07 18:27:40.189  2214  2214 E ClassManager: java.lang.ClassNotFoundException: kotlin.io.path.DirectoryEntriesReader
12-07 18:27:40.191  2214  2214 E ClassManager: 	at java.lang.Class.classForName(Native Method)
12-07 18:27:40.193  2214  2214 E ClassManager: 	at java.lang.Class.forName(Class.java:400)
12-07 18:27:40.198  2214  2214 E ClassManager: 	at org.firstinspires.ftc.robotcore.internal.opmode.ClassManager.classNamesToClasses(ClassManager.java:229)
12-07 18:27:40.199  2214  2214 E ClassManager: 	at org.firstinspires.ftc.robotcore.internal.opmode.ClassManager.processAllClasses(ClassManager.java:280)
12-07 18:27:40.200  2214  2214 E ClassManager: 	at com.qualcomm.ftccommon.ClassManagerFactory.processAllClasses(ClassManagerFactory.java:102)
12-07 18:27:40.201  2214  2214 E ClassManager: 	at org.firstinspires.ftc.robotcontroller.internal.FtcRobotControllerActivity.onCreate(FtcRobotControllerActivity.java:356)
12-07 18:27:40.202  2214  2214 E ClassManager: 	at android.app.Activity.performCreate(Activity.java:6709)
12-07 18:27:40.202  2214  2214 E ClassManager: 	at android.app.Instrumentation.callActivityOnCreate(Instrumentation.java:1118)
12-07 18:27:40.203  2214  2214 E ClassManager: 	at android.app.ActivityThread.performLaunchActivity(ActivityThread.java:2619)
12-07 18:27:40.203  2214  2214 E ClassManager: 	at android.app.ActivityThread.handleLaunchActivity(ActivityThread.java:2727)
12-07 18:27:40.203  2214  2214 E ClassManager: 	at android.app.ActivityThread.-wrap12(ActivityThread.java)
12-07 18:27:40.204  2214  2214 E ClassManager: 	at android.app.ActivityThread$H.handleMessage(ActivityThread.java:1478)
12-07 18:27:40.205  2214  2214 E ClassManager: 	at android.os.Handler.dispatchMessage(Handler.java:102)
12-07 18:27:40.205  2214  2214 E ClassManager: 	at android.os.Looper.loop(Looper.java:154)
12-07 18:27:40.206  2214  2214 E ClassManager: 	at android.app.ActivityThread.main(ActivityThread.java:6121)
12-07 18:27:40.206  2214  2214 E ClassManager: 	at java.lang.reflect.Method.invoke(Native Method)
12-07 18:27:40.207  2214  2214 E ClassManager: 	at com.android.internal.os.ZygoteInit$MethodAndArgsCaller.run(ZygoteInit.java:905)
12-07 18:27:40.207  2214  2214 E ClassManager: 	at com.android.internal.os.ZygoteInit.main(ZygoteInit.java:795)
12-07 18:27:40.209  2214  2214 E ClassManager: Caused by: java.lang.ClassNotFoundException: Didn't find class "kotlin.io.path.DirectoryEntriesReader" on path: DexPathList[[],nativeLibraryDirectories=[/system/lib, /vendor/lib]]
12-07 18:27:40.210  2214  2214 E ClassManager: 	at dalvik.system.BaseDexClassLoader.findClass(BaseDexClassLoader.java:56)
12-07 18:27:40.210  2214  2214 E ClassManager: 	at java.lang.ClassLoader.loadClass(ClassLoader.java:380)
12-07 18:27:40.211  2214  2214 E ClassManager: 	at java.lang.ClassLoader.loadClass(ClassLoader.java:312)
12-07 18:27:40.212  2214  2214 E ClassManager: 	... 18 more
12-07 18:27:40.215  2214  2214 I art     : Rejecting re-init on previously-failed class java.lang.Class<kotlin.io.path.FileVisitorImpl>: java.lang.NoClassDefFoundError: Failed resolution of: Ljava/nio/file/SimpleFileVisitor;
12-07 18:27:40.215  2214  2214 I art     :   at java.lang.Class java.lang.VMClassLoader.findLoadedClass!(java.lang.ClassLoader, java.lang.String) (VMClassLoader.java:-2)
12-07 18:27:40.215  2214  2214 I art     :   at java.lang.Class java.lang.ClassLoader.findLoadedClass(java.lang.String) (ClassLoader.java:742)
12-07 18:27:40.215  2214  2214 I art     :   at java.lang.Class java.lang.ClassLoader.loadClass(java.lang.String, boolean) (ClassLoader.java:362)
12-07 18:27:40.215  2214  2214 I art     :   at java.lang.Class java.lang.ClassLoader.loadClass(java.lang.String, boolean) (ClassLoader.java:367)
12-07 18:27:40.215  2214  2214 I art     :   at java.lang.Class java.lang.ClassLoader.loadClass(java.lang.String) (ClassLoader.java:312)
12-07 18:27:40.215  2214  2214 I art     :   at java.lang.Class java.lang.Class.classForName!(java.lang.String, boolean, java.lang.ClassLoader) (Class.java:-2)
12-07 18:27:40.215  2214  2214 I art     :   at java.lang.Class java.lang.Class.forName(java.lang.String, boolean, java.lang.ClassLoader) (Class.java:400)
12-07 18:27:40.215  2214  2214 I art     :   at java.util.List org.firstinspires.ftc.robotcore.internal.opmode.ClassManager.classNamesToClasses(java.util.Collection) (ClassManager.java:229)
12-07 18:27:40.215  2214  2214 I art     :   at void org.firstinspires.ftc.robotcore.internal.opmode.ClassManager.processAllClasses() (ClassManager.java:280)
12-07 18:27:40.215  2214  2214 I art     :   at void com.qualcomm.ftccommon.ClassManagerFactory.processAllClasses() (ClassManagerFactory.java:102)
12-07 18:27:40.215  2214  2214 I art     :   at void org.firstinspires.ftc.robotcontroller.internal.FtcRobotControllerActivity.onCreate(android.os.Bundle) (FtcRobotControllerActivity.java:356)
12-07 18:27:40.215  2214  2214 I art     :   at void android.app.Activity.performCreate(android.os.Bundle) (Activity.java:6709)
12-07 18:27:40.215  2214  2214 I art     :   at void android.app.Instrumentation.callActivityOnCreate(android.app.Activity, android.os.Bundle) (Instrumentation.java:1118)
12-07 18:27:40.215  2214  2214 I art     :   at android.app.Activity android.app.ActivityThread.performLaunchActivity(android.app.ActivityThread$ActivityClientRecord, android.content.Intent) (ActivityThread.java:2619)
12-07 18:27:40.215  2214  2214 I art     :   at void android.app.ActivityThread.handleLaunchActivity(android.app.ActivityThread$ActivityClientRecord, android.content.Intent, java.lang.String) (ActivityThread.java:2727)
12-07 18:27:40.215  2214  2214 I art     :   at void android.app.ActivityThread.-wrap12(android.app.ActivityThread, android.app.ActivityThread$ActivityClientRecord, android.content.Intent, java.lang.String) (ActivityThread.java:-1)
12-07 18:27:40.215  2214  2214 I art     :   at void android.app.ActivityThread$H.handleMessage(android.os.Message) (ActivityThread.java:1478)
12-07 18:27:40.215  2214  2214 I art     :   at void android.os.Handler.dispatchMessage(android.os.Message) (Handler.java:102)
12-07 18:27:40.215  2214  2214 I art     :   at void android.os.Looper.loop() (Looper.java:154)
12-07 18:27:40.215  2214  2214 I art     :   at void android.app.ActivityThread.main(java.lang.String[]) (ActivityThread.java:6121)
12-07 18:27:40.215  2214  2214 I art     :   at java.lang.Object java.lang.reflect.Method.invoke!(java.lang.Object, java.lang.Object[]) (Method.java:-2)
12-07 18:27:40.215  2214  2214 I art     :   at void com.android.internal.os.ZygoteInit$MethodAndArgsCaller.run() (ZygoteInit.java:905)
12-07 18:27:40.215  2214  2214 I art     :   at void com.android.internal.os.ZygoteInit.main(java.lang.String[]) (ZygoteInit.java:795)
12-07 18:27:40.215  2214  2214 I art     : Caused by: java.lang.ClassNotFoundException: Didn't find class "java.nio.file.SimpleFileVisitor" on path: DexPathList[[zip file "/data/app/com.qualcomm.ftcrobotcontroller-2/base.apk"],nativeLibraryDirectories=[/data/app/com.qualcomm.ftcrobotcontroller-2/lib/arm, /data/app/com.qualcomm.ftcrobotcontroller-2/base.apk!/lib/armeabi-v7a, /system/lib, /vendor/lib]]
12-07 18:27:40.215  2214  2214 I art     :   at java.lang.Class dalvik.system.BaseDexClassLoader.findClass(java.lang.String) (BaseDexClassLoader.java:56)
12-07 18:27:40.215  2214  2214 I art     :   at java.lang.Class java.lang.ClassLoader.loadClass(java.lang.String, boolean) (ClassLoader.java:380)
12-07 18:27:40.215  2214  2214 I art     :   at java.lang.Class java.lang.ClassLoader.loadClass(java.lang.String) (ClassLoader.java:312)
12-07 18:27:40.215  2214  2214 I art     :   at java.lang.Class java.lang.VMClassLoader.findLoadedClass!(java.lang.ClassLoader, java.lang.String) (VMClassLoader.java:-2)
12-07 18:27:40.215  2214  2214 I art     :   at java.lang.Class java.lang.ClassLoader.findLoadedClass(java.lang.String) (ClassLoader.java:742)
12-07 18:27:40.215  2214  2214 I art     :   at java.lang.Class java.lang.ClassLoader.loadClass(java.lang.String, boolean) (ClassLoader.java:362)
12-07 18:27:40.215  2214  2214 I art     :   at java.lang.Class java.lang.ClassLoader.loadClass(java.lang.String, boolean) (ClassLoader.java:367)
12-07 18:27:40.215  2214  2214 I art     :   at java.lang.Class java.lang.ClassLoader.loadClass(java.lang.String) (ClassLoader.java:312)
12-07 18:27:40.215  2214  2214 I art     :   at java.lang.Class java.lang.Class.classForName!(java.lang.String, boolean, java.lang.ClassLoader) (Class.java:-2)
