12-31 19:00:11.843   433   433 D ConditionProviders.SCP: onSubscribe condition://android/schedule?days=1.2.3.4.5&start=22.0&end=7.0&exitAtAlarm=false
12-31 19:00:11.845   433   433 D ConditionProviders.SCP: notifyCondition condition://android/schedule?days=6.7&start=23.30&end=10.0&exitAtAlarm=false STATE_FALSE reason=!meetsSchedule
12-31 19:00:11.845   433   491 D NetworkManagement: enabling bandwidth control
12-31 19:00:11.845   433   433 D ConditionProviders.SCP: notifyCondition condition://android/schedule?days=1.2.3.4.5&start=22.0&end=7.0&exitAtAlarm=false STATE_FALSE reason=!meetsSchedule
12-31 19:00:11.846   433   433 D ConditionProviders.SCP: Scheduling evaluate for Wed Dec 31 22:00:00 EST 1969 (10800000), in +2h59m48s156ms, now=Wed Dec 31 19:00:11 EST 1969 (11844)
12-31 19:00:11.847   433   433 W ContextImpl: Calling a method in the system process without a qualified user: android.app.ContextImpl.startService:1357 com.android.server.content.SyncManager$13.run:658 android.os.Handler.handleCallback:755 android.os.Handler.dispatchMessage:95 android.os.Looper.loop:154 
12-31 19:00:11.858   433   490 I SyncManager: Got SyncJobService instance.
12-31 19:00:11.861   569   569 D lvjinhua:  Failed while trying resolve alarm filter file, not exists
12-31 19:00:11.912   569   569 V FingerprintManager: FingerprintManagerService was null
12-31 19:00:11.928   433   492 W WindowManager: Keyguard drawn timeout. Setting mKeyguardDrawComplete
12-31 19:00:12.102   433   615 D UsbHostManager: Added device UsbDevice[mName=/dev/bus/usb/001/005,mVendorId=1133,mProductId=2085,mClass=239,mSubclass=2,mProtocol=1,mManufacturerName=null,mProductName=null,mVersion=2.0,mSerialNumber=817F4E10,mConfigurations=[
12-31 19:00:12.102   433   615 D UsbHostManager: UsbConfiguration[mId=1,mName=null,mAttributes=128,mMaxPower=250,mInterfaces=[
12-31 19:00:12.102   433   615 D UsbHostManager: UsbInterface[mId=0,mAlternateSetting=0,mName=null,mClass=14,mSubclass=1,mProtocol=0,mEndpoints=[
12-31 19:00:12.102   433   615 D UsbHostManager: UsbEndpoint[mAddress=135,mAttributes=3,mMaxPacketSize=16,mInterval=8]]
12-31 19:00:12.102   433   615 D UsbHostManager: UsbInterface[mId=1,mAlternateSetting=0,mName=null,mClass=14,mSubclass=2,mProtocol=0,mEndpoints=[]
12-31 19:00:12.102   433   615 D UsbHostManager: UsbInterface[mId=1,mAlternateSetting=1,mName=null,mClass=14,mSubclass=2,mProtocol=0,mEndpoints=[
12-31 19:00:12.102   433   615 D UsbHostManager: UsbEndpoint[mAddress=129,mAttributes=5,mMaxPacketSize=192,mInterval=1]]
12-31 19:00:12.102   433   615 D UsbHostManager: UsbInterface[mId=1,mAlternateSetting=2,mName=null,mClass=14,mSubclass=2,mProtocol=0,mEndpoints=[
12-31 19:00:12.102   433   615 D UsbHostManager: UsbEndpoint[mAddress=129,mAttributes=5,mMaxPacketSize=384,mInterval=1]]
12-31 19:00:12.102   433   615 D UsbHostManager: UsbInterface[mId=1,mAlternateSetting=3,mName=null,mClass=14,mSubclass=2,mProtocol=0,mEndpoints=[
12-31 19:00:12.102   433   615 D UsbHostManager: UsbEndpoint[mAddress=129,mAttributes=5,mMaxPacketSize=512,mInterval=1]]
12-31 19:00:12.102   433   615 D UsbHostManager: UsbInterface[mId=1,mAlternateSetting=4,mName=null,mClass=14,mSubclass=2,mProtocol=0,mEndpoints=[
12-31 19:00:12.102   433   615 D UsbHostManager: UsbEndpoint[mAddress=129,mAttributes=5,mMaxPacketSize=640,mInterval=1]]
12-31 19:00:12.102   433   615 D UsbHostManager: UsbInterface[mId=1,mAlternateSetting=5,mName=null,mClass=14,mSubclass=2,mProtocol=0,mEndpoints=[
12-31 19:00:12.102   433   615 D UsbHostManager: UsbEndpoint[mAddress=129,mAttributes=5,mMaxPacketSize=800,mInterval=1]]
12-31 19:00:12.102   433   615 D UsbHostManager: UsbInterface[mId=1,mAlternateSetting=6,mName=null,mClass=14,mSubclass=2,mProtocol=0,mEndpoints=[
12-31 19:00:12.102   433   615 D UsbHostManager: UsbEndpoint[mAddress=129,mAttributes=5,mMaxPacketSize=944,mInterval=1]]
12-31 19:00:12.102   433   615 D UsbHostManager: UsbInterface[mId=1,mAlternateSetting=7,mName=null,mClass=14,mSubclass=2,mProtocol=0,mEndpoints=[
12-31 19:00:12.102   433   615 D UsbHostManager: UsbEndpoint[mAddress=129,mAttributes=5,mMaxPacketSize=2688,mInterval=1]]
12-31 19:00:12.102   433   615 D UsbHostManager: UsbInterface[mId=1,mAlternateSetting=8,mName=null,mClass=14,mSubclass=2,mProtocol=0,mEndpoints=[
12-31 19:00:12.102   433   615 D UsbHostManager: UsbEndpoint[mAddress=129,mAttributes=5,mMaxPacketSize=2848,mInterval=1]]
12-31 19:00:12.102   433   615 D UsbHostManager: UsbInterface[mId=1,mAlternateSetting=9,mName=null,mClass=14,mSubclass=2,mProtocol=0,mEndpoints=[
12-31 19:00:12.102   433   615 D UsbHostManager: UsbEndpoint[mAddress=129,mAttributes=5,mMaxPacketSize=3040,mInterval=1]]
12-31 19:00:12.102   433   615 D UsbHostManager: UsbInterface[mId=1,mAlternateSetting=10,mName=null,mClass=14,mSubclass=2,mProtocol=0,mEndpoints=[
12-31 19:00:12.102   433   615 D UsbHostManager: UsbEndpoint[mAddress=129,mAttributes=5,mMaxPacketSize=4992,mInterval=1]]
12-31 19:00:12.102   433   615 D UsbHostManager: UsbInterface[mId=1,mAlternateSetting=11,mName=null,mClass=14,mSubclass=2,mProtocol=0,mEndpoints=[
12-31 19:00:12.102   433   615 D UsbHostManager: UsbEndpoint[mAddress=129,mAttributes=5,mMaxPacketSize=5116,mInterval=1]]
12-31 19:00:12.102   433   615 D UsbHostManager: UsbInterface[mId=2,mAlternateSetting=0,mName=null,mClass=1,mSubclass=1,mProtocol=0,mEndpoints=[]
12-31 19:00:12.102   433   615 D UsbHostManager: UsbInterface[mId=3,mAlternateSetting=0,mName=null,mClass=1,mSubclass=2,mProtocol=0,mEndpoints=[]
12-31 19:00:12.102   433   615 D UsbHostManager: UsbInterface[mId=3,mAlternateSetting=1,mName=null,mClass=1,mSubclass=2,mProtocol=0,mEndpoints=[
12-31 19:00:12.102   433   615 D UsbHostManager: UsbEndpoint[mAddress=134,mAttributes=5,mMaxPacketSize=68,mInterval=4]]
12-31 19:00:12.102   433   615 D UsbHostManager: UsbInterface[mId=3,mAlternateSetting=2,mName=null,mClass=1,mSubclass=2,mProtocol=0,mEndpoints=[
12-31 19:00:12.102   433   615 D UsbHostManager: UsbEndpoint[mAddress=134,mAttributes=5,mMaxPacketSize=100,mInterval=4]]
12-31 19:00:12.102   433   615 D UsbHostManager: UsbInterface[mId=3,mAlternateSetting=3,mName=null,mClass=1,mSubclass=2,mProtocol=0,mEndpoints=[
12-31 19:00:12.102   433   615 D UsbHostManager: UsbEndpoint[mAddress=134,mAttributes=5,mMaxPacketSize=132,mInterval=4]]
12-31 19:00:12.102   433   615 D UsbHostManager: UsbInterface[mId=3,mAlternateSetting=4,mName=null,mClass=1,mSubclass=2,mProtocol=0,mEndpoints=[
12-31 19:00:12.102   433   615 D UsbHostManager: UsbEndpoint[mAddress=134,mAttributes=5,mMaxPacketSize=196,mInterval=4]]]]
12-31 19:00:12.102   433   615 W ContextImpl: Calling a method in the system process without a qualified user: android.app.ContextImpl.sendBroadcast:877 com.android.server.usb.UsbSettingsManager.deviceAttached:739 com.android.server.usb.UsbHostManager.endUsbDeviceAdded:225 com.android.server.usb.UsbHostManager.monitorUsbHostBus:-2 com.android.server.usb.UsbHostManager.-wrap0:-1 
12-31 19:00:12.106   433   615 I UsbAlsaManager: USB Audio Device Added: UsbAudioDevice: [card: 3, device: 0, name: USB-Audio - HD Pro Webcam C920, hasPlayback: false, hasCapture: true, class: 0x80000002]
12-31 19:00:12.112   433   615 D UsbHostManager: Added device UsbDevice[mName=/dev/bus/usb/001/004,mVendorId=1133,mProductId=2085,mClass=239,mSubclass=2,mProtocol=1,mManufacturerName=null,mProductName=null,mVersion=2.0,mSerialNumber=DEDB4130,mConfigurations=[
12-31 19:00:12.112   433   615 D UsbHostManager: UsbConfiguration[mId=1,mName=null,mAttributes=128,mMaxPower=250,mInterfaces=[
12-31 19:00:12.112   433   615 D UsbHostManager: UsbInterface[mId=0,mAlternateSetting=0,mName=null,mClass=14,mSubclass=1,mProtocol=0,mEndpoints=[
12-31 19:00:12.112   433   615 D UsbHostManager: UsbEndpoint[mAddress=135,mAttributes=3,mMaxPacketSize=16,mInterval=8]]
12-31 19:00:12.112   433   615 D UsbHostManager: UsbInterface[mId=1,mAlternateSetting=0,mName=null,mClass=14,mSubclass=2,mProtocol=0,mEndpoints=[]
12-31 19:00:12.112   433   615 D UsbHostManager: UsbInterface[mId=1,mAlternateSetting=1,mName=null,mClass=14,mSubclass=2,mProtocol=0,mEndpoints=[
12-31 19:00:12.112   433   615 D UsbHostManager: UsbEndpoint[mAddress=129,mAttributes=5,mMaxPacketSize=192,mInterval=1]]
12-31 19:00:12.112   433   615 D UsbHostManager: UsbInterface[mId=1,mAlternateSetting=2,mName=null,mClass=14,mSubclass=2,mProtocol=0,mEndpoints=[
12-31 19:00:12.112   433   615 D UsbHostManager: UsbEndpoint[mAddress=129,mAttributes=5,mMaxPacketSize=384,mInterval=1]]
12-31 19:00:12.112   433   615 D UsbHostManager: UsbInterface[mId=1,mAlternateSetting=3,mName=null,mClass=14,mSubclass=2,mProtocol=0,mEndpoints=[
12-31 19:00:12.112   433   615 D UsbHostManager: UsbEndpoint[mAddress=129,mAttributes=5,mMaxPacketSize=512,mInterval=1]]
12-31 19:00:12.112   433   615 D UsbHostManager: UsbInterface[mId=1,mAlternateSetting=4,mName=null,mClass=14,mSubclass=2,mProtocol=0,mEndpoints=[
12-31 19:00:12.112   433   615 D UsbHostManager: UsbEndpoint[mAddress=129,mAttributes=5,mMaxPacketSize=640,mInterval=1]]
12-31 19:00:12.112   433   615 D UsbHostManager: UsbInterface[mId=1,mAlternateSetting=5,mName=null,mClass=14,mSubclass=2,mProtocol=0,mEndpoints=[
12-31 19:00:12.112   433   615 D UsbHostManager: UsbEndpoint[mAddress=129,mAttributes=5,mMaxPacketSize=800,mInterval=1]]
12-31 19:00:12.112   433   615 D UsbHostManager: UsbInterface[mId=1,mAlternateSetting=6,mName=null,mClass=14,mSubclass=2,mProtocol=0,mEndpoints=[
12-31 19:00:12.112   433   615 D UsbHostManager: UsbEndpoint[mAddress=129,mAttributes=5,mMaxPacketSize=944,mInterval=1]]
12-31 19:00:12.112   433   615 D UsbHostManager: UsbInterface[mId=1,mAlternateSetting=7,mName=null,mClass=14,mSubclass=2,mProtocol=0,mEndpoints=[
12-31 19:00:12.112   433   615 D UsbHostManager: UsbEndpoint[mAddress=129,mAttributes=5,mMaxPacketSize=2688,mInterval=1]]
12-31 19:00:12.112   433   615 D UsbHostManager: UsbInterface[mId=1,mAlternateSetting=8,mName=null,mClass=14,mSubclass=2,mProtocol=0,mEndpoints=[
12-31 19:00:12.112   433   615 D UsbHostManager: UsbEndpoint[mAddress=129,mAttributes=5,mMaxPacketSize=2848,mInterval=1]]
12-31 19:00:12.112   433   615 D UsbHostManager: UsbInterface[mId=1,mAlternateSetting=9,mName=null,mClass=14,mSubclass=2,mProtocol=0,mEndpoints=[
12-31 19:00:12.112   433   615 D UsbHostManager: UsbEndpoint[mAddress=129,mAttributes=5,mMaxPacketSize=3040,mInterval=1]]
12-31 19:00:12.112   433   615 D UsbHostManager: UsbInterface[mId=1,mAlternateSetting=10,mName=null,mClass=14,mSubclass=2,mProtocol=0,mEndpoints=[
12-31 19:00:12.112   433   615 D UsbHostManager: UsbEndpoint[mAddress=129,mAttributes=5,mMaxPacketSize=4992,mInterval=1]]
12-31 19:00:12.112   433   615 D UsbHostManager: UsbInterface[mId=1,mAlternateSetting=11,mName=null,mClass=14,mSubclass=2,mProtocol=0,mEndpoints=[
12-31 19:00:12.112   433   615 D UsbHostManager: UsbEndpoint[mAddress=129,mAttributes=5,mMaxPacketSize=5116,mInterval=1]]
12-31 19:00:12.112   433   615 D UsbHostManager: UsbInterface[mId=2,mAlternateSetting=0,mName=null,mClass=1,mSubclass=1,mProtocol=0,mEndpoints=[]
12-31 19:00:12.112   433   615 D UsbHostManager: UsbInterface[mId=3,mAlternateSetting=0,mName=null,mClass=1,mSubclass=2,mProtocol=0,mEndpoints=[]
12-31 19:00:12.112   433   615 D UsbHostManager: UsbInterface[mId=3,mAlternateSetting=1,mName=null,mClass=1,mSubclass=2,mProtocol=0,mEndpoints=[
12-31 19:00:12.112   433   615 D UsbHostManager: UsbEndpoint[mAddress=134,mAttributes=5,mMaxPacketSize=68,mInterval=4]]
12-31 19:00:12.112   433   615 D UsbHostManager: UsbInterface[mId=3,mAlternateSetting=2,mName=null,mClass=1,mSubclass=2,mProtocol=0,mEndpoints=[
12-31 19:00:12.112   433   615 D UsbHostManager: UsbEndpoint[mAddress=134,mAttributes=5,mMaxPacketSize=100,mInterval=4]]
12-31 19:00:12.112   433   615 D UsbHostManager: UsbInterface[mId=3,mAlternateSetting=3,mName=null,mClass=1,mSubclass=2,mProtocol=0,mEndpoints=[
12-31 19:00:12.112   433   615 D UsbHostManager: UsbEndpoint[mAddress=134,mAttributes=5,mMaxPacketSize=132,mInterval=4]]
12-31 19:00:12.112   433   615 D UsbHostManager: UsbInterface[mId=3,mAlternateSetting=4,mName=null,mClass=1,mSubclass=2,mProtocol=0,mEndpoints=[
12-31 19:00:12.112   433   615 D UsbHostManager: UsbEndpoint[mAddress=134,mAttributes=5,mMaxPacketSize=196,mInterval=4]]]]
12-31 19:00:12.113   433   615 W ContextImpl: Calling a method in the system process without a qualified user: android.app.ContextImpl.sendBroadcast:877 com.android.server.usb.UsbSettingsManager.deviceAttached:739 com.android.server.usb.UsbHostManager.endUsbDeviceAdded:225 com.android.server.usb.UsbHostManager.monitorUsbHostBus:-2 com.android.server.usb.UsbHostManager.-wrap0:-1 
12-31 19:00:12.116   433   615 I UsbAlsaManager: USB Audio Device Added: UsbAudioDevice: [card: 3, device: 0, name: USB-Audio - HD Pro Webcam C920, hasPlayback: false, hasCapture: true, class: 0x80000002]
12-31 19:00:12.117   433   615 D UsbHostManager: Added device UsbDevice[mName=/dev/bus/usb/001/003,mVendorId=1133,mProductId=2277,mClass=239,mSubclass=2,mProtocol=1,mManufacturerName=null,mProductName=HD Pro Webcam C920,mVersion=2.0,mSerialNumber=DA2FA22F,mConfigurations=[
12-31 19:00:12.117   433   615 D UsbHostManager: UsbConfiguration[mId=1,mName=null,mAttributes=128,mMaxPower=250,mInterfaces=[
12-31 19:00:12.117   433   615 D UsbHostManager: UsbInterface[mId=0,mAlternateSetting=0,mName=null,mClass=14,mSubclass=1,mProtocol=0,mEndpoints=[
12-31 19:00:12.117   433   615 D UsbHostManager: UsbEndpoint[mAddress=134,mAttributes=3,mMaxPacketSize=64,mInterval=8]]
12-31 19:00:12.117   433   615 D UsbHostManager: UsbInterface[mId=1,mAlternateSetting=0,mName=null,mClass=14,mSubclass=2,mProtocol=0,mEndpoints=[]
12-31 19:00:12.117   433   615 D UsbHostManager: UsbInterface[mId=1,mAlternateSetting=1,mName=null,mClass=14,mSubclass=2,mProtocol=0,mEndpoints=[
12-31 19:00:12.117   433   615 D UsbHostManager: UsbEndpoint[mAddress=129,mAttributes=5,mMaxPacketSize=192,mInterval=1]]
12-31 19:00:12.117   433   615 D UsbHostManager: UsbInterface[mId=1,mAlternateSetting=2,mName=null,mClass=14,mSubclass=2,mProtocol=0,mEndpoints=[
12-31 19:00:12.117   433   615 D UsbHostManager: UsbEndpoint[mAddress=129,mAttributes=5,mMaxPacketSize=384,mInterval=1]]
12-31 19:00:12.117   433   615 D UsbHostManager: UsbInterface[mId=1,mAlternateSetting=3,mName=null,mClass=14,mSubclass=2,mProtocol=0,mEndpoints=[
12-31 19:00:12.117   433   615 D UsbHostManager: UsbEndpoint[mAddress=129,mAttributes=5,mMaxPacketSize=512,mInterval=1]]
12-31 19:00:12.117   433   615 D UsbHostManager: UsbInterface[mId=1,mAlternateSetting=4,mName=null,mClass=14,mSubclass=2,mProtocol=0,mEndpoints=[
12-31 19:00:12.117   433   615 D UsbHostManager: UsbEndpoint[mAddress=129,mAttributes=5,mMaxPacketSize=640,mInterval=1]]
12-31 19:00:12.117   433   615 D UsbHostManager: UsbInterface[mId=1,mAlternateSetting=5,mName=null,mClass=14,mSubclass=2,mProtocol=0,mEndpoints=[
12-31 19:00:12.117   433   615 D UsbHostManager: UsbEndpoint[mAddress=129,mAttributes=5,mMaxPacketSize=800,mInterval=1]]
12-31 19:00:12.117   433   615 D UsbHostManager: UsbInterface[mId=1,mAlternateSetting=6,mName=null,mClass=14,mSubclass=2,mProtocol=0,mEndpoints=[
12-31 19:00:12.117   433   615 D UsbHostManager: UsbEndpoint[mAddress=129,mAttributes=5,mMaxPacketSize=944,mInterval=1]]
12-31 19:00:12.117   433   615 D UsbHostManager: UsbInterface[mId=1,mAlternateSetting=7,mName=null,mClass=14,mSubclass=2,mProtocol=0,mEndpoints=[
12-31 19:00:12.117   433   615 D UsbHostManager: UsbEndpoint[mAddress=129,mAttributes=5,mMaxPacketSize=2688,mInterval=1]]
12-31 19:00:12.117   433   615 D UsbHostManager: UsbInterface[mId=1,mAlternateSetting=8,mName=null,mClass=14,mSubclass=2,mProtocol=0,mEndpoints=[
12-31 19:00:12.117   433   615 D UsbHostManager: UsbEndpoint[mAddress=129,mAttributes=5,mMaxPacketSize=2848,mInterval=1]]
12-31 19:00:12.117   433   615 D UsbHostManager: UsbInterface[mId=1,mAlternateSetting=9,mName=null,mClass=14,mSubclass=2,mProtocol=0,mEndpoints=[
12-31 19:00:12.117   433   615 D UsbHostManager: UsbEndpoint[mAddress=129,mAttributes=5,mMaxPacketSize=3040,mInterval=1]]
12-31 19:00:12.117   433   615 D UsbHostManager: UsbInterface[mId=1,mAlternateSetting=10,mName=null,mClass=14,mSubclass=2,mProtocol=0,mEndpoints=[
12-31 19:00:12.117   433   615 D UsbHostManager: UsbEndpoint[mAddress=129,mAttributes=5,mMaxPacketSize=4992,mInterval=1]]
12-31 19:00:12.117   433   615 D UsbHostManager: UsbInterface[mId=1,mAlternateSetting=11,mName=null,mClass=14,mSubclass=2,mProtocol=0,mEndpoints=[
12-31 19:00:12.117   433   615 D UsbHostManager: UsbEndpoint[mAddress=129,mAttributes=5,mMaxPacketSize=5120,mInterval=1]]
12-31 19:00:12.117   433   615 D UsbHostManager: UsbInterface[mId=2,mAlternateSetting=0,mName=null,mClass=1,mSubclass=1,mProtocol=0,mEndpoints=[]
12-31 19:00:12.117   433   615 D UsbHostManager: UsbInterface[mId=3,mAlternateSetting=0,mName=null,mClass=1,mSubclass=2,mProtocol=0,mEndpoints=[]
12-31 19:00:12.117   433   615 D UsbHostManager: UsbInterface[mId=3,mAlternateSetting=1,mName=null,mClass=1,mSubclass=2,mProtocol=0,mEndpoints=[
12-31 19:00:12.117   433   615 D UsbHostManager: UsbEndpoint[mAddress=131,mAttributes=5,mMaxPacketSize=68,mInterval=4]]
12-31 19:00:12.117   433   615 D UsbHostManager: UsbInterface[mId=3,mAlternateSetting=2,mName=null,mClass=1,mSubclass=2,mProtocol=0,mEndpoints=[
12-31 19:00:12.117   433   615 D UsbHostManager: UsbEndpoint[mAddress=131,mAttributes=5,mMaxPacketSize=100,mInterval=4]]
12-31 19:00:12.117   433   615 D UsbHostManager: UsbInterface[mId=3,mAlternateSetting=3,mName=null,mClass=1,mSubclass=2,mProtocol=0,mEndpoints=[
12-31 19:00:12.117   433   615 D UsbHostManager: UsbEndpoint[mAddress=131,mAttributes=5,mMaxPacketSize=132,mInterval=4]]]]
12-31 19:00:12.118   433   615 W ContextImpl: Calling a method in the system process without a qualified user: android.app.ContextImpl.sendBroadcast:877 com.android.server.usb.UsbSettingsManager.deviceAttached:739 com.android.server.usb.UsbHostManager.endUsbDeviceAdded:225 com.android.server.usb.UsbHostManager.monitorUsbHostBus:-2 com.android.server.usb.UsbHostManager.-wrap0:-1 
12-31 19:00:12.120   433   615 I UsbAlsaManager: USB Audio Device Added: UsbAudioDevice: [card: 3, device: 0, name: USB-Audio - HD Pro Webcam C920, hasPlayback: false, hasCapture: true, class: 0x80000002]
12-31 19:00:12.126   433   615 D UsbHostManager: Added device UsbDevice[mName=/dev/bus/usb/003/003,mVendorId=3034,mProductId=51232,mClass=239,mSubclass=2,mProtocol=1,mManufacturerName=Realtek,mProductName=802.11ac NIC,mVersion=2.0,mSerialNumber=123456,mConfigurations=[
12-31 19:00:12.126   433   615 D UsbHostManager: UsbConfiguration[mId=1,mName=null,mAttributes=160,mMaxPower=250,mInterfaces=[
12-31 19:00:12.126   433   615 D UsbHostManager: UsbInterface[mId=0,mAlternateSetting=0,mName=Bluetooth Radio,mClass=224,mSubclass=1,mProtocol=1,mEndpoints=[
12-31 19:00:12.126   433   615 D UsbHostManager: UsbEndpoint[mAddress=129,mAttributes=3,mMaxPacketSize=16,mInterval=4]
12-31 19:00:12.126   433   615 D UsbHostManager: UsbEndpoint[mAddress=2,mAttributes=2,mMaxPacketSize=512,mInterval=0]
12-31 19:00:12.126   433   615 D UsbHostManager: UsbEndpoint[mAddress=130,mAttributes=2,mMaxPacketSize=512,mInterval=0]]
12-31 19:00:12.126   433   615 D UsbHostManager: UsbInterface[mId=1,mAlternateSetting=0,mName=Bluetooth Radio,mClass=224,mSubclass=1,mProtocol=1,mEndpoints=[
12-31 19:00:12.126   433   615 D UsbHostManager: UsbEndpoint[mAddress=3,mAttributes=1,mMaxPacketSize=0,mInterval=4]
12-31 19:00:12.126   433   615 D UsbHostManager: UsbEndpoint[mAddress=131,mAttributes=1,mMaxPacketSize=0,mInterval=4]]
12-31 19:00:12.126   433   615 D UsbHostManager: UsbInterface[mId=1,mAlternateSetting=1,mName=Bluetooth Radio,mClass=224,mSubclass=1,mProtocol=1,mEndpoints=[
12-31 19:00:12.126   433   615 D UsbHostManager: UsbEndpoint[mAddress=3,mAttributes=1,mMaxPacketSize=9,mInterval=4]
12-31 19:00:12.126   433   615 D UsbHostManager: UsbEndpoint[mAddress=131,mAttributes=1,mMaxPacketSize=9,mInterval=4]]
12-31 19:00:12.126   433   615 D UsbHostManager: UsbInterface[mId=1,mAlternateSetting=2,mName=Bluetooth Radio,mClass=224,mSubclass=1,mProtocol=1,mEndpoints=[
12-31 19:00:12.126   433   615 D UsbHostManager: UsbEndpoint[mAddress=3,mAttributes=1,mMaxPacketSize=17,mInterval=4]
12-31 19:00:12.126   433   615 D UsbHostManager: UsbEndpoint[mAddress=131,mAttributes=1,mMaxPacketSize=17,mInterval=4]]
12-31 19:00:12.126   433   615 D UsbHostManager: UsbInterface[mId=1,mAlternateSetting=3,mName=Bluetooth Radio,mClass=224,mSubclass=1,mProtocol=1,mEndpoints=[
12-31 19:00:12.126   433   615 D UsbHostManager: UsbEndpoint[mAddress=3,mAttributes=1,mMaxPacketSize=25,mInterval=4]
12-31 19:00:12.126   433   615 D UsbHostManager: UsbEndpoint[mAddress=131,mAttributes=1,mMaxPacketSize=25,mInterval=4]]
12-31 19:00:12.126   433   615 D UsbHostManager: UsbInterface[mId=1,mAlternateSetting=4,mName=Bluetooth Radio,mClass=224,mSubclass=1,mProtocol=1,mEndpoints=[
12-31 19:00:12.126   433   615 D UsbHostManager: UsbEndpoint[mAddress=3,mAttributes=1,mMaxPacketSize=33,mInterval=4]
12-31 19:00:12.126   433   615 D UsbHostManager: UsbEndpoint[mAddress=131,mAttributes=1,mMaxPacketSize=33,mInterval=4]]
12-31 19:00:12.126   433   615 D UsbHostManager: UsbInterface[mId=1,mAlternateSetting=5,mName=Bluetooth Radio,mClass=224,mSubclass=1,mProtocol=1,mEndpoints=[
12-31 19:00:12.126   433   615 D UsbHostManager: UsbEndpoint[mAddress=3,mAttributes=1,mMaxPacketSize=49,mInterval=4]
12-31 19:00:12.126   433   615 D UsbHostManager: UsbEndpoint[mAddress=131,mAttributes=1,mMaxPacketSize=49,mInterval=4]]
12-31 19:00:12.126   433   615 D UsbHostManager: UsbInterface[mId=2,mAlternateSetting=0,mName=802.11ac NIC,mClass=255,mSubclass=255,mProtocol=255,mEndpoints=[
12-31 19:00:12.126   433   615 D UsbHostManager: UsbEndpoint[mAddress=132,mAttributes=2,mMaxPacketSize=512,mInterval=0]
12-31 19:00:12.126   433   615 D UsbHostManager: UsbEndpoint[mAddress=5,mAttributes=2,mMaxPacketSize=512,mInterval=0]
12-31 19:00:12.126   433   615 D UsbHostManager: UsbEndpoint[mAddress=6,mAttributes=2,mMaxPacketSize=512,mInterval=0]
12-31 19:00:12.126   433   615 D UsbHostManager: UsbEndpoint[mAddress=135,mAttributes=3,mMaxPacketSize=64,mInterval=3]
12-31 19:00:12.126   433   615 D UsbHostManager: UsbEndpoint[mAddress=8,mAttributes=2,mMaxPacketSize=512,mInterval=0]]]]
12-31 19:00:12.127   433   615 W ContextImpl: Calling a method in the system process without a qualified user: android.app.ContextImpl.sendBroadcast:877 com.android.server.usb.UsbSettingsManager.deviceAttached:739 com.android.server.usb.UsbHostManager.endUsbDeviceAdded:225 com.android.server.usb.UsbHostManager.monitorUsbHostBus:-2 com.android.server.usb.UsbHostManager.-wrap0:-1 
12-31 19:00:12.309   433   562 W WindowManager: animateResizePinnedStack: stackId 4 not found.
12-31 19:00:12.362   433   491 D NetworkPolicy: setRestrictBackgroundUL(): false
12-31 19:00:12.393   433   489 I StatusBarManagerService: registerStatusBar bar=com.android.internal.statusbar.IStatusBar$Stub$Proxy@e551e0d
12-31 19:00:12.500   433   491 I SystemServiceManager: Starting phase 600
12-31 19:00:12.502   433   491 V NotificationListeners: enabling notification listener for 0: ComponentInfo{com.rockchips.android.leanbacklauncher/com.rockchips.android.leanbacklauncher.recommendations.NotificationsService}
12-31 19:00:12.504   433   491 W ActivityManager: Unable to start service Intent { act=android.service.notification.NotificationListenerService cmp=com.rockchips.android.leanbacklauncher/.recommendations.NotificationsService } U=0: not found
12-31 19:00:12.504   433   491 W NotificationListeners: Unable to bind notification listener service: Intent { act=android.service.notification.NotificationListenerService cmp=com.rockchips.android.leanbacklauncher/.recommendations.NotificationsService (has extras) }
12-31 19:00:12.514   433   547 E ActivityThread: Failed to find provider info for com.android.calendar
12-31 19:00:12.515   433   547 E ActivityThread: Failed to find provider info for com.android.calendar
12-31 19:00:12.516   433   491 D SensorNotificationService: Cannot obtain dynamic meta sensor, not supported.
12-31 19:00:12.525   433   491 W LocationManagerService: no network location provider found
12-31 19:00:12.530   433   491 E LocationManagerService: no geocoder provider found
12-31 19:00:12.531   433   491 D LocationManagerService: FLP HAL not supported
12-31 19:00:12.534   433   491 D LocationManagerService: Unable to bind FLP Geofence proxy.
12-31 19:00:12.534   433   491 D LocationManagerService: Hardware Activity-Recognition not supported.
12-31 19:00:12.535   433   491 D LocationManagerService: Unable to bind ActivityRecognitionProxy.
12-31 19:00:12.545   433   433 V WiredAccessoryManager: init()
12-31 19:00:12.546   433   491 I MmsServiceBroker: Delay connecting to MmsService until an API is called
12-31 19:00:12.549   433   433 V WiredAccessoryManager: newName=usb_audio newState=4 headsetState=4 prev headsetState=0
12-31 19:00:12.552   433   433 V WiredAccessoryManager: headsetName:  connected
12-31 19:00:12.563   433   491 W KeyguardServiceDelegate: onScreenTurningOn(): no keyguard service!
12-31 19:00:12.566   433   491 I SystemServiceManager: Starting phase 1000
12-31 19:00:12.591   433   491 I ActivityManager: Start proc 779:android.ext.services/u0a7 for on-hold
12-31 19:00:12.634   433   491 D ActivityManager: Finishing user boot 0
12-31 19:00:12.636   433   491 D CryptdConnector: SND -> {3 cryptfs prepare_user_storage ! 0 0 2}
12-31 19:00:12.637   154   171 D vold    : e4crypt_prepare_user_storage for volume null, user 0, serial 0, flags 2
12-31 19:00:12.637   154   171 D vold    : Preparing: /data/system_ce/0
12-31 19:00:12.637   154   171 D vold    : Preparing: /data/misc_ce/0
12-31 19:00:12.638   154   171 D vold    : Preparing: /data/media/0
12-31 19:00:12.638   154   171 D vold    : Preparing: /data/data
12-31 19:00:12.638   433   525 D CryptdConnector: RCV <- {200 3 Command succeeded}
12-31 19:00:12.639   433   491 V UserManagerService: Found /data/user/0 with serial number 0
12-31 19:00:12.639   433   491 V UserManagerService: Found /data/system_ce/0 with serial number 0
12-31 19:00:12.640   433   491 V PackageManager: reconcileAppsData for null u0 0x2
12-31 19:00:12.841   433   491 V PackageManager: reconcileAppsData finished 49 packages
12-31 19:00:12.848   433   491 I ActivityManager: Force stopping com.android.providers.media appid=10006 user=-1: vold reset
12-31 19:00:12.849   433   491 D BluetoothManagerService: User 0 unlocked
12-31 19:00:12.849   433   497 D BluetoothManagerService: MESSAGE_USER_UNLOCKED
12-31 19:00:12.849   433   491 D MountService: onUnlockUser 0
12-31 19:00:12.849   433   491 D VoldConnector: SND -> {6 volume user_started 0}
12-31 19:00:12.851   154   170 D vold    : Linking /storage/emulated/0 to /mnt/user/0/primary
12-31 19:00:12.851   433   524 D VoldConnector: RCV <- {200 6 Command succeeded}
12-31 19:00:12.854   433   523 D MountService: Volume emulated broadcasting mounted to UserHandle{0}
12-31 19:00:12.868   433   541 D ConnectivityService: Got NetworkFactory Messenger for WIFI
12-31 19:00:12.868   433   541 D ConnectivityService: Got NetworkFactory Messenger for WIFI_UT
12-31 19:00:12.868   433   541 D ConnectivityService: NetworkFactory connected
12-31 19:00:12.868   433   541 D ConnectivityService: NetworkFactory connected
12-31 19:00:12.877   433   433 I ActivityManager: Start proc 808:android.process.media/u0a6 for broadcast com.android.providers.downloads/.DownloadReceiver
12-31 19:00:13.024   433   491 V BackupManagerService: Starting with transport android/com.android.internal.backup.LocalTransport
12-31 19:00:13.024   433   491 V BackupManagerService: Found transports: 2
12-31 19:00:13.024   433   498 W WindowManager: App freeze timeout expired.
12-31 19:00:13.026   433   491 W BackupManagerService: Proposed transport ComponentInfo{com.revrobotics.controlhubupdater/com.revrobotics.controlhubupdater.backup.RevBackupTransportService} not whitelisted; ignoring
12-31 19:00:13.027   433   491 I BackupManagerService: Backup enabled => true
12-31 19:00:13.034   433   433 V BackupManagerService: Connected to transport ComponentInfo{android/com.android.internal.backup.LocalTransportService}
12-31 19:00:13.034   433   433 V BackupManagerService: Registering transport android/com.android.internal.backup.LocalTransportService::android/com.android.internal.backup.LocalTransport = android.app.backup.BackupTransport$TransportImpl@59a0b67
12-31 19:00:13.052   433   807 V KeyValueBackupJob: Scheduling k/v pass in 249 minutes
12-31 19:00:13.060   433   491 W VoiceInteractionManagerService: no available voice interaction services found for user 0
12-31 19:00:13.060   433   491 W VoiceInteractionManagerService: no available voice recognition services found for user 0
12-31 19:00:13.061   433   491 I ActivityManager: Loading recents for user 0 into memory.
12-31 19:00:13.081   433   491 I ActivityManager: Start proc 837:com.android.inputmethod.latin/u0a26 for added application com.android.inputmethod.latin
12-31 19:00:13.082   433   491 D ActivityManager: Sending BOOT_COMPLETE user #0
12-31 19:00:13.122   433   433 V NotificationListeners: enabling notification listener for 0: ComponentInfo{com.rockchips.android.leanbacklauncher/com.rockchips.android.leanbacklauncher.recommendations.NotificationsService}
12-31 19:00:13.126   433   807 I BackupManagerService: Found stale backup journal, scheduling
12-31 19:00:13.134   433   433 I ActivityManager: Start proc 862:com.rockchips.android.leanbacklauncher/1000 for service com.rockchips.android.leanbacklauncher/.recommendations.NotificationsService
12-31 19:00:13.137   433   562 I ActivityManager: START u0 {act=android.intent.action.MAIN cat=[android.intent.category.HOME] flg=0x10000100 cmp=com.rockchips.android.leanbacklauncher/.MainActivity} from uid 0 on display 0
12-31 19:00:13.161   433   861 I ActivityManager: Start proc 875:com.android.keychain/1000 for service com.android.keychain/.KeyChainService
12-31 19:00:13.401   808   808 D lvjinhua:  Failed while trying resolve alarm filter file, not exists
12-31 19:00:13.447   433   433 I ActivityManager: Start proc 931:com.revrobotics.controlhubupdater/1000 for broadcast com.revrobotics.controlhubupdater/.BootBroadcastReceiver
12-31 19:00:13.482   433   930 I BootReceiver: Copying audit failures to DropBox
12-31 19:00:13.482   433   930 I BootReceiver: Checking for fsck errors
12-31 19:00:13.563   433   492 W WindowManager: Keyguard drawn timeout. Setting mKeyguardDrawComplete
12-31 19:00:13.720   931   931 W ContextImpl: Calling a method in the system process without a qualified user: android.app.ContextImpl.startService:1357 android.content.ContextWrapper.startService:613 com.revrobotics.controlhubupdater.BootBroadcastReceiver.onReceive:27 android.app.ActivityThread.handleReceiver:3041 android.app.ActivityThread.-wrap18:-1 
12-31 19:00:13.738   433   489 I ActivityManager: Start proc 957:org.firstinspires.ftc.ftcaccesspointservice/u0a34 for broadcast org.firstinspires.ftc.ftcaccesspointservice/.FtcBroadcastReceiver
12-31 19:00:13.857   931   973 W ContextImpl: Calling a method in the system process without a qualified user: android.app.ContextImpl.startActivity:767 android.content.ContextWrapper.startActivity:356 com.revrobotics.controlhubupdater.util.SystemUtil.launchApplicationMainActivity:100 com.revrobotics.controlhubupdater.apkinstallation.AppType$1.launch:30 com.revrobotics.controlhubupdater.BootService.launchAppsIfNotRunning:221 
12-31 19:00:13.857   931   973 W ContextImpl: Calling a method in the system process without a qualified user: android.app.ContextImpl.startActivity:779 android.app.ContextImpl.startActivity:768 android.content.ContextWrapper.startActivity:356 com.revrobotics.controlhubupdater.util.SystemUtil.launchApplicationMainActivity:100 com.revrobotics.controlhubupdater.apkinstallation.AppType$1.launch:30 
12-31 19:00:13.858   433   562 I ActivityManager: START u0 {act=android.intent.action.MAIN cat=[android.intent.category.LAUNCHER] flg=0x10000000 pkg=com.qualcomm.ftcrobotcontroller cmp=com.qualcomm.ftcrobotcontroller/org.firstinspires.ftc.robotcontroller.internal.PermissionValidatorWrapper} from uid 1000 on display 0
12-31 19:00:13.900   931   973 W ContextImpl: Calling a method in the system process without a qualified user: android.app.ContextImpl.bindService:1421 android.content.ContextWrapper.bindService:636 android.media.MediaScannerConnection.connect:119 android.media.MediaScannerConnection.scanFile:243 com.revrobotics.controlhubupdater.util.UpdaterLog.finishedLogging:78 
12-31 19:00:13.901   862   862 W ContextImpl: Calling a method in the system process without a qualified user: android.app.ContextImpl.bindService:1421 android.content.ContextWrapper.bindService:636 com.rockchips.android.leanbacklauncher.tvrecommendations.RecommendationsClient.connect:55 com.rockchips.android.leanbacklauncher.notifications.NotificationsServiceAdapter.onInitUi:156 com.rockchips.android.leanbacklauncher.notifications.NotificationsAdapter.onInitUi:371 
12-31 19:00:13.961   433   470 I ActivityManager: Start proc 985:com.qualcomm.ftcrobotcontroller/u0a37 for broadcast com.qualcomm.ftcrobotcontroller/org.firstinspires.ftc.ftccommon.internal.RunOnBoot
12-31 19:00:13.994   433   491 I ActivityManager: Killing 837:com.android.inputmethod.latin/u0a26 (adj 906): empty #4
12-31 19:00:14.051   433   471 D ActivityManager: cleanUpApplicationRecord -- 837
12-31 19:00:14.056   433   470 W BackupManagerService: dataChanged but no participant pkg='com.android.providers.settings' uid=10034
12-31 19:00:14.076   433   470 D ZenLog  : config: listener:com.rockchips.android.leanbacklauncher/.recommendations.NotificationsService,ZenModeConfig[user=0,allowCalls=true,allowRepeatCallers=false,allowMessages=false,allowCallsFrom=contacts,allowMessagesFrom=contacts,allowReminders=true,allowEvents=true,allowWhenScreenOff=true,allowWhenScreenOn=true,automaticRules={4ff5147508f84816b9a2bfe26709815d=ZenRule[enabled=false,snoozing=false,name=Event,zenMode=ZEN_MODE_ALARMS,conditionId=condition://android/event?userId=-10000&calendar=&reply=1,condition=Condition[id=condition://android/event?userId=-10000&calendar=&reply=1,summary=...,line1=...,line2=...,icon=0,state=STATE_FALSE,flags=2],component=ComponentInfo{android/com.android.server.notification.EventConditionProvider},id=4ff5147508f84816b9a2bfe26709815d,creationTime=112079,enabler=null], 70da196a3c224347af3ac074c0f424fa=ZenRule[enabled=false,snoozing=false,name=Weekend,zenMode=ZEN_MODE_ALARMS,conditionId=condition://android/schedule?days=6.7&start=23.30&end=10.0&exitAtAlarm=false,condition=Condition[id=condition://android/schedule?days=6.7&start=23.30&end=10.0&exitAtAlarm=false,summary=...,line1=...,line2=...,icon=0,state=STATE_FALSE,flags=2],component=ComponentInfo{android/com.android.server.notification.ScheduleConditionProvider},id=70da196a3c224347af3ac074c0f424fa,creationTime=112078,enabler=null], 887488c7da064f4f9105afae94970ca1=ZenRule[enabled=false,snoozing=false,name=Weeknight,zenMode=ZEN_MODE_ALARMS,conditionId=condition://android/schedule?days=1.2.3.4.5&start=22.0&end=7.0&exitAtAlarm=false,condition=Condition[id=condition://android/schedule?days=1.2.3.4.5&start=22.0&end=7.0&exitAtAlarm=false,summary=...,line1=...,line2=...,icon=0,state=STATE_FALSE,flags=2],component=ComponentInfo{android/com.android.server.notification.ScheduleConditionProvider},id=887488c7da064f4f9105afae94970ca1,creationTime=112078,enabler=null]},manualRule=ZenRule[enabled=true,snoozing=false,name=null,zenMode=ZEN_MODE_ALARMS,conditionId=null,condition=null,component=null,id=null,creationTime=0,enabler=com.rockchips.android.leanbacklauncher]],Diff[manualRule.enabler:com.rockchips.android.leanbacklauncher->com.rockchips.android.leanbacklauncher]
12-31 19:00:14.077   433   433 D ZenLog  : set_zen_mode: alarms,listener:com.rockchips.android.leanbacklauncher/.recommendations.NotificationsService
12-31 19:00:14.365   433   548 E AudioService: not connecting device 0x800 due to command error 1
12-31 19:00:14.457   862   970 E ActivityThread: Failed to find provider info for com.rockchips.android.gsf.gservices
12-31 19:00:14.460   862   970 E ActivityThread: Failed to find provider info for com.rockchips.android.gsf.gservices
12-31 19:00:14.461   862   970 E ActivityThread: Failed to find provider info for com.rockchips.android.gsf.gservices
12-31 19:00:14.462   862   970 E ActivityThread: Failed to find provider info for com.rockchips.android.gsf.gservices
12-31 19:00:14.464   862   970 E ActivityThread: Failed to find provider info for com.rockchips.android.gsf.gservices
12-31 19:00:14.472   433   562 I ActivityManager: START u0 {flg=0x10000000 cmp=com.qualcomm.ftcrobotcontroller/org.firstinspires.ftc.robotcontroller.internal.PermissionValidatorWrapper} from uid 10037 on display 0
12-31 19:00:14.518   433   489 I ActivityManager: Start proc 1028:com.android.inputmethod.latin/u0a26 for broadcast com.android.inputmethod.latin/.setup.LauncherIconVisibilityManager
12-31 19:00:14.589   433   470 I ActivityManager: START u0 {cmp=com.qualcomm.ftcrobotcontroller/org.firstinspires.ftc.robotcontroller.internal.FtcRobotControllerActivity} from uid 10037 on display 0
12-31 19:00:14.659   433   471 I ActivityManager: Start proc 1052:com.android.providers.calendar/u0a1 for broadcast com.android.providers.calendar/.CalendarReceiver
12-31 19:00:14.662   433   471 I ActivityManager: Killing 875:com.android.keychain/1000 (adj 906): empty #4
12-31 19:00:14.728   433   489 D ActivityManager: cleanUpApplicationRecord -- 875
12-31 19:00:14.834  1052  1052 D lvjinhua:  Failed while trying resolve alarm filter file, not exists
12-31 19:00:14.879   433   471 I ActivityManager: Killing 931:com.revrobotics.controlhubupdater/1000 (adj 906): empty #4
12-31 19:00:14.917   433   470 D ActivityManager: cleanUpApplicationRecord -- 931
12-31 19:00:14.935   583   583 W ContextImpl: Calling a method in the system process without a qualified user: android.app.ContextImpl.startService:1357 android.content.ContextWrapper.startService:613 android.content.ContextWrapper.startService:613 com.android.tv.settings.users.UserSwitchListenerService$BootReceiver.onReceive:54 android.app.ActivityThread.handleReceiver:3041 
12-31 19:00:15.094   433   491 W ActivityManager: Activity pause timeout for ActivityRecord{cd5930e u0 com.qualcomm.ftcrobotcontroller/org.firstinspires.ftc.robotcontroller.internal.PermissionValidatorWrapper t1167 f}
12-31 19:00:15.167   433   498 W WindowManager: App freeze timeout expired.
12-31 19:00:15.251   433   491 I ActivityManager: Start proc 1072:com.android.settings/1000 for broadcast com.android.settings/.HotspotOffReceiver
12-31 19:00:15.510   433   494 E BatteryStatsService: no controller energy info supplied
12-31 19:00:16.102   433   489 D ConnectivityService: listenForNetwork for uid/pid:10037/985 NetworkRequest [ LISTEN id=4, [ Capabilities: INTERNET&NOT_RESTRICTED&TRUSTED] ]
12-31 19:00:17.671   433   497 D ConnectivityService: requestNetwork for uid/pid:1000/433 NetworkRequest [ TRACK_DEFAULT id=5, [ Capabilities: INTERNET&NOT_RESTRICTED&TRUSTED&NOT_VPN] ]
12-31 19:00:17.672   433   541 D ConnectivityService: sending new Min Network Score(0): NetworkRequest [ TRACK_DEFAULT id=5, [ Capabilities: INTERNET&NOT_RESTRICTED&TRUSTED&NOT_VPN] ]
12-31 19:00:17.672   433   497 D ConnectivityService: listenForNetwork for uid/pid:1000/433 NetworkRequest [ LISTEN id=6, [ Transports: CELLULAR Capabilities: DUN&TRUSTED&NOT_VPN] ]
12-31 19:00:17.678   433   497 D ConnectivityService: requestNetwork for uid/pid:1000/433 NetworkRequest [ REQUEST id=7, legacyType=5, [ Transports: CELLULAR Capabilities: INTERNET&NOT_RESTRICTED&TRUSTED&NOT_VPN] ]
12-31 19:00:17.679   433   541 D ConnectivityService: sending new Min Network Score(0): NetworkRequest [ REQUEST id=7, legacyType=5, [ Transports: CELLULAR Capabilities: INTERNET&NOT_RESTRICTED&TRUSTED&NOT_VPN] ]
12-31 19:00:22.296   433   489 D ConnectivityService: listenForNetwork for uid/pid:10037/985 NetworkRequest [ LISTEN id=8, [ Capabilities: INTERNET&NOT_RESTRICTED&TRUSTED] ]
12-31 19:00:22.699   433   489 V InputMethodManagerService: Adding window token: android.os.Binder@a492fa
12-31 19:00:22.860   433   562 I ActivityManager: Start proc 1145:android.process.acore/u0a2 for content provider com.android.providers.userdictionary/.UserDictionaryProvider
12-31 19:00:24.615   808   808 D lvjinhua:  Failed while trying resolve alarm filter file, not exists
12-31 19:00:28.943   433   491 I ActivityManager: Waited long enough for: ServiceRecord{4e191a0 u0 org.firstinspires.ftc.ftcaccesspointservice/.MonitoringService}
12-31 19:00:29.938   433   491 I ActivityManager: Waited long enough for: ServiceRecord{39d42fb u0 com.android.tv.settings/.users.UserSwitchListenerService}
12-07 18:17:55.377   433   433 W WindowManager: Attempted to remove non-existing token: android.os.Binder@462208b
12-07 18:17:59.962   433   491 I ActivityManager: Killing 1072:com.android.settings/1000 (adj 906): empty #4
12-07 18:18:00.005   433   562 D ActivityManager: cleanUpApplicationRecord -- 1072
12-07 18:18:45.614   433   513 V WiredAccessoryManager: Headset UEVENT: {SUBSYSTEM=switch, SEQNUM=1822, ACTION=change, SWITCH_STATE=0, SWITCH_NAME=usb_audio, DEVPATH=/devices/virtual/switch/usb_audio}
12-07 18:18:45.614   433   513 V WiredAccessoryManager: newName=usb_audio newState=0 headsetState=0 prev headsetState=4
12-07 18:18:45.615   433   433 V WiredAccessoryManager: headsetName:  disconnected
12-07 18:18:45.615   433   513 V WiredAccessoryManager: Headset UEVENT: {SUBSYSTEM=switch, SEQNUM=1826, ACTION=change, SWITCH_STATE=-1, SWITCH_NAME=usb_audio_capture, DEVPATH=/devices/virtual/switch/usb_audio_capture}
12-07 18:18:45.617   433   495 D UsbAlsaManager: ALSA device removed: AlsaDevice: [card: 3, device: 0, type: 2]
12-07 18:18:46.510   433   495 D UsbAlsaManager: Adding ALSA device AlsaDevice: [card: 3, device: 0, type: 2]
12-07 18:18:46.511   433   513 V WiredAccessoryManager: Headset UEVENT: {SUBSYSTEM=switch, SEQNUM=1834, ACTION=change, SWITCH_STATE=30, SWITCH_NAME=usb_audio_capture, DEVPATH=/devices/virtual/switch/usb_audio_capture}
12-07 18:18:46.512   433   513 V WiredAccessoryManager: Headset UEVENT: {SUBSYSTEM=switch, SEQNUM=1835, ACTION=change, SWITCH_STATE=1, SWITCH_NAME=usb_audio, DEVPATH=/devices/virtual/switch/usb_audio}
12-07 18:18:46.512   433   513 V WiredAccessoryManager: newName=usb_audio newState=4 headsetState=4 prev headsetState=0
12-07 18:18:46.514   433   433 V WiredAccessoryManager: headsetName:  connected
12-07 18:18:46.515   433   548 E AudioService: not connecting device 0x800 due to command error 1
12-07 18:18:51.429   808   808 D lvjinhua:  Failed while trying resolve alarm filter file, not exists
12-07 18:18:51.434   433   490 I UsageStatsService: Time changed in UsageStats by 1701991036 seconds
12-07 18:18:51.451   433   490 I UsageStatsService: User[0] Flushing usage stats to disk
12-07 18:18:51.595   433   490 I UsageStatsDatabase: Time changed by +19698d23h17m16s797ms. files deleted: 0 files moved: 4
12-07 18:18:51.625   433   490 I UsageStatsService: User[0] Rollover scheduled @ 2023-12-08 18:17:26(1702077446802)
12-07 18:19:10.898   433   513 V WiredAccessoryManager: Headset UEVENT: {SUBSYSTEM=switch, SEQNUM=1840, ACTION=change, SWITCH_STATE=0, SWITCH_NAME=usb_audio, DEVPATH=/devices/virtual/switch/usb_audio}
12-07 18:19:10.898   433   513 V WiredAccessoryManager: newName=usb_audio newState=0 headsetState=0 prev headsetState=4
12-07 18:19:10.898   433   433 V WiredAccessoryManager: headsetName:  disconnected
12-07 18:19:10.900   433   495 D UsbAlsaManager: ALSA device removed: AlsaDevice: [card: 3, device: 0, type: 2]
12-07 18:19:10.900   433   513 V WiredAccessoryManager: Headset UEVENT: {SUBSYSTEM=switch, SEQNUM=1844, ACTION=change, SWITCH_STATE=-1, SWITCH_NAME=usb_audio_capture, DEVPATH=/devices/virtual/switch/usb_audio_capture}
12-07 18:19:11.433   808   808 D lvjinhua:  Failed while trying resolve alarm filter file, not exists
12-07 18:19:12.270   433   513 V WiredAccessoryManager: Headset UEVENT: {SUBSYSTEM=switch, SEQNUM=1848, ACTION=change, SWITCH_STATE=30, SWITCH_NAME=usb_audio_capture, DEVPATH=/devices/virtual/switch/usb_audio_capture}
12-07 18:19:12.270   433   495 D UsbAlsaManager: Adding ALSA device AlsaDevice: [card: 3, device: 0, type: 2]
12-07 18:19:12.270   433   513 V WiredAccessoryManager: Headset UEVENT: {SUBSYSTEM=switch, SEQNUM=1849, ACTION=change, SWITCH_STATE=1, SWITCH_NAME=usb_audio, DEVPATH=/devices/virtual/switch/usb_audio}
12-07 18:19:12.270   433   513 V WiredAccessoryManager: newName=usb_audio newState=4 headsetState=4 prev headsetState=0
12-07 18:19:12.271   433   433 V WiredAccessoryManager: headsetName:  connected
12-07 18:19:12.272   433   548 E AudioService: not connecting device 0x800 due to command error 1
12-07 18:21:03.386   433   562 I ActivityManager: Force stopping com.qualcomm.ftcrobotcontroller appid=10037 user=0: from pid 957
12-07 18:21:03.387   433   562 I ActivityManager: Killing 985:com.qualcomm.ftcrobotcontroller/u0a37 (adj 0): stop com.qualcomm.ftcrobotcontroller
12-07 18:21:03.387   433   562 D ActivityManager: cleanUpApplicationRecord -- 985
12-07 18:21:03.388   433   562 W ActivityManager: Scheduling restart of crashed service com.qualcomm.ftcrobotcontroller/org.firstinspires.ftc.ftccommon.internal.FtcRobotControllerWatchdogService in 1000ms
12-07 18:21:03.388   433   562 W ActivityManager: Scheduling restart of crashed service com.qualcomm.ftcrobotcontroller/org.firstinspires.ftc.onbotjava.OnBotJavaService in 10999ms
12-07 18:21:03.388   433   562 W ActivityManager: Scheduling restart of crashed service com.qualcomm.ftcrobotcontroller/org.firstinspires.ftc.robotcore.internal.files.MediaTransferProtocolMonitorService in 10999ms
12-07 18:21:03.389   433   562 W ActivityManager: Force removing ActivityRecord{744dd3d u0 com.qualcomm.ftcrobotcontroller/org.firstinspires.ftc.robotcontroller.internal.FtcRobotControllerActivity t1167}: app died, no saved state
12-07 18:21:03.416   433   562 I ActivityManager:   Force stopping service ServiceRecord{9df4f54 u0 com.qualcomm.ftcrobotcontroller/org.firstinspires.ftc.ftccommon.internal.FtcRobotControllerWatchdogService}
12-07 18:21:03.507   433   489 D ConnectivityService: ConnectivityService NetworkRequestInfo binderDied(NetworkRequest [ LISTEN id=8, [ Capabilities: INTERNET&NOT_RESTRICTED&TRUSTED] ], android.os.BinderProxy@723c786)
12-07 18:21:03.507   433   562 D ConnectivityService: ConnectivityService NetworkRequestInfo binderDied(NetworkRequest [ LISTEN id=4, [ Capabilities: INTERNET&NOT_RESTRICTED&TRUSTED] ], android.os.BinderProxy@8aaf847)
12-07 18:21:03.508   433   541 D ConnectivityService: releasing NetworkRequest [ LISTEN id=8, [ Capabilities: INTERNET&NOT_RESTRICTED&TRUSTED] ]
12-07 18:21:03.509   433   541 D ConnectivityService: sending notification RELEASED for NetworkRequest [ LISTEN id=8, [ Capabilities: INTERNET&NOT_RESTRICTED&TRUSTED] ]
12-07 18:21:03.510   433   541 E ConnectivityService: RemoteException caught trying to send a callback msg for NetworkRequest [ LISTEN id=8, [ Capabilities: INTERNET&NOT_RESTRICTED&TRUSTED] ]
12-07 18:21:03.510   433   541 D ConnectivityService: releasing NetworkRequest [ LISTEN id=4, [ Capabilities: INTERNET&NOT_RESTRICTED&TRUSTED] ]
12-07 18:21:03.510   433   541 D ConnectivityService: sending notification RELEASED for NetworkRequest [ LISTEN id=4, [ Capabilities: INTERNET&NOT_RESTRICTED&TRUSTED] ]
12-07 18:21:03.514   433   541 E ConnectivityService: RemoteException caught trying to send a callback msg for NetworkRequest [ LISTEN id=4, [ Capabilities: INTERNET&NOT_RESTRICTED&TRUSTED] ]
12-07 18:21:04.468   433   471 I ActivityManager: START u0 {act=android.intent.action.MAIN cat=[android.intent.category.LAUNCHER] flg=0x10000000 pkg=com.qualcomm.ftcrobotcontroller cmp=com.qualcomm.ftcrobotcontroller/org.firstinspires.ftc.robotcontroller.internal.PermissionValidatorWrapper} from uid 10034 on display 0
12-07 18:21:04.519   433   470 I ActivityManager: Start proc 1304:com.qualcomm.ftcrobotcontroller/u0a37 for activity com.qualcomm.ftcrobotcontroller/org.firstinspires.ftc.robotcontroller.internal.PermissionValidatorWrapper
12-07 18:21:04.787   433   471 I ActivityManager: START u0 {cmp=com.qualcomm.ftcrobotcontroller/org.firstinspires.ftc.robotcontroller.internal.FtcRobotControllerActivity} from uid 10037 on display 0
12-07 18:21:05.295   433   491 W ActivityManager: Activity pause timeout for ActivityRecord{3331e36 u0 com.qualcomm.ftcrobotcontroller/org.firstinspires.ftc.robotcontroller.internal.PermissionValidatorWrapper t1168 f}
12-07 18:21:05.871   433   489 D ConnectivityService: listenForNetwork for uid/pid:10037/1304 NetworkRequest [ LISTEN id=9, [ Capabilities: INTERNET&NOT_RESTRICTED&TRUSTED] ]
12-07 18:21:09.814   808   808 D lvjinhua:  Failed while trying resolve alarm filter file, not exists
12-07 18:21:11.170   433   489 D ConnectivityService: listenForNetwork for uid/pid:10037/1304 NetworkRequest [ LISTEN id=10, [ Capabilities: INTERNET&NOT_RESTRICTED&TRUSTED] ]
12-07 18:21:14.818   808   808 D lvjinhua:  Failed while trying resolve alarm filter file, not exists
12-07 18:21:27.445   433   433 W WindowManager: Attempted to remove non-existing token: android.os.Binder@b71c739
12-07 18:21:31.695   433   513 V WiredAccessoryManager: Headset UEVENT: {SUBSYSTEM=switch, SEQNUM=1850, ACTION=change, SWITCH_STATE=0, SWITCH_NAME=usb_audio, DEVPATH=/devices/virtual/switch/usb_audio}
12-07 18:21:31.695   433   513 V WiredAccessoryManager: newName=usb_audio newState=0 headsetState=0 prev headsetState=4
12-07 18:21:31.696   433   433 V WiredAccessoryManager: headsetName:  disconnected
12-07 18:21:31.698   433   495 D UsbAlsaManager: ALSA device removed: AlsaDevice: [card: 3, device: 0, type: 2]
