12-07 18:23:13.561   209  1625 I FFPlayer_Version: 
12-07 18:23:13.561   209  1625 I FFPlayer_Version: ******************************************
12-07 18:23:13.561   209  1625 I RockFFPlayer: setDataSource(url =file/fd::12,offset::36823432,length::432616)
12-07 18:23:13.561   209  1625 I RockFFPlayer: setDataSource(fileurl =/data/app/com.qualcomm.ftcrobotcontroller-1/base.apk)
12-07 18:23:13.561   209  1625 E RockFFPlayerBase: openContext : in
12-07 18:23:13.561   209   718 D RockFFPlayer: prepareAsync ok
12-07 18:23:13.562   209  1625 E RockFFPlayer: ffmpeg version v2.1: git-2017-12-25-6d3343b
12-07 18:23:13.562   209  1625 E RockFFPlayer: av_probe_input_buffer:avio_read
12-07 18:23:13.562   209  1625 I RockFFPlayer: flv_probe get probe score: 0
12-07 18:23:13.562   209  1625 E RockFFPlayer: Hery, probe size = 0
12-07 18:23:13.563   209  1625 E RockFFPlayer: avformat_open_input:read_header
12-07 18:23:13.563   209  1625 E RockFFPlayer: file_read: offset=37256048, c->offset=36823432, c->length=432616
12-07 18:23:13.563   209  1625 E RockFFPlayer: file_read: offset=37256048, c->offset=36823432, c->length=432616
12-07 18:23:13.563   209  1625 E RockFFPlayer: avformat_open_input:read_header ok
12-07 18:23:13.563   209  1625 D RkExtensionPlayer: openContext in
12-07 18:23:13.563   209  1625 E RkExtensionPlayer: autoDetect(): path = /data/app/com.qualcomm.ftcrobotcontroller-1/base.apk
12-07 18:23:13.563   209  1625 E FFPlayerHelper: isNetWorkUrl: url = /data/app/com.qualcomm.ftcrobotcontroller-1/base.apk
12-07 18:23:13.563   209  1625 E FFPlayerHelper: isBDDirectory() ,path = /data/app/com.qualcomm.ftcrobotcontroller-1
12-07 18:23:13.563   209  1625 E FFPlayerHelper: isBDDirectory(): no BDMV
12-07 18:23:13.563   209  1625 D RkExtensionPlayer: openContext out,mTrackInfos size = 0
12-07 18:23:13.563   209  1625 E RockFFPlayerBase: openContext : out,ret = 0
12-07 18:23:13.563   209  1625 D RockFFPlayer: the source format name: wav
12-07 18:23:13.563   209  1625 D RockFFPlayer: find av stream info in
12-07 18:23:13.564   209  1625 I RockFFPlayer: flv_probe get probe score: 0
12-07 18:23:13.564   209  1625 E RockFFPlayer: Hery, probe size = 0
12-07 18:23:13.564  1504  1564 I chatty  : uid=10037(com.qualcomm.ftcrobotcontroller) expire 1 line
12-07 18:23:13.565   209  1625 I RockFFPlayer: flv_probe get probe score: 0
12-07 18:23:13.566   209  1625 E RockFFPlayer: Hery, probe size = 0
12-07 18:23:13.567   209  1625 I RockFFPlayer: flv_probe get probe score: 0
12-07 18:23:13.568   209  1625 E RockFFPlayer: Hery, probe size = 0
12-07 18:23:13.571   209  1625 I RockFFPlayer: flv_probe get probe score: 0
12-07 18:23:13.572   209  1625 E RockFFPlayer: Hery, probe size = 0
12-07 18:23:13.580   209  1625 I RockFFPlayer: flv_probe get probe score: 0
12-07 18:23:13.582   209  1625 E RockFFPlayer: Hery, probe size = 0
12-07 18:23:13.598   209  1625 I RockFFPlayer: flv_probe get probe score: 0
12-07 18:23:13.602   209  1625 E RockFFPlayer: Hery, probe size = 0
12-07 18:23:13.618   209  1625 E RockFFPlayer: probed stream 0
12-07 18:23:13.620   209  1625 E RockFFPlayer: file_read: offset=37256048, c->offset=36823432, c->length=432616
12-07 18:23:13.620   209  1625 E RockFFPlayer: file_read: offset=37256048, c->offset=36823432, c->length=432616
12-07 18:23:13.620   209  1625 E RockFFPlayer: read_size = 432572
12-07 18:23:13.620   209  1625 E RockFFPlayer: update_stream_timings: st[-188182096].duration = 216286
12-07 18:23:13.620   209  1625 E RockFFPlayer: update_stream_timings: st[-188182096].duration = 216286
12-07 18:23:13.620   209  1625 E RockFFPlayer: estimate_timings:0: start_time: -9223372036854.775 duration: 0.216,base_time.den=48000,base_time.num=1
12-07 18:23:13.621   209  1625 E RockFFPlayer: stream: start_time: -9223372036854.775 duration: 4.506 bitrate=183978 kb/s
12-07 18:23:13.621   209  1625 E RockFFPlayer: avformat_find_stream_info:find_stream_info_err:free info,ok
12-07 18:23:13.621   209  1625 D RockFFPlayer: find av stream info ok
12-07 18:23:13.621   209  1625 D RockFFPlayer: AudioStartTime=0,VideoStartTime=-1,tmpTime=-1
12-07 18:23:13.621   209  1625 D RockFFPlayer: findAVStreamStartTime:start_time set 0
12-07 18:23:13.621   209  1625 E RockFFPlayer: Hery, s->duration = 4505958.000000
12-07 18:23:13.621   209  1625 I RockFFPlayer: Input #0, wav, from 'file/fd::12,offset::36823432,length::432616':
12-07 18:23:13.621   209  1625 I RockFFPlayer:   Duration: 
12-07 18:23:13.621   209  1625 I RockFFPlayer: 00:00:04.51
12-07 18:23:13.621   209  1625 I RockFFPlayer: , start: 
12-07 18:23:13.621   209  1625 I RockFFPlayer: 0.000000
12-07 18:23:13.621   209  1625 I RockFFPlayer: , bitrate: 
12-07 18:23:13.621   209  1625 I RockFFPlayer: 183978 kb/s
12-07 18:23:13.621   209  1625 I RockFFPlayer: 
12-07 18:23:13.621   209  1625 I RockFFPlayer:     Stream #0:0
12-07 18:23:13.621   209  1625 I RockFFPlayer: : Audio: pcm_s16le ([1][0][0][0] / 0x0001), 48000 Hz, 1 channels, s16, 768 kb/s
12-07 18:23:13.621   209  1625 I RockFFPlayer: 
12-07 18:23:13.621   209  1625 D RockFFPlayer: send do-prepare message in
12-07 18:23:13.621   209  1625 D RockFFPlayer: enter enqueueMessage
12-07 18:23:13.621   209  1625 D RockFFPlayer: enqueueMessage:****1
12-07 18:23:13.621   209  1625 D RockFFPlayer: enqueueMessage:****2
12-07 18:23:13.621   209  1625 D RockFFPlayer: enqueueMessage:****3
12-07 18:23:13.621   209  1625 D RockFFPlayer: enqueueMessage:Message 1,set signal
12-07 18:23:13.621   209  1625 D RockFFPlayer: enqueueMessage:sync wait
12-07 18:23:13.621   209  1624 D RockFFPlayer: deliverMessage 
12-07 18:23:13.621   209  1624 D RockFFPlayer: run : dequeueMessage Message 1
12-07 18:23:13.621   209  1624 D RockFFPlayer: CMD_PREPARE
12-07 18:23:13.621   209  1624 I RockFFPlayer: doPrepare in
12-07 18:23:13.621   209  1624 I RockFFPlayer: prepareVideo
12-07 18:23:13.621   209  1624 E RockFFPlayer: mVideoStreamIndex is -1
12-07 18:23:13.621   209  1624 I RockFFPlayer: prepareAudio
12-07 18:23:13.621   209  1624 E RockFFPlayer: audio stream codec_id = 65536
12-07 18:23:13.622   209  1624 D RockFFPlayerBase: open MediaDecoder.cfg failed,so can't config anything
12-07 18:23:13.622   209  1624 D RockFFPlayerBase: File not exists!
12-07 18:23:13.622   209  1624 D RkBitstreamManager: isBypass: false
12-07 18:23:13.622   209  1624 D RockFFPlayer: initAudioPlayer
12-07 18:23:13.622   209  1624 I RkBitstreamManager: BUF: 
12-07 18:23:13.622   209  1624 I RkBitstreamManager: 
12-07 18:23:13.622   209  1624 D RkBitstreamManager: isBypass: false
12-07 18:23:13.622   209  1624 D RockFFPlayer: AudioPlayer getOutputMode : 0, SPDIF mode : -1
12-07 18:23:13.622   209  1624 D RockFFPlayerBase: setAudioOutputMode output_mode : 0
12-07 18:23:13.622   209  1624 D RockFFPlayerBase: set SPDIF output mode : -1
12-07 18:23:13.622   209  1624 D AudioPlayerApi: audio player mode in: 0
12-07 18:23:13.624   209  1624 D AudioPlayerApi: audio player mode out: 0
12-07 18:23:13.625   209  1624 D RockFFPlayer: initAudioPlayer out
12-07 18:23:13.625   209  1624 D RkExtensionPlayer: prepareExtendSubtitle in
12-07 18:23:13.625   209  1624 E RockFFPlayer: prepareExtandSubtitle return error!
12-07 18:23:13.625   209  1624 D RkExtensionPlayer: ~RkExtensionPlayer in
12-07 18:23:13.625   209  1624 D RkExtensionPlayer: RkExtensionPlayer::closeExtendSubDecoder in
12-07 18:23:13.625   209  1624 E FFExtensionSource: ~FFExtensionSource in
12-07 18:23:13.625   209  1624 D RockFFPlayer: FFMediaSource context null. 
12-07 18:23:13.625   209  1624 E FFExtensionSource: ~FFExtensionSource out
12-07 18:23:13.625   209  1624 D RockFFPlayer: ~FFMediaSource
12-07 18:23:13.625   209  1624 D RockFFPlayer: FFMediaSource context null. 
12-07 18:23:13.625   209  1624 D RkExtensionPlayer: closeExtendSubDecoder out
12-07 18:23:13.626   209  1624 E RkExtensionPlayer: deleteAllFileInDirectory(),/tmp/rk_ext_subtitle/ is not exist
12-07 18:23:13.627   209  1624 E RkExtensionPlayer: deleteAllFileInDirectory(),/data/media/0/rk_ext_subtitle/ is not exist
12-07 18:23:13.627   209  1624 I RockFFPlayer: prepareSubtitle in
12-07 18:23:13.627   209  1624 E RockFFPlayer: hasSubtitle return fail
12-07 18:23:13.627   209  1624 D AudioDecoder: decodeaudio AudioOutputMode : 0, SPDIF_MODE : -1, PlayerMode : 0
12-07 18:23:13.627   209  1624 D AudioDecoder: mStream->codec->channels = 1  mStream->codec->sample_rate = 48000
12-07 18:23:13.627   209  1624 D AudioDecoder: mStream->codec->channels = 1  mStream->codec->sample_rate = 48000
12-07 18:23:13.627   209  1624 D RockFFPlayer: createAudioDecoder: create audio decoder ok
12-07 18:23:13.627   209  1624 E RockFFPlayer: createVideoDecoder: no video stream
12-07 18:23:13.627   209  1624 E RockFFPlayer: createSubtitleDecoder: no subtitle stream
12-07 18:23:13.627   209  1624 E TraceThread: TraceThread::dumpTrace() FileName:/data/trace_thread.log
12-07 18:23:13.627   209  1624 D RockFFPlayerBase: dumpStatus(): Preapared
12-07 18:23:13.628   209  1624 D RockFFPlayer: Sync master clock type - 1
12-07 18:23:13.628   209  1624 I RockFFPlayer: doPrepareFinish ok
12-07 18:23:13.628   209  1624 D RockFFPlayer: run : dequeueMessage Message 1 OK
12-07 18:23:13.628   209  1624 D RockFFPlayer: Messagecomplete type [1]
12-07 18:23:13.628   209  1624 D RockFFPlayer: run : Message 1 complete
12-07 18:23:13.629   209  1625 D RockFFPlayer: enqueueMessage:sync wait ok
12-07 18:23:13.629   209  1625 D RockFFPlayer: send do-prepare message ok
12-07 18:23:13.629   209  1625 I RockFFPlayer: decodeMovie:getCurrentStatus() = 8
12-07 18:23:13.629   209  1625 D FFPlayerHelper: MediaServer is SP_FOREGROUND, tid=1625
12-07 18:23:13.629   209   614 E RockFFPlayer: doGetTrackInfo: track size = 1
12-07 18:23:13.630   209   711 E RockFFPlayer: doGetTrackInfo: track size = 1
12-07 18:23:13.631  1504  1610 I chatty  : uid=10037(com.qualcomm.ftcrobotcontroller) expire 2 lines
12-07 18:23:13.678  1504  1609 I chatty  : uid=10037(com.qualcomm.ftcrobotcontroller) expire 1 line
12-07 18:23:13.680   209   718 I MediaPlayerService: MediaPlayerService::getOMX
12-07 18:23:13.681  1504  1627 I chatty  : uid=10037(com.qualcomm.ftcrobotcontroller) expire 3 lines
12-07 18:23:13.684   206   206 I OMXMaster: makeComponentInstance(OMX.google.raw.decoder) in mediacodec process
12-07 18:23:13.693   208   701 D MediaBufferGroup: creating MemoryDealer
12-07 18:23:13.726  1504  1538 I chatty  : uid=10037(com.qualcomm.ftcrobotcontroller) expire 1 line
12-07 18:23:14.147  1504  1630 I chatty  : uid=10037(com.qualcomm.ftcrobotcontroller) expire 2 lines
12-07 18:23:14.253  1504  1632 I chatty  : uid=10037(com.qualcomm.ftcrobotcontroller) expire 5 lines
12-07 18:23:15.557   433   433 W WindowManager: Attempted to remove non-existing token: android.os.Binder@4491e5f
12-07 18:23:17.442  1504  1570 I chatty  : uid=10037(com.qualcomm.ftcrobotcontroller) expire 3 lines
12-07 18:23:18.568  1504  1541 I chatty  : uid=10037(com.qualcomm.ftcrobotcontroller) expire 2 lines
12-07 18:23:20.442  1504  1509 I chatty  : uid=10037(com.qualcomm.ftcrobotcontroller) expire 3 lines
12-07 18:23:20.650  1504  1515 I chatty  : uid=10037(com.qualcomm.ftcrobotcontroller) expire 1 line
12-07 18:23:21.703   199   238 D alsa_route: route_set_controls() set route 24
12-07 18:23:21.703   199   238 D AudioHardwareTiny: close device
12-07 18:23:23.568  1504  1599 I chatty  : uid=10037(com.qualcomm.ftcrobotcontroller) expire 2 lines
12-07 18:23:28.569  1504  1626 I chatty  : uid=10037(com.qualcomm.ftcrobotcontroller) expire 1 line
12-07 18:23:38.568  1504  1582 I chatty  : uid=10037(com.qualcomm.ftcrobotcontroller) expire 1 line
12-07 18:23:41.031   216   216 W perfprofd: unable to open config directory /data/data/com.google.android.gms/files: (No such file or directory)
12-07 18:23:41.031   216   216 I perfprofd: profile collection skipped (missing config directory)
12-07 18:23:42.944  1504  1603 I chatty  : uid=10037(com.qualcomm.ftcrobotcontroller) expire 1 line
12-07 18:23:43.532  1504  1577 I chatty  : uid=10037(com.qualcomm.ftcrobotcontroller) expire 1 line
12-07 18:23:43.568  1504  1634 I chatty  : uid=10037(com.qualcomm.ftcrobotcontroller) expire 2 lines
12-07 18:23:53.564  1504  1540 I chatty  : uid=10037(com.qualcomm.ftcrobotcontroller) expire 2 lines
12-07 18:23:58.568  1504  1636 I chatty  : uid=10037(com.qualcomm.ftcrobotcontroller) expire 1 line
12-07 18:24:13.568  1504  1638 I chatty  : uid=10037(com.qualcomm.ftcrobotcontroller) expire 1 line
12-07 18:24:23.568  1504  1635 I chatty  : uid=10037(com.qualcomm.ftcrobotcontroller) expire 1 line
12-07 18:24:28.568  1504  1651 I chatty  : uid=10037(com.qualcomm.ftcrobotcontroller) expire 1 line
12-07 18:25:34.649  1504  1596 I chatty  : uid=10037(com.qualcomm.ftcrobotcontroller) expire 1 line
12-07 18:25:34.659  1504  1597 I chatty  : uid=10037(com.qualcomm.ftcrobotcontroller) expire 2 lines
12-07 18:25:34.665  1504  1504 I chatty  : uid=10037(com.qualcomm.ftcrobotcontroller) expire 22 lines
12-07 18:25:34.746  1504  1677 I chatty  : uid=10037(com.qualcomm.ftcrobotcontroller) expire 1 line
12-07 18:25:34.953  1504  1606 I chatty  : uid=10037(com.qualcomm.ftcrobotcontroller) expire 1 line
12-07 18:25:35.006  1504  1605 I chatty  : uid=10037(com.qualcomm.ftcrobotcontroller) expire 1 line
12-07 18:25:35.104  1504  1600 I chatty  : uid=10037(com.qualcomm.ftcrobotcontroller) expire 2 lines
12-07 18:25:37.235  1504  1676 I chatty  : uid=10037(com.qualcomm.ftcrobotcontroller) expire 89 lines
12-07 18:25:39.245   433   433 W WindowManager: Attempted to remove non-existing token: android.os.Binder@99ec944
12-07 18:25:42.709  1504  1682 I chatty  : uid=10037(com.qualcomm.ftcrobotcontroller) expire 2 lines
12-07 18:25:42.760  1504  1683 I chatty  : uid=10037(com.qualcomm.ftcrobotcontroller) expire 1 line
12-07 18:25:42.794  1504  1681 I chatty  : uid=10037(com.qualcomm.ftcrobotcontroller) expire 7 lines
12-07 18:25:42.804  1504  1684 I chatty  : uid=10037(com.qualcomm.ftcrobotcontroller) expire 1 line
12-07 18:25:42.815  1504  1676 I chatty  : uid=10037(com.qualcomm.ftcrobotcontroller) expire 92 lines
12-07 18:25:42.853  1504  1686 I chatty  : uid=10037(com.qualcomm.ftcrobotcontroller) expire 3 lines
12-07 18:25:43.329   199   238 D AudioHardwareTiny: out_set_parameters: kvpairs = routing=1024
12-07 18:25:43.329   199   238 D AudioHardwareTiny: start_output_stream
12-07 18:25:43.330  1504  1610 I chatty  : uid=10037(com.qualcomm.ftcrobotcontroller) expire 1 line
12-07 18:25:43.330   199   238 D AudioHardwareTiny: Device     : 0x402
12-07 18:25:43.330   199   238 D AudioHardwareTiny: SampleRate : 44100
12-07 18:25:43.330   199   238 D AudioHardwareTiny: Channels   : 2
12-07 18:25:43.330   199   238 D AudioHardwareTiny: Formate    : 0
12-07 18:25:43.330   199   238 D AudioHardwareTiny: PreiodSize : 512
12-07 18:25:43.330   199   238 D alsa_route: route_info->sound_card 0, route_info->devices 0  
12-07 18:25:43.330   199   238 D alsa_route: route_set_controls() set route 24
12-07 18:25:43.331  1504  1687 I chatty  : uid=10037(com.qualcomm.ftcrobotcontroller) expire 4 lines
12-07 18:25:43.351  1504  1607 I chatty  : uid=10037(com.qualcomm.ftcrobotcontroller) expire 5 lines
12-07 18:25:43.371  1504  1515 I chatty  : uid=10037(com.qualcomm.ftcrobotcontroller) expire 1 line
12-07 18:25:43.850  1504  1688 I chatty  : uid=10037(com.qualcomm.ftcrobotcontroller) expire 3 lines
12-07 18:25:45.350   433   433 W WindowManager: Attempted to remove non-existing token: android.os.Binder@11c5d4f
12-07 18:25:46.148  1689  1689 E vpu_api : dlopen vpu lib failed
12-07 18:25:46.155  1689  1689 D AndroidRuntime: >>>>>> START com.android.internal.os.RuntimeInit uid 2000 <<<<<<
12-07 18:25:46.184  1689  1689 D AndroidRuntime: CheckJNI is OFF
12-07 18:25:46.187  1691  1691 E vpu_api : dlopen vpu lib failed
12-07 18:25:46.193  1691  1691 D AndroidRuntime: >>>>>> START com.android.internal.os.RuntimeInit uid 2000 <<<<<<
12-07 18:25:46.199  1691  1691 D AndroidRuntime: CheckJNI is OFF
12-07 18:25:46.239  1689  1689 D ICU     : No timezone override file found: /data/misc/zoneinfo/current/icu/icu_tzdata.dat
12-07 18:25:46.247  1691  1691 D ICU     : No timezone override file found: /data/misc/zoneinfo/current/icu/icu_tzdata.dat
12-07 18:25:46.293  1689  1689 E memtrack: Couldn't load memtrack module (No such file or directory)
12-07 18:25:46.293  1689  1689 E android.os.Debug: failed to load memtrack module: -2
12-07 18:25:46.295  1689  1689 I Radio-JNI: register_android_hardware_Radio DONE
12-07 18:25:46.305  1691  1691 E memtrack: Couldn't load memtrack module (No such file or directory)
12-07 18:25:46.305  1691  1691 E android.os.Debug: failed to load memtrack module: -2
12-07 18:25:46.307  1691  1691 I Radio-JNI: register_android_hardware_Radio DONE
12-07 18:25:46.319  1689  1689 D AndroidRuntime: Calling main entry com.android.commands.am.Am
12-07 18:25:46.332  1691  1691 D AndroidRuntime: Calling main entry com.android.commands.wm.Wm
12-07 18:25:46.338  1691  1691 D AndroidRuntime: Shutting down VM
12-07 18:25:46.344   433   489 I ActivityManager: Force stopping com.qualcomm.ftcrobotcontroller appid=10037 user=0: from pid 1689
12-07 18:25:46.344   433   489 I ActivityManager: Killing 1504:com.qualcomm.ftcrobotcontroller/u0a37 (adj 0): stop com.qualcomm.ftcrobotcontroller
12-07 18:25:46.345   433   489 D ActivityManager: cleanUpApplicationRecord -- 1504
12-07 18:25:46.345   433   489 W ActivityManager: Scheduling restart of crashed service com.qualcomm.ftcrobotcontroller/org.firstinspires.ftc.robotcore.internal.files.MediaTransferProtocolMonitorService in 1000ms
12-07 18:25:46.346   433   489 W ActivityManager: Scheduling restart of crashed service com.qualcomm.ftcrobotcontroller/org.firstinspires.ftc.onbotjava.OnBotJavaService in 1000ms
12-07 18:25:46.346   433   489 W ActivityManager: Scheduling restart of crashed service com.qualcomm.ftcrobotcontroller/org.firstinspires.ftc.ftccommon.internal.FtcRobotControllerWatchdogService in 1000ms
12-07 18:25:46.346   433   493 I libprocessgroup: Killing pid 1531 in uid 10037 as part of process group 1504
12-07 18:25:46.346   433   489 W ActivityManager: Force removing ActivityRecord{aa33da7 u0 com.qualcomm.ftcrobotcontroller/org.firstinspires.ftc.robotcontroller.internal.FtcRobotControllerActivity t1169}: app died, no saved state
12-07 18:25:46.356   153   153 W SurfaceFlinger: couldn't log to binary event log: overflow.
12-07 18:25:46.366   433   489 I ActivityManager:   Force stopping service ServiceRecord{548efc6 u0 com.qualcomm.ftcrobotcontroller/org.firstinspires.ftc.ftccommon.internal.FtcRobotControllerWatchdogService}
12-07 18:25:46.368  1689  1689 D AndroidRuntime: Shutting down VM
12-07 18:25:46.379   862   862 I ManiActivity_LEANBACK: onStart
12-07 18:25:46.380   862   862 I LauncherWallpaper: resetBackground
12-07 18:25:46.380   862   862 I LauncherWallpaper: updateChildVisibility
12-07 18:25:46.383   862   862 I ManiActivity_LEANBACK: onResume
12-07 18:25:46.383   862   862 I ManiActivity_LEANBACK: updateNetWorkState->networkState
12-07 18:25:46.386   862   862 I AppsAdapter: sortItemsIfNeeded
12-07 18:25:46.386   862   862 I AppsAdapter: sortItemsIfNeeded
12-07 18:25:46.386   862   862 I AppsAdapter: sortItemsIfNeeded
12-07 18:25:46.386   862   862 I LauncherWallpaper: setShynessMode->shyMode:true
12-07 18:25:46.386   862   862 I LauncherWallpaper: updateChildVisibility
12-07 18:25:46.386   862   862 I LauncherWallpaper: resetBackground
12-07 18:25:46.386   862   862 I LauncherWallpaper: updateChildVisibility
12-07 18:25:46.387   862   862 I ManiActivity_LEANBACK: mIdleListeners.get(i)->className:com.rockchips.android.leanbacklauncher.notifications.NotificationsAdapter
12-07 18:25:46.387   862   862 I ManiActivity_LEANBACK: mIdleListeners.get(i)->className:com.rockchips.android.leanbacklauncher.SearchOrbView
12-07 18:25:46.388   862   862 E LQH     : AppViewFocusAnimator->onFocusChange->v:com.rockchips.android.leanbacklauncher.apps.BannerView{2a6c80f VFE...CL. .F...AID 56,0-244,160 #7f0c016f app:id/app_favorite_banner},hasFocus:true
12-07 18:25:46.397   209   718 D RockFFPlayer: reset()***********
12-07 18:25:46.397   209   718 D RockFFPlayerBase: dumpStatus(): Preapared
12-07 18:25:46.397   209   718 D RockFFPlayer: reset(),stop_l
12-07 18:25:46.397   209   718 D RockFFPlayer: stop_l
12-07 18:25:46.397   209   718 D RockFFPlayer: enter enqueueMessage
12-07 18:25:46.397   209   718 D RockFFPlayer: enqueueMessage:****1
12-07 18:25:46.397   209   718 D RockFFPlayer: enqueueMessage:****2
12-07 18:25:46.397   209   718 D RockFFPlayer: enqueueMessage:****3
12-07 18:25:46.397   209   718 D RockFFPlayer: enqueueMessage:Message 1,set signal
12-07 18:25:46.397   209   718 D RockFFPlayer: enqueueMessage:sync wait
12-07 18:25:46.401   209  1624 D RockFFPlayer: deliverMessage 
12-07 18:25:46.401   209  1624 D RockFFPlayer: run : dequeueMessage Message 4
12-07 18:25:46.401   209  1624 D RockFFPlayer: CMD_STOP
12-07 18:25:46.401   209  1624 D RockFFPlayer: doStop()*****
12-07 18:25:46.401   209  1624 D RockFFPlayerBase: dumpStatus(): Preapared
12-07 18:25:46.401   209  1624 D RockFFPlayerBase: dumpStatus(): Stopped
12-07 18:25:46.401   209  1624 D RockFFPlayer: doRelease()************
12-07 18:25:46.401   209  1624 I FFIDecoder: waiting on end of decoder thread
12-07 18:25:46.401   209  1624 E FFMpegThread: DecoderAudio,wait
12-07 18:25:46.401   209  1624 E RockFFPlayerBase: FFMPlayerBase::flushRenderQueue in
12-07 18:25:46.401   209  1624 E RockFFPlayerBase: FFMPlayerBase::flushRenderQueue out
12-07 18:25:46.401   209  1624 D FFMpegThread: DecoderAudio:~PlayerThread enter mThreadStatus=-1
12-07 18:25:46.402   433   562 D GraphicsStats: Buffer count: 3
12-07 18:25:46.402   433   562 D ConnectivityService: ConnectivityService NetworkRequestInfo binderDied(NetworkRequest [ LISTEN id=12, [ Capabilities: INTERNET&NOT_RESTRICTED&TRUSTED] ], android.os.BinderProxy@74fb761)
12-07 18:25:46.402   209  1624 D RockFFPlayer: doRelease ok
12-07 18:25:46.402   209  1624 D RockFFPlayer: doStop()*****OK
12-07 18:25:46.402   209  1624 D RockFFPlayer: run : dequeueMessage Message 4 OK
12-07 18:25:46.402   209  1624 D RockFFPlayer: Messagecomplete type [4]
12-07 18:25:46.402   433   541 D ConnectivityService: releasing NetworkRequest [ LISTEN id=12, [ Capabilities: INTERNET&NOT_RESTRICTED&TRUSTED] ]
12-07 18:25:46.402   209  1624 D RockFFPlayer: run : Message 4 complete
12-07 18:25:46.402   209   718 D RockFFPlayer: enqueueMessage:sync wait ok
12-07 18:25:46.402   209   718 D RockFFPlayer: doRelease() clearQueue************
12-07 18:25:46.402   209   718 D RockFFPlayer: stop_l:MessageStop down
12-07 18:25:46.402   209   718 D RockFFPlayerBase: dumpStatus(): Stopped
12-07 18:25:46.403   209   718 D RockFFPlayer: stop_l : create CancelThread
12-07 18:25:46.403   433   562 D ConnectivityService: ConnectivityService NetworkRequestInfo binderDied(NetworkRequest [ LISTEN id=11, [ Capabilities: INTERNET&NOT_RESTRICTED&TRUSTED] ], android.os.BinderProxy@cd6d286)
12-07 18:25:46.403   433   541 D ConnectivityService: sending notification RELEASED for NetworkRequest [ LISTEN id=12, [ Capabilities: INTERNET&NOT_RESTRICTED&TRUSTED] ]
12-07 18:25:46.403   209  1625 I RockFFPlayer: readthread end of playing
12-07 18:25:46.403   433   541 E ConnectivityService: RemoteException caught trying to send a callback msg for NetworkRequest [ LISTEN id=12, [ Capabilities: INTERNET&NOT_RESTRICTED&TRUSTED] ]
12-07 18:25:46.403   209   718 D RockFFPlayer: stop_l :CancelThread create ok
12-07 18:25:46.404   209   718 D RockFFPlayer: stop_l buffer thread quit
12-07 18:25:46.404   209   718 D RockFFPlayer: enter enqueueMessage
12-07 18:25:46.404   209   718 D RockFFPlayer: enqueueMessage:****1
12-07 18:25:46.404   209   718 D RockFFPlayer: enqueueMessage:****2
12-07 18:25:46.404   209   718 D RockFFPlayer: enqueueMessage:****3
12-07 18:25:46.404   209   718 D RockFFPlayer: enqueueMessage:Message 1,set signal
12-07 18:25:46.404   209   718 D RockFFPlayer: enqueueMessage:sync wait
12-07 18:25:46.404   433   541 D ConnectivityService: releasing NetworkRequest [ LISTEN id=11, [ Capabilities: INTERNET&NOT_RESTRICTED&TRUSTED] ]
12-07 18:25:46.404   209  1624 D RockFFPlayer: deliverMessage 
12-07 18:25:46.404   209  1624 D RockFFPlayer: run : dequeueMessage Message 11
12-07 18:25:46.404   209  1624 D RockFFPlayer: CMD_RESET
12-07 18:25:46.404   209  1624 D RockFFPlayerBase: dumpStatus(): Idle
12-07 18:25:46.404   209  1624 D RockFFPlayer: doReset ok
12-07 18:25:46.404   209  1624 D RockFFPlayer: run : dequeueMessage Message 11 OK
12-07 18:25:46.404   209  1624 D RockFFPlayer: Messagecomplete type [11]
12-07 18:25:46.404   209  1624 D RockFFPlayer: run : Message 11 complete
12-07 18:25:46.404   209   718 D RockFFPlayer: enqueueMessage:sync wait ok
12-07 18:25:46.404   209   718 D RockFFPlayer: reset(),MessageReset down
12-07 18:25:46.404   209  1624 D RockFFPlayer: signal thread out
12-07 18:25:46.404   209  1624 D RockFFPlayer: sched_thread out
12-07 18:25:46.404   209   718 D RockFFPlayer: stop:wait is ok
12-07 18:25:46.404   209   718 D RockFFPlayer: stop:ok
12-07 18:25:46.404   209   718 D RockFFPlayer: ~RkMessageQueue
12-07 18:25:46.404   433   541 D ConnectivityService: sending notification RELEASED for NetworkRequest [ LISTEN id=11, [ Capabilities: INTERNET&NOT_RESTRICTED&TRUSTED] ]
12-07 18:25:46.404   209   718 E FFPlayer: ~FFPlayer
12-07 18:25:46.404   209   718 D RockFFPlayer: reset()***********
12-07 18:25:46.404   209   718 D RockFFPlayerBase: dumpStatus(): Idle
12-07 18:25:46.404   209   718 D RockFFPlayer: CurrentStatus is IDLE,already reset
12-07 18:25:46.404   209   718 D RockFFPlayer: ~FFMPlayer*******
12-07 18:25:46.404   209   718 D RockFFPlayer: reset()***********
12-07 18:25:46.405   209   718 D RockFFPlayerBase: dumpStatus(): Idle
12-07 18:25:46.405   209   718 D RockFFPlayer: CurrentStatus is IDLE,already reset
12-07 18:25:46.405   209   718 D RockFFPlayer: ~FFMPlayer:CancelThread
12-07 18:25:46.405   209  1709 D RockFFPlayer: CancelThread start
12-07 18:25:46.405   209  1709 E RockFFPlayerBase: closeContext : in
12-07 18:25:46.405   433   541 E ConnectivityService: RemoteException caught trying to send a callback msg for NetworkRequest [ LISTEN id=11, [ Capabilities: INTERNET&NOT_RESTRICTED&TRUSTED] ]
12-07 18:25:46.405   209  1709 E RockFFPlayerBase: closeContext : out
12-07 18:25:46.405   209  1709 D RockFFPlayer: CancelThread end
12-07 18:25:46.405   209  1709 D RockFFPlayer: CancelThread return
12-07 18:25:46.405   209   718 D RockFFPlayer: ~FFMediaSource
12-07 18:25:46.405   209   718 D RockFFPlayer: FFMediaSource context null. 
12-07 18:25:46.405   209   718 E TraceThread:     VsyncReciver(tid = 4080367904)--> [UID=9c5405d0] pthread_join begin-->player = 0xf4cf4000
12-07 18:25:46.420   862   862 I ManiActivity_LEANBACK: addWidget->childCount:2
12-07 18:25:46.421   209   718 E TraceThread:     VsyncReciver(tid = 4080367904)--> [UID=9c5405d0] pthread_join   end-->player = 0xf4cf4000
12-07 18:25:46.421   209   718 D VsyncReciver: stop_l:vsyncThread down
12-07 18:25:46.421   209   718 E TraceThread:     RockFFPlayer(tid = 4078278944)--> [UID=9c5405d0] ~FFMPlayer Destruction; object=0xf4cf4000
12-07 18:25:46.421   209   718 D RockFFPlayer: ~FFMPlayer***end
12-07 18:25:46.421   209   718 D RockFFPlayerBase: ~FFMPlayerBase(():mDequeueThread down
12-07 18:25:46.421   209   718 D RockFFPlayerBase: ~RkMessageHandler
12-07 18:25:46.425   862   862 I ClockView: ClockView create
12-07 18:25:46.425   862   862 I ClockView: setTextSize->size:40.0
12-07 18:25:46.425   862   862 I ClockView: setTextSize->size1:40.0
12-07 18:25:47.119  1710  1710 E vpu_api : dlopen vpu lib failed
12-07 18:25:47.124  1710  1710 D AndroidRuntime: >>>>>> START com.android.internal.os.RuntimeInit uid 2000 <<<<<<
12-07 18:25:47.128  1710  1710 D AndroidRuntime: CheckJNI is OFF
12-07 18:25:47.174  1710  1710 D ICU     : No timezone override file found: /data/misc/zoneinfo/current/icu/icu_tzdata.dat
12-07 18:25:47.230  1710  1710 E memtrack: Couldn't load memtrack module (No such file or directory)
12-07 18:25:47.230  1710  1710 E android.os.Debug: failed to load memtrack module: -2
12-07 18:25:47.232  1710  1710 I Radio-JNI: register_android_hardware_Radio DONE
12-07 18:25:47.262  1710  1710 D AndroidRuntime: Calling main entry com.android.commands.am.Am
12-07 18:25:47.287   433   489 I ActivityManager: Force stopping com.qualcomm.ftcrobotcontroller appid=10037 user=0: from pid 1710
12-07 18:25:47.288  1710  1710 D AndroidRuntime: Shutting down VM
12-07 18:25:48.093  1720  1720 E vpu_api : dlopen vpu lib failed
12-07 18:25:48.098  1720  1720 D AndroidRuntime: >>>>>> START com.android.internal.os.RuntimeInit uid 2000 <<<<<<
12-07 18:25:48.103  1720  1720 D AndroidRuntime: CheckJNI is OFF
12-07 18:25:48.145  1720  1720 D ICU     : No timezone override file found: /data/misc/zoneinfo/current/icu/icu_tzdata.dat
12-07 18:25:48.183  1720  1720 E memtrack: Couldn't load memtrack module (No such file or directory)
12-07 18:25:48.183  1720  1720 E android.os.Debug: failed to load memtrack module: -2
12-07 18:25:48.184  1720  1720 I Radio-JNI: register_android_hardware_Radio DONE
12-07 18:25:48.204  1720  1720 D AndroidRuntime: Calling main entry com.android.commands.wm.Wm
12-07 18:25:48.208  1720  1720 D AndroidRuntime: Shutting down VM
12-07 18:25:49.408   199   238 D alsa_route: route_set_controls() set route 24
12-07 18:25:49.408   199   238 D AudioHardwareTiny: close device
12-07 18:25:50.487  1086  1086 I hostapd : type=1400 audit(0.0:206): avc: denied { write } for name="wpa_ctrl_957-1" dev="mmcblk0p14" ino=180480 scontext=u:r:hostapd:s0 tcontext=u:object_r:wpa_socket:s0:c512,c768 tclass=sock_file permissive=1
12-07 18:25:50.491  1086  1086 I hostapd : type=1400 audit(0.0:207): avc: denied { sendto } for path="/data/misc/wifi/sockets/wpa_ctrl_957-1" scontext=u:r:hostapd:s0 tcontext=u:r:platform_app:s0:c512,c768 tclass=unix_dgram_socket permissive=1
12-07 18:25:52.570  1743  1743 I studio.deploy: Received request 'dump'
12-07 18:25:55.497   957   957 I pool-2-thread-1: type=1400 audit(0.0:208): avc: denied { sendto } for path="/data/misc/wifi/hostapd/wlan0" scontext=u:r:platform_app:s0:c512,c768 tcontext=u:r:hostapd:s0 tclass=unix_dgram_socket permissive=1
12-07 18:25:55.946   957  1000 W FtcAccessPointService: MonitoringThread: The RC has not reported itself as alive for more than 10 seconds. Relaunching the RC.
12-07 18:25:55.948   433   470 I ActivityManager: Force stopping com.qualcomm.ftcrobotcontroller appid=10037 user=0: from pid 957
12-07 18:25:56.993   957  1000 I FtcAccessPointService: MonitoringThread: Launching RC app
12-07 18:25:56.995   433   562 I ActivityManager: START u0 {act=android.intent.action.MAIN cat=[android.intent.category.LAUNCHER] flg=0x10000000 pkg=com.qualcomm.ftcrobotcontroller cmp=com.qualcomm.ftcrobotcontroller/org.firstinspires.ftc.robotcontroller.internal.PermissionValidatorWrapper} from uid 10034 on display 0
12-07 18:25:57.004   862   862 I ManiActivity_LEANBACK: onPause
12-07 18:25:57.028   433   489 I ActivityManager: Start proc 1748:com.qualcomm.ftcrobotcontroller/u0a37 for activity com.qualcomm.ftcrobotcontroller/org.firstinspires.ftc.robotcontroller.internal.PermissionValidatorWrapper
12-07 18:25:57.031  1748  1748 I chatty  : uid=10037(com.qualcomm.ftcrobotcontroller) expire 139 lines
12-07 18:25:57.072  1743  1743 I studio.deploy: Received request 'deltainstall'
12-07 18:25:57.186   204   204 I         : free_cache(103624849) avail 12394033152
12-07 18:25:57.235  1748  1775 I chatty  : uid=10037(com.qualcomm.ftcrobotcontroller) expire 3 lines
12-07 18:25:57.256   957   957 I FtcAccessPointService: MonitoringThread: Changing rcAliveNotificationTimeoutSeconds from 10 to 20
12-07 18:25:57.307  1782  1782 I chatty  : uid=10037(com.qualcomm.ftcrobotcontroller) logcat expire 2 lines
12-07 18:25:57.369   433   562 I ActivityManager: START u0 {cmp=com.qualcomm.ftcrobotcontroller/org.firstinspires.ftc.robotcontroller.internal.FtcRobotControllerActivity} from uid 10037 on display 0
12-07 18:25:57.344  1778  1778 I ps      : type=1400 audit(0.0:211): avc: denied { getattr } for path="/proc/1" dev="proc" ino=1193 scontext=u:r:untrusted_app:s0:c512,c768 tcontext=u:r:init:s0 tclass=dir permissive=1
12-07 18:25:57.347  1778  1778 I ps      : type=1400 audit(0.0:212): avc: denied { search } for name="1" dev="proc" ino=1193 scontext=u:r:untrusted_app:s0:c512,c768 tcontext=u:r:init:s0 tclass=dir permissive=1
12-07 18:25:57.347  1778  1778 I ps      : type=1400 audit(0.0:213): avc: denied { getattr } for path="/proc/2" dev="proc" ino=9430 scontext=u:r:untrusted_app:s0:c512,c768 tcontext=u:r:kernel:s0 tclass=dir permissive=1
12-07 18:25:57.347  1778  1778 I ps      : type=1400 audit(0.0:214): avc: denied { search } for name="2" dev="proc" ino=9430 scontext=u:r:untrusted_app:s0:c512,c768 tcontext=u:r:kernel:s0 tclass=dir permissive=1
12-07 18:25:57.347  1778  1778 I ps      : type=1400 audit(0.0:215): avc: denied { read } for name="cmdline" dev="proc" ino=9530 scontext=u:r:untrusted_app:s0:c512,c768 tcontext=u:r:kernel:s0 tclass=file permissive=1
12-07 18:25:57.347  1778  1778 I ps      : type=1400 audit(0.0:216): avc: denied { open } for path="/proc/2/cmdline" dev="proc" ino=9530 scontext=u:r:untrusted_app:s0:c512,c768 tcontext=u:r:kernel:s0 tclass=file permissive=1
12-07 18:25:57.516   862   862 E LQH     : AppViewFocusAnimator->onFocusChange->v:com.rockchips.android.leanbacklauncher.apps.BannerView{2a6c80f VFE...CL. .....AID 56,0-244,160 #7f0c016f app:id/app_favorite_banner},hasFocus:false
12-07 18:25:57.535   153   153 W SurfaceFlinger: couldn't log to binary event log: overflow.
12-07 18:25:57.875   433   491 W ActivityManager: Activity pause timeout for ActivityRecord{88862c2 u0 com.qualcomm.ftcrobotcontroller/org.firstinspires.ftc.robotcontroller.internal.PermissionValidatorWrapper t1170 f}
12-07 18:25:58.499  1748  1790 I chatty  : uid=10037(com.qualcomm.ftcrobotcontroller) expire 1 line
12-07 18:25:58.549  1748  1792 I chatty  : uid=10037(com.qualcomm.ftcrobotcontroller) expire 2 lines
12-07 18:25:58.764   433   562 D ConnectivityService: listenForNetwork for uid/pid:10037/1748 NetworkRequest [ LISTEN id=13, [ Capabilities: INTERNET&NOT_RESTRICTED&TRUSTED] ]
12-07 18:25:59.568  1748  1748 I chatty  : uid=10037(com.qualcomm.ftcrobotcontroller) expire 243 lines
12-07 18:26:01.131   433   504 I ActivityManager: Start proc 1816:com.android.defcontainer/u0a4 for service com.android.defcontainer/.DefaultContainerService
12-07 18:26:01.291  1835  1835 I chatty  : uid=10037(com.qualcomm.ftcrobotcontroller) ps expire 8 lines
12-07 18:26:01.324   433   504 I PackageManager.DexOptimizer: Running dexopt (dex2oat) on: /data/app/vmdl786501514.tmp/base.apk pkg=com.qualcomm.ftcrobotcontroller isa=arm vmSafeMode=false debuggable=true target-filter=interpret-only oatDir = /data/app/vmdl786501514.tmp/oat sharedLibraries=null
12-07 18:26:01.520  1840  1840 I dex2oat : /system/bin/dex2oat --compiler-filter=interpret-only --debuggable
12-07 18:26:02.397   808   808 D lvjinhua:  Failed while trying resolve alarm filter file, not exists
12-07 18:26:04.504   433   470 D ConnectivityService: listenForNetwork for uid/pid:10037/1748 NetworkRequest [ LISTEN id=14, [ Capabilities: INTERNET&NOT_RESTRICTED&TRUSTED] ]
12-07 18:26:04.801  1748  1753 I chatty  : uid=10037(com.qualcomm.ftcrobotcontroller) expire 6 lines
12-07 18:26:04.814   808   814 I art     : Do partial code cache collection, code=25KB, data=29KB
12-07 18:26:04.814   808   814 I art     : After code cache collection, code=25KB, data=29KB
12-07 18:26:04.815   808   814 I art     : Increasing code cache capacity to 128KB
12-07 18:26:05.010  1748  1748 I chatty  : uid=10037(com.qualcomm.ftcrobotcontroller) expire 33 lines
12-07 18:26:05.028   957  1854 I FtcAccessPointService: Received FTC_AP_SETTINGS_CHANGE
12-07 18:26:05.028   957  1854 I FtcAccessPointService: Received FTC_AP_SETTINGS_CHANGE intent=#Intent;action=org.firstinspires.ftc.intent.action.FTC_AP_SETTINGS_CHANGE;component=org.firstinspires.ftc.ftcaccesspointservice/.FtcAccessPointService;S.org.firstinspires.ftc.intent.extra.EXTRA_AP_PASSWORD=password;S.org.firstinspires.ftc.intent.extra.EXTRA_AP_NAME=FTC-krme;end
12-07 18:26:05.028   957  1854 I FtcAccessPointService: processed AP settings: name=FTC-krme password=password band=null channel=null
12-07 18:26:05.028   957  1854 I FtcAccessPointService: Taking no action on FTC_AP_SETTINGS_CHANGE
12-07 18:26:05.028   957  1854 I FtcAccessPointService: Received TEST_FTC_WIFI
12-07 18:26:05.081  1748  1852 I chatty  : uid=10037(com.qualcomm.ftcrobotcontroller) expire 3 lines
12-07 18:26:05.121  1748  1857 I chatty  : uid=10037(com.qualcomm.ftcrobotcontroller) expire 1 line
12-07 18:26:05.131  1748  1860 I chatty  : uid=10037(com.qualcomm.ftcrobotcontroller) expire 112 lines
12-07 18:26:05.142   957   957 I FtcAccessPointService: MonitoringThread: Changing rcAliveNotificationTimeoutSeconds from 20 to 10
12-07 18:26:05.258   433   498 I ActivityManager: Displayed com.qualcomm.ftcrobotcontroller/org.firstinspires.ftc.robotcontroller.internal.FtcRobotControllerActivity: +7s382ms (total +8s243ms)
12-07 18:26:05.284   862   862 I AppsAdapter: sortItemsIfNeeded
12-07 18:26:05.284   862   862 I AppsAdapter: sortItemsIfNeeded
12-07 18:26:05.284   862   862 I AppsAdapter: sortItemsIfNeeded
12-07 18:26:05.494   957   957 I pool-2-thread-1: type=1400 audit(0.0:225): avc: denied { sendto } for path="/data/misc/wifi/hostapd/wlan0" scontext=u:r:platform_app:s0:c512,c768 tcontext=u:r:hostapd:s0 tclass=unix_dgram_socket permissive=1
12-07 18:26:05.494  1086  1086 I hostapd : type=1400 audit(0.0:226): avc: denied { write } for name="wpa_ctrl_957-1" dev="mmcblk0p14" ino=180480 scontext=u:r:hostapd:s0 tcontext=u:object_r:wpa_socket:s0:c512,c768 tclass=sock_file permissive=1
12-07 18:26:06.006  1840  1840 I dex2oat : Large app, accepted running with swap.
12-07 18:26:06.098  1840  1840 W dex2oat : Before Android 4.1, method int androidx.appcompat.widget.DropDownListView.lookForSelectablePosition(int, boolean) would have incorrectly overridden the package-private method in android.widget.ListView
12-07 18:26:06.293  1840  1866 W dex2oat : Before Android 4.1, method int androidx.appcompat.widget.MenuPopupWindow$MenuDropDownListView.lookForSelectablePosition(int, boolean) would have incorrectly overridden the package-private method in android.widget.ListView
12-07 18:26:06.375  1840  1865 W dex2oat : Before Android 4.1, method android.graphics.PorterDuffColorFilter androidx.vectordrawable.graphics.drawable.VectorDrawableCompat.updateTintFilter(android.graphics.PorterDuffColorFilter, android.content.res.ColorStateList, android.graphics.PorterDuff$Mode) would have incorrectly overridden the package-private method in android.graphics.drawable.Drawable
12-07 18:26:07.401   808   808 D lvjinhua:  Failed while trying resolve alarm filter file, not exists
12-07 18:26:08.529  1748  1793 I chatty  : uid=10037(com.qualcomm.ftcrobotcontroller) expire 1 line
12-07 18:26:09.544  1748  1759 I chatty  : uid=10037(com.qualcomm.ftcrobotcontroller) expire 5 lines
12-07 18:26:10.783  1840  1865 W dex2oat : Before Android 4.1, method double java.util.concurrent.ThreadLocalRandom.internalNextDouble(double, double) would have incorrectly overridden the package-private method in java.util.Random
12-07 18:26:10.783  1840  1865 W dex2oat : Before Android 4.1, method int java.util.concurrent.ThreadLocalRandom.internalNextInt(int, int) would have incorrectly overridden the package-private method in java.util.Random
12-07 18:26:10.783  1840  1865 W dex2oat : Before Android 4.1, method long java.util.concurrent.ThreadLocalRandom.internalNextLong(long, long) would have incorrectly overridden the package-private method in java.util.Random
12-07 18:26:12.049  1748  1755 I chatty  : uid=10037(com.qualcomm.ftcrobotcontroller) expire 2 lines
12-07 18:26:13.193  1748  1869 I chatty  : uid=10037(com.qualcomm.ftcrobotcontroller) expire 10 lines
12-07 18:26:13.200  1748  1871 I chatty  : uid=10037(com.qualcomm.ftcrobotcontroller) expire 1 line
12-07 18:26:13.201  1748  1870 I chatty  : uid=10037(com.qualcomm.ftcrobotcontroller) expire 25 lines
12-07 18:26:13.205  1748  1872 I chatty  : uid=10037(com.qualcomm.ftcrobotcontroller) expire 6 lines
12-07 18:26:13.212  1748  1873 I chatty  : uid=10037(com.qualcomm.ftcrobotcontroller) expire 28 lines
12-07 18:26:13.264   209   264 I MediaPlayerService: processName cmdline:/proc/1748/cmdline
12-07 18:26:13.264   209   209 I Binder:209_2: type=1400 audit(0.0:227): avc: denied { create } for name="rk_ext_subtitle" scontext=u:r:mediaserver:s0 tcontext=u:object_r:system_data_file:s0 tclass=dir permissive=1
12-07 18:26:13.264   209   209 I Binder:209_2: type=1400 audit(0.0:228): avc: denied { setattr } for name="rk_ext_subtitle" dev="mmcblk0p14" ino=172033 scontext=u:r:mediaserver:s0 tcontext=u:object_r:system_data_file:s0 tclass=dir permissive=1
12-07 18:26:13.265   209   614 I MediaPlayerFactory:  createFFPlayer
12-07 18:26:13.266   209   614 E FFPlayer: isBluray(), extension = .apk
12-07 18:26:13.266   209   614 E FFPlayerHelper: isBDDirectory() ,path = /data/app/com.qualcomm.ftcrobotcontroller-1/base.apk
12-07 18:26:13.266   209   614 E FFPlayerHelper: isBDDirectory(): no BDMV
12-07 18:26:13.267   209   614 D RkMemConfig: RkMemConfig init
12-07 18:26:13.267   209   614 E RockFFPlayerBase: FFMPlayerBase:eDisplayIdMain
12-07 18:26:13.267   209   614 D FFPlayerHelper: MediaServer is SP_FOREGROUND, tid=614
12-07 18:26:13.267   209   614 D RkExtensionPlayer: RkExtensionPlayer in
12-07 18:26:13.267   209   614 D RkExtensionPlayer: checkDirectoryAccess: Directory[0] = /tmp/rk_ext_subtitle/, AccessPermission = -1
12-07 18:26:13.267   209   614 D RkExtensionPlayer: checkDirectoryAccess: Directory[1] = /data/rk_ext_subtitle/, AccessPermission = -1
12-07 18:26:13.268   209   614 D RkExtensionPlayer: checkDirectoryAccess: Directory[2] = /data/media/0/rk_ext_subtitle/, AccessPermission = -1
12-07 18:26:13.268   209   614 E RkExtensionPlayer: createDirectory(), path = /tmp/rk_ext_subtitle/
12-07 18:26:13.268   209   614 E RkExtensionPlayer: createDirectory(), create directory = /tmp/rk_ext_subtitle/ fail,reson = No such file or directory
12-07 18:26:13.268   209   614 E RkExtensionPlayer: createDirectory(), path = /data/rk_ext_subtitle/
12-07 18:26:13.268   209   614 E RkExtensionPlayer: createDirectory(), path = /data/rk_ext_subtitle/f4cb4300/
12-07 18:26:13.268   209   614 D RkExtensionPlayer: checkDirectoryAccess: Use [/data/rk_ext_subtitle/f4cb4300/] as Temp Subtile Directory
12-07 18:26:13.275   209   614 E TraceThread: TraceThread::randomUID() --> [UID=e0a9639d]
12-07 18:26:13.275   209   614 E TraceThread:     RockFFPlayer(tid = 4082456864)--> [UID=e0a9639d] FFMPlayer Construction; object=0xf2d4f000
12-07 18:26:13.275   209   614 D RockFFPlayer: setDataSource fd = 12, offset =38138828,length = 72716
12-07 18:26:13.275   209   614 D RockFFPlayer: start:create thread
12-07 18:26:13.276   209  1879 E TraceThread:     VsyncReciver(tid = 4080367904)--> [UID=e0a9639d] VsyncReciver::startthread
12-07 18:26:13.277   209  1880 D RockFFPlayer: RkMessageQueue::run()
12-07 18:26:13.277   209   614 D RockFFPlayer: start:create thread ok,mThreadStatus=0
12-07 18:26:13.277   209   614 D RockFFPlayer: enter enqueueMessage
12-07 18:26:13.277   209   614 D RockFFPlayer: enqueueMessage:****1
12-07 18:26:13.277   209   614 D RockFFPlayer: enqueueMessage:****2
12-07 18:26:13.277   209   614 D RockFFPlayer: enqueueMessage:****3
12-07 18:26:13.277   209   614 D RockFFPlayer: enqueueMessage:Message 1,set signal
12-07 18:26:13.277   209   614 D RockFFPlayer: enqueueMessage:sync wait
12-07 18:26:13.277   209  1880 D RockFFPlayer: deliverMessage 
12-07 18:26:13.277   209  1880 D RockFFPlayer: run : dequeueMessage Message 20
12-07 18:26:13.277   209  1880 D RockFFPlayer: CMD_CURRENTSTATUS
12-07 18:26:13.277   209  1880 D RockFFPlayerBase: dumpStatus(): Initialized
12-07 18:26:13.277   209  1880 D RockFFPlayer: run : dequeueMessage Message 20 OK
12-07 18:26:13.277   209  1880 D RockFFPlayer: Messagecomplete type [20]
12-07 18:26:13.277   209  1880 D RockFFPlayer: run : Message 20 complete
12-07 18:26:13.277   209   614 D RockFFPlayer: enqueueMessage:sync wait ok
12-07 18:26:13.278   209   718 D RockFFPlayer: prepareAsync in
12-07 18:26:13.278   209   718 D RockFFPlayerBase: dumpStatus(): Initialized
12-07 18:26:13.278   209   718 D RockFFPlayerBase: dumpStatus(): Preparing
12-07 18:26:13.277   209   209 I FFParser: type=1400 audit(0.0:229): avc: denied { read } for name="com.qualcomm.ftcrobotcontroller-1" dev="mmcblk0p14" ino=483346 scontext=u:r:mediaserver:s0 tcontext=u:object_r:apk_data_file:s0 tclass=dir permissive=1
12-07 18:26:13.277   209   209 I FFParser: type=1400 audit(0.0:230): avc: denied { open } for path="/data/app/com.qualcomm.ftcrobotcontroller-1" dev="mmcblk0p14" ino=483346 scontext=u:r:mediaserver:s0 tcontext=u:object_r:apk_data_file:s0 tclass=dir permissive=1
12-07 18:26:13.317   209   209 I RkMsgQueue: type=1400 audit(0.0:231): avc: denied { read } for name="f4cb4300" dev="mmcblk0p14" ino=172034 scontext=u:r:mediaserver:s0 tcontext=u:object_r:system_data_file:s0 tclass=dir permissive=1
12-07 18:26:13.317   209   209 I RkMsgQueue: type=1400 audit(0.0:232): avc: denied { open } for path="/data/rk_ext_subtitle/f4cb4300" dev="mmcblk0p14" ino=172034 scontext=u:r:mediaserver:s0 tcontext=u:object_r:system_data_file:s0 tclass=dir permissive=1
12-07 18:26:13.317   209   209 I RkMsgQueue: type=1400 audit(0.0:233): avc: denied { remove_name } for name="f4cb4300" dev="mmcblk0p14" ino=172034 scontext=u:r:mediaserver:s0 tcontext=u:object_r:system_data_file:s0 tclass=dir permissive=1
12-07 18:26:13.317   209   209 I RkMsgQueue: type=1400 audit(0.0:234): avc: denied { rmdir } for name="f4cb4300" dev="mmcblk0p14" ino=172034 scontext=u:r:mediaserver:s0 tcontext=u:object_r:system_data_file:s0 tclass=dir permissive=1
12-07 18:26:13.280   209  1881 I FFPlayer_Version: ******************************************
12-07 18:26:13.280   209  1881 I FFPlayer_Version: 
12-07 18:26:13.280   209  1881 I FFPlayer_Version: starting main player: v2.1 ffplayer git_version: git-2018-01-18-45a23f4
12-07 18:26:13.280   209  1881 I FFPlayer_Version: ffPlayer runs on BOARD_RK3328
12-07 18:26:13.280   209  1881 I FFPlayer_Version: 
12-07 18:26:13.280   209  1881 I FFPlayer_Version: ******************************************
12-07 18:26:13.280   209  1881 I RockFFPlayer: setDataSource(url =file/fd::12,offset::38138828,length::72716)
12-07 18:26:13.280   209  1881 I RockFFPlayer: setDataSource(fileurl =/data/app/com.qualcomm.ftcrobotcontroller-1/base.apk)
12-07 18:26:13.280   209   718 D RockFFPlayer: prepareAsync ok
12-07 18:26:13.281   209  1881 E RockFFPlayerBase: openContext : in
12-07 18:26:13.281   209  1881 E RockFFPlayer: ffmpeg version v2.1: git-2017-12-25-6d3343b
12-07 18:26:13.281   209  1881 E RockFFPlayer: av_probe_input_buffer:avio_read
12-07 18:26:13.281   209  1881 I RockFFPlayer: flv_probe get probe score: 0
12-07 18:26:13.281   209  1881 E RockFFPlayer: Hery, probe size = 0
12-07 18:26:13.281   209  1881 E RockFFPlayer: avformat_open_input:read_header
12-07 18:26:13.282   209  1881 E RockFFPlayer: file_read: offset=38211544, c->offset=38138828, c->length=72716
12-07 18:26:13.282   209  1881 E RockFFPlayer: file_read: offset=38211544, c->offset=38138828, c->length=72716
12-07 18:26:13.282   209  1881 E RockFFPlayer: avformat_open_input:read_header ok
12-07 18:26:13.282   209  1881 D RkExtensionPlayer: openContext in
12-07 18:26:13.282   209  1881 E RkExtensionPlayer: autoDetect(): path = /data/app/com.qualcomm.ftcrobotcontroller-1/base.apk
12-07 18:26:13.282   209  1881 E FFPlayerHelper: isNetWorkUrl: url = /data/app/com.qualcomm.ftcrobotcontroller-1/base.apk
12-07 18:26:13.282   209  1881 E FFPlayerHelper: isBDDirectory() ,path = /data/app/com.qualcomm.ftcrobotcontroller-1
12-07 18:26:13.282   209  1881 E FFPlayerHelper: isBDDirectory(): no BDMV
12-07 18:26:13.282   209  1881 D RkExtensionPlayer: openContext out,mTrackInfos size = 0
12-07 18:26:13.282   209  1881 E RockFFPlayerBase: openContext : out,ret = 0
12-07 18:26:13.282   209  1881 D RockFFPlayer: the source format name: wav
12-07 18:26:13.282   209  1881 D RockFFPlayer: find av stream info in
12-07 18:26:13.317   209   209 I RkMsgQueue: type=1400 audit(0.0:235): avc: denied { write } for name="trace_thread.log" dev="mmcblk0p14" ino=14 scontext=u:r:mediaserver:s0 tcontext=u:object_r:system_data_file:s0 tclass=file permissive=1
12-07 18:26:13.317   209   209 I RkMsgQueue: type=1400 audit(0.0:236): avc: denied { open } for path="/data/trace_thread.log" dev="mmcblk0p14" ino=14 scontext=u:r:mediaserver:s0 tcontext=u:object_r:system_data_file:s0 tclass=file permissive=1
12-07 18:26:13.282   209  1881 I RockFFPlayer: flv_probe get probe score: 0
12-07 18:26:13.283   209  1881 E RockFFPlayer: Hery, probe size = 0
12-07 18:26:13.283   209  1881 I RockFFPlayer: flv_probe get probe score: 0
12-07 18:26:13.284   209  1881 E RockFFPlayer: Hery, probe size = 0
12-07 18:26:13.286   209  1881 I RockFFPlayer: flv_probe get probe score: 0
12-07 18:26:13.286   209  1881 E RockFFPlayer: Hery, probe size = 0
12-07 18:26:13.289   209  1881 I RockFFPlayer: flv_probe get probe score: 0
12-07 18:26:13.290   209  1881 E RockFFPlayer: Hery, probe size = 0
12-07 18:26:13.297   209  1881 I RockFFPlayer: flv_probe get probe score: 0
12-07 18:26:13.299   209  1881 E RockFFPlayer: Hery, probe size = 0
12-07 18:26:13.306   209  1881 E RockFFPlayer: file_read: offset=38211544, c->offset=38138828, c->length=72716
12-07 18:26:13.306   209  1881 E RockFFPlayer: file_read: offset=38211544, c->offset=38138828, c->length=72716
12-07 18:26:13.309   209  1881 I RockFFPlayer: flv_probe get probe score: 0
