12-07 18:27:18.302  1999  2087 V Robocol : sending CMD_RECEIVE_FRAME_CHUNK(1152), attempt: 0
12-07 18:27:18.338  1999  2083 V Robocol : received command: CMD_REQUEST_FRAME(10876) 
12-07 18:27:18.412  1999  2010 I art     : Background sticky concurrent mark sweep GC freed 153235(6MB) AllocSpace objects, 45(4MB) LOS objects, 20% free, 43MB/54MB, paused 7.011ms total 113.053ms
12-07 18:27:18.470  1999  2087 V Robocol : sending CMD_RECEIVE_FRAME_BEGIN(1173), attempt: 0
12-07 18:27:18.471  1999  2087 V Robocol : sending CMD_RECEIVE_FRAME_CHUNK(1174), attempt: 0
12-07 18:27:18.472  1999  2087 V Robocol : sending CMD_RECEIVE_FRAME_CHUNK(1175), attempt: 0
12-07 18:27:18.473  1999  2087 V Robocol : sending CMD_RECEIVE_FRAME_CHUNK(1176), attempt: 0
12-07 18:27:18.474  1999  2087 V Robocol : sending CMD_RECEIVE_FRAME_CHUNK(1177), attempt: 0
12-07 18:27:18.476  1999  2087 V Robocol : sending CMD_RECEIVE_FRAME_CHUNK(1178), attempt: 0
12-07 18:27:18.479  1999  2087 V Robocol : sending CMD_RECEIVE_FRAME_CHUNK(1179), attempt: 0
12-07 18:27:18.482  1999  2087 V Robocol : sending CMD_RECEIVE_FRAME_CHUNK(1180), attempt: 0
12-07 18:27:18.485  1999  2083 V Robocol : received command: CMD_REQUEST_FRAME(10887) 
12-07 18:27:18.489  1999  2087 V Robocol : sending CMD_RECEIVE_FRAME_CHUNK(1181), attempt: 0
12-07 18:27:18.492  1999  2087 V Robocol : sending CMD_RECEIVE_FRAME_CHUNK(1182), attempt: 0
12-07 18:27:18.497  1999  2087 V Robocol : sending CMD_RECEIVE_FRAME_CHUNK(1183), attempt: 0
12-07 18:27:18.499  1999  2087 V Robocol : sending CMD_RECEIVE_FRAME_CHUNK(1184), attempt: 0
12-07 18:27:18.503  1999  2087 V Robocol : sending CMD_RECEIVE_FRAME_CHUNK(1185), attempt: 0
12-07 18:27:18.506  1999  2087 V Robocol : sending CMD_RECEIVE_FRAME_CHUNK(1186), attempt: 0
12-07 18:27:18.509  1999  2087 V Robocol : sending CMD_RECEIVE_FRAME_CHUNK(1187), attempt: 0
12-07 18:27:18.513  1999  2087 V Robocol : sending CMD_RECEIVE_FRAME_CHUNK(1188), attempt: 0
12-07 18:27:18.603  1999  2083 V Robocol : received command: CMD_REQUEST_FRAME(10908) 
12-07 18:27:18.670  1999  2087 V Robocol : sending CMD_RECEIVE_FRAME_BEGIN(1213), attempt: 0
12-07 18:27:18.670  1999  2087 V Robocol : sending CMD_RECEIVE_FRAME_CHUNK(1214), attempt: 0
12-07 18:27:18.672  1999  2087 V Robocol : sending CMD_RECEIVE_FRAME_CHUNK(1215), attempt: 0
12-07 18:27:18.673  1999  2087 V Robocol : sending CMD_RECEIVE_FRAME_CHUNK(1216), attempt: 0
12-07 18:27:18.674  1999  2087 V Robocol : sending CMD_RECEIVE_FRAME_CHUNK(1217), attempt: 0
12-07 18:27:18.675  1999  2087 V Robocol : sending CMD_RECEIVE_FRAME_CHUNK(1218), attempt: 0
12-07 18:27:18.677  1999  2087 V Robocol : sending CMD_RECEIVE_FRAME_CHUNK(1219), attempt: 0
12-07 18:27:18.678  1999  2087 V Robocol : sending CMD_RECEIVE_FRAME_CHUNK(1220), attempt: 0
12-07 18:27:18.679  1999  2087 V Robocol : sending CMD_RECEIVE_FRAME_CHUNK(1221), attempt: 0
12-07 18:27:18.681  1999  2087 V Robocol : sending CMD_RECEIVE_FRAME_CHUNK(1222), attempt: 0
12-07 18:27:18.712  1999  2087 V Robocol : sending CMD_RECEIVE_FRAME_CHUNK(1223), attempt: 0
12-07 18:27:18.713  1999  2087 V Robocol : sending CMD_RECEIVE_FRAME_CHUNK(1224), attempt: 0
12-07 18:27:18.714  1999  2087 V Robocol : sending CMD_RECEIVE_FRAME_CHUNK(1225), attempt: 0
12-07 18:27:18.715  1999  2087 V Robocol : sending CMD_RECEIVE_FRAME_CHUNK(1226), attempt: 0
12-07 18:27:18.717  1999  2087 V Robocol : sending CMD_RECEIVE_FRAME_CHUNK(1227), attempt: 0
12-07 18:27:18.718  1999  2087 V Robocol : sending CMD_RECEIVE_FRAME_CHUNK(1228), attempt: 0
12-07 18:27:18.760  1999  2083 V Robocol : received command: CMD_REQUEST_FRAME(10925) 
12-07 18:27:18.830  1999  2087 V Robocol : sending CMD_RECEIVE_FRAME_BEGIN(1249), attempt: 0
12-07 18:27:18.830  1999  2087 V Robocol : sending CMD_RECEIVE_FRAME_CHUNK(1250), attempt: 0
12-07 18:27:18.832  1999  2087 V Robocol : sending CMD_RECEIVE_FRAME_CHUNK(1251), attempt: 0
12-07 18:27:18.833  1999  2087 V Robocol : sending CMD_RECEIVE_FRAME_CHUNK(1252), attempt: 0
12-07 18:27:18.834  1999  2087 V Robocol : sending CMD_RECEIVE_FRAME_CHUNK(1253), attempt: 0
12-07 18:27:18.835  1999  2087 V Robocol : sending CMD_RECEIVE_FRAME_CHUNK(1254), attempt: 0
12-07 18:27:18.836  1999  2087 V Robocol : sending CMD_RECEIVE_FRAME_CHUNK(1255), attempt: 0
12-07 18:27:18.837  1999  2087 V Robocol : sending CMD_RECEIVE_FRAME_CHUNK(1256), attempt: 0
12-07 18:27:18.838  1999  2087 V Robocol : sending CMD_RECEIVE_FRAME_CHUNK(1257), attempt: 0
12-07 18:27:18.839  1999  2087 V Robocol : sending CMD_RECEIVE_FRAME_CHUNK(1258), attempt: 0
12-07 18:27:18.840  1999  2087 V Robocol : sending CMD_RECEIVE_FRAME_CHUNK(1259), attempt: 0
12-07 18:27:18.841  1999  2087 V Robocol : sending CMD_RECEIVE_FRAME_CHUNK(1260), attempt: 0
12-07 18:27:18.842  1999  2087 V Robocol : sending CMD_RECEIVE_FRAME_CHUNK(1261), attempt: 0
12-07 18:27:18.844  1999  2087 V Robocol : sending CMD_RECEIVE_FRAME_CHUNK(1262), attempt: 0
12-07 18:27:18.870  1999  2087 V Robocol : sending CMD_RECEIVE_FRAME_CHUNK(1263), attempt: 0
12-07 18:27:18.872  1999  2087 V Robocol : sending CMD_RECEIVE_FRAME_CHUNK(1264), attempt: 0
12-07 18:27:18.873  1999  2087 V Robocol : sending CMD_RECEIVE_FRAME_CHUNK(1266), attempt: 0
12-07 18:27:18.910  1999  2083 V Robocol : received command: CMD_REQUEST_FRAME(10949) 
12-07 18:27:18.990  1999  2087 V Robocol : sending CMD_RECEIVE_FRAME_BEGIN(1288), attempt: 0
12-07 18:27:18.990  1999  2087 V Robocol : sending CMD_RECEIVE_FRAME_CHUNK(1289), attempt: 0
12-07 18:27:18.991  1999  2087 V Robocol : sending CMD_RECEIVE_FRAME_CHUNK(1290), attempt: 0
12-07 18:27:18.992  1999  2087 V Robocol : sending CMD_RECEIVE_FRAME_CHUNK(1291), attempt: 0
12-07 18:27:18.994  1999  2087 V Robocol : sending CMD_RECEIVE_FRAME_CHUNK(1292), attempt: 0
12-07 18:27:18.995  1999  2087 V Robocol : sending CMD_RECEIVE_FRAME_CHUNK(1293), attempt: 0
12-07 18:27:18.996  1999  2087 V Robocol : sending CMD_RECEIVE_FRAME_CHUNK(1294), attempt: 0
12-07 18:27:19.001  1999  2087 V Robocol : sending CMD_RECEIVE_FRAME_CHUNK(1295), attempt: 0
12-07 18:27:19.014  1999  2087 V Robocol : sending CMD_RECEIVE_FRAME_CHUNK(1296), attempt: 0
12-07 18:27:19.018  1999  2087 V Robocol : sending CMD_RECEIVE_FRAME_CHUNK(1297), attempt: 0
12-07 18:27:19.020  1999  2087 V Robocol : sending CMD_RECEIVE_FRAME_CHUNK(1298), attempt: 0
12-07 18:27:19.021  1999  2087 V Robocol : sending CMD_RECEIVE_FRAME_CHUNK(1299), attempt: 0
12-07 18:27:19.025  1999  2087 V Robocol : sending CMD_RECEIVE_FRAME_CHUNK(1300), attempt: 0
12-07 18:27:19.026  1999  2087 V Robocol : sending CMD_RECEIVE_FRAME_CHUNK(1301), attempt: 0
12-07 18:27:19.034  1999  2087 V Robocol : sending CMD_RECEIVE_FRAME_CHUNK(1302), attempt: 0
12-07 18:27:19.035  1999  2087 V Robocol : sending CMD_RECEIVE_FRAME_CHUNK(1303), attempt: 0
12-07 18:27:19.038  1999  2087 V Robocol : sending CMD_RECEIVE_FRAME_CHUNK(1304), attempt: 0
12-07 18:27:19.056  1999  2083 V Robocol : received command: CMD_REQUEST_FRAME(10965) 
12-07 18:27:19.150  1999  2087 V Robocol : sending CMD_RECEIVE_FRAME_BEGIN(1326), attempt: 0
12-07 18:27:19.150  1999  2087 V Robocol : sending CMD_RECEIVE_FRAME_CHUNK(1327), attempt: 0
12-07 18:27:19.151  1999  2087 V Robocol : sending CMD_RECEIVE_FRAME_CHUNK(1328), attempt: 0
12-07 18:27:19.153  1999  2087 V Robocol : sending CMD_RECEIVE_FRAME_CHUNK(1329), attempt: 0
12-07 18:27:19.155  1999  2087 V Robocol : sending CMD_RECEIVE_FRAME_CHUNK(1330), attempt: 0
12-07 18:27:19.156  1999  2087 V Robocol : sending CMD_RECEIVE_FRAME_CHUNK(1331), attempt: 0
12-07 18:27:19.157  1999  2087 V Robocol : sending CMD_RECEIVE_FRAME_CHUNK(1332), attempt: 0
12-07 18:27:19.190  1999  2087 V Robocol : sending CMD_RECEIVE_FRAME_CHUNK(1333), attempt: 0
12-07 18:27:19.191  1999  2087 V Robocol : sending CMD_RECEIVE_FRAME_CHUNK(1334), attempt: 0
12-07 18:27:19.192  1999  2087 V Robocol : sending CMD_RECEIVE_FRAME_CHUNK(1335), attempt: 0
12-07 18:27:19.193  1999  2087 V Robocol : sending CMD_RECEIVE_FRAME_CHUNK(1336), attempt: 0
12-07 18:27:19.195  1999  2087 V Robocol : sending CMD_RECEIVE_FRAME_CHUNK(1337), attempt: 0
12-07 18:27:19.196  1999  2087 V Robocol : sending CMD_RECEIVE_FRAME_CHUNK(1338), attempt: 0
12-07 18:27:19.197  1999  2087 V Robocol : sending CMD_RECEIVE_FRAME_CHUNK(1339), attempt: 0
12-07 18:27:19.205  1999  2087 V Robocol : sending CMD_RECEIVE_FRAME_CHUNK(1340), attempt: 0
12-07 18:27:19.206  1999  2087 V Robocol : sending CMD_RECEIVE_FRAME_CHUNK(1341), attempt: 0
12-07 18:27:19.207  1999  2087 V Robocol : sending CMD_RECEIVE_FRAME_CHUNK(1342), attempt: 0
12-07 18:27:19.218  1999  2083 V Robocol : received command: CMD_REQUEST_FRAME(10979) 
12-07 18:27:19.310  1999  2087 V Robocol : sending CMD_RECEIVE_FRAME_BEGIN(1365), attempt: 0
12-07 18:27:19.310  1999  2087 V Robocol : sending CMD_RECEIVE_FRAME_CHUNK(1366), attempt: 0
12-07 18:27:19.311  1999  2087 V Robocol : sending CMD_RECEIVE_FRAME_CHUNK(1367), attempt: 0
12-07 18:27:19.312  1999  2087 V Robocol : sending CMD_RECEIVE_FRAME_CHUNK(1368), attempt: 0
12-07 18:27:19.313  1999  2087 V Robocol : sending CMD_RECEIVE_FRAME_CHUNK(1369), attempt: 0
12-07 18:27:19.314  1999  2087 V Robocol : sending CMD_RECEIVE_FRAME_CHUNK(1370), attempt: 0
12-07 18:27:19.321  1999  2087 V Robocol : sending CMD_RECEIVE_FRAME_CHUNK(1371), attempt: 0
12-07 18:27:19.322  1999  2087 V Robocol : sending CMD_RECEIVE_FRAME_CHUNK(1372), attempt: 0
12-07 18:27:19.350  1999  2087 V Robocol : sending CMD_RECEIVE_FRAME_CHUNK(1373), attempt: 0
12-07 18:27:19.351  1999  2087 V Robocol : sending CMD_RECEIVE_FRAME_CHUNK(1374), attempt: 0
12-07 18:27:19.352  1999  2087 V Robocol : sending CMD_RECEIVE_FRAME_CHUNK(1375), attempt: 0
12-07 18:27:19.354  1999  2087 V Robocol : sending CMD_RECEIVE_FRAME_CHUNK(1376), attempt: 0
12-07 18:27:19.355  1999  2087 V Robocol : sending CMD_RECEIVE_FRAME_CHUNK(1377), attempt: 0
12-07 18:27:19.356  1999  2087 V Robocol : sending CMD_RECEIVE_FRAME_CHUNK(1378), attempt: 0
12-07 18:27:19.364  1999  2087 V Robocol : sending CMD_RECEIVE_FRAME_CHUNK(1379), attempt: 0
12-07 18:27:19.365  1999  2083 V Robocol : received command: CMD_REQUEST_FRAME(11003) 
12-07 18:27:19.365  1999  2087 V Robocol : sending CMD_RECEIVE_FRAME_CHUNK(1381), attempt: 0
12-07 18:27:19.366  1999  2087 V Robocol : sending CMD_RECEIVE_FRAME_CHUNK(1382), attempt: 0
12-07 18:27:19.473  1999  2083 V Robocol : received command: CMD_REQUEST_FRAME(11025) 
12-07 18:27:19.475  1999  2010 I art     : Background partial concurrent mark sweep GC freed 87181(6MB) AllocSpace objects, 74(21MB) LOS objects, 28% free, 39MB/55MB, paused 3.177ms total 334.146ms
12-07 18:27:19.510  1999  2087 V Robocol : sending CMD_RECEIVE_FRAME_BEGIN(1405), attempt: 0
12-07 18:27:19.512  1999  2087 V Robocol : sending CMD_RECEIVE_FRAME_CHUNK(1406), attempt: 0
12-07 18:27:19.513  1999  2087 V Robocol : sending CMD_RECEIVE_FRAME_CHUNK(1407), attempt: 0
12-07 18:27:19.514  1999  2087 V Robocol : sending CMD_RECEIVE_FRAME_CHUNK(1408), attempt: 0
12-07 18:27:19.515  1999  2087 V Robocol : sending CMD_RECEIVE_FRAME_CHUNK(1409), attempt: 0
12-07 18:27:19.517  1999  2084 W art     : Long monitor contention with owner Thread-39 (2200) at void org.openftc.easyopencv.OpenCvCameraBase.handleFrameUserCrashable(org.opencv.core.Mat, long)(OpenCvCameraBase.java:654) waiters=0 in void org.openftc.easyopencv.OpenCvCameraBase.getFrameBitmap(org.firstinspires.ftc.robotcore.external.function.Continuation) for 143ms
12-07 18:27:19.525  1999  2087 V Robocol : sending CMD_RECEIVE_FRAME_CHUNK(1410), attempt: 0
12-07 18:27:19.526  1999  2087 V Robocol : sending CMD_RECEIVE_FRAME_CHUNK(1411), attempt: 0
12-07 18:27:19.527  1999  2087 V Robocol : sending CMD_RECEIVE_FRAME_CHUNK(1412), attempt: 0
12-07 18:27:19.528  1999  2087 V Robocol : sending CMD_RECEIVE_FRAME_CHUNK(1413), attempt: 0
12-07 18:27:19.529  1999  2087 V Robocol : sending CMD_RECEIVE_FRAME_CHUNK(1414), attempt: 0
12-07 18:27:19.530  1999  2087 V Robocol : sending CMD_RECEIVE_FRAME_CHUNK(1415), attempt: 0
12-07 18:27:19.541  1999  2087 V Robocol : sending CMD_RECEIVE_FRAME_CHUNK(1416), attempt: 0
12-07 18:27:19.542  1999  2087 V Robocol : sending CMD_RECEIVE_FRAME_CHUNK(1417), attempt: 0
12-07 18:27:19.543  1999  2087 V Robocol : sending CMD_RECEIVE_FRAME_CHUNK(1418), attempt: 0
12-07 18:27:19.550  1999  2087 V Robocol : sending CMD_RECEIVE_FRAME_CHUNK(1419), attempt: 0
12-07 18:27:19.551  1999  2087 V Robocol : sending CMD_RECEIVE_FRAME_CHUNK(1420), attempt: 0
12-07 18:27:19.552  1999  2087 V Robocol : sending CMD_RECEIVE_FRAME_CHUNK(1421), attempt: 0
12-07 18:27:19.634  1999  2083 V Robocol : received command: CMD_REQUEST_FRAME(11047) 
12-07 18:27:19.670  1999  2087 V Robocol : sending CMD_RECEIVE_FRAME_BEGIN(1445), attempt: 0
12-07 18:27:19.671  1999  2087 V Robocol : sending CMD_RECEIVE_FRAME_CHUNK(1446), attempt: 0
12-07 18:27:19.672  1999  2087 V Robocol : sending CMD_RECEIVE_FRAME_CHUNK(1447), attempt: 0
12-07 18:27:19.673  1999  2087 V Robocol : sending CMD_RECEIVE_FRAME_CHUNK(1448), attempt: 0
12-07 18:27:19.674  1999  2087 V Robocol : sending CMD_RECEIVE_FRAME_CHUNK(1449), attempt: 0
12-07 18:27:19.675  1999  2087 V Robocol : sending CMD_RECEIVE_FRAME_CHUNK(1450), attempt: 0
12-07 18:27:19.676  1999  2087 V Robocol : sending CMD_RECEIVE_FRAME_CHUNK(1451), attempt: 0
12-07 18:27:19.684  1999  2087 V Robocol : sending CMD_RECEIVE_FRAME_CHUNK(1452), attempt: 0
12-07 18:27:19.710  1999  2087 V Robocol : sending CMD_RECEIVE_FRAME_CHUNK(1454), attempt: 0
12-07 18:27:19.711  1999  2087 V Robocol : sending CMD_RECEIVE_FRAME_CHUNK(1455), attempt: 0
12-07 18:27:19.712  1999  2087 V Robocol : sending CMD_RECEIVE_FRAME_CHUNK(1456), attempt: 0
12-07 18:27:19.713  1999  2087 V Robocol : sending CMD_RECEIVE_FRAME_CHUNK(1457), attempt: 0
12-07 18:27:19.714  1999  2087 V Robocol : sending CMD_RECEIVE_FRAME_CHUNK(1458), attempt: 0
12-07 18:27:19.715  1999  2087 V Robocol : sending CMD_RECEIVE_FRAME_CHUNK(1459), attempt: 0
12-07 18:27:19.716  1999  2087 V Robocol : sending CMD_RECEIVE_FRAME_CHUNK(1460), attempt: 0
12-07 18:27:19.724  1999  2087 V Robocol : sending CMD_RECEIVE_FRAME_CHUNK(1461), attempt: 0
12-07 18:27:19.725  1999  2087 V Robocol : sending CMD_RECEIVE_FRAME_CHUNK(1462), attempt: 0
12-07 18:27:19.799  1999  2083 V Robocol : received command: CMD_REQUEST_FRAME(11069) 
12-07 18:27:19.830  1999  2087 V Robocol : sending CMD_RECEIVE_FRAME_BEGIN(1484), attempt: 0
12-07 18:27:19.831  1999  2087 V Robocol : sending CMD_RECEIVE_FRAME_CHUNK(1485), attempt: 0
12-07 18:27:19.832  1999  2087 V Robocol : sending CMD_RECEIVE_FRAME_CHUNK(1486), attempt: 0
12-07 18:27:19.833  1999  2087 V Robocol : sending CMD_RECEIVE_FRAME_CHUNK(1487), attempt: 0
12-07 18:27:19.834  1999  2087 V Robocol : sending CMD_RECEIVE_FRAME_CHUNK(1488), attempt: 0
12-07 18:27:19.835  1999  2087 V Robocol : sending CMD_RECEIVE_FRAME_CHUNK(1489), attempt: 0
12-07 18:27:19.874  1999  2087 V Robocol : sending CMD_RECEIVE_FRAME_CHUNK(1490), attempt: 0
12-07 18:27:19.875  1999  2087 V Robocol : sending CMD_RECEIVE_FRAME_CHUNK(1491), attempt: 0
12-07 18:27:19.877  1999  2087 V Robocol : sending CMD_RECEIVE_FRAME_CHUNK(1492), attempt: 0
12-07 18:27:19.878  1999  2087 V Robocol : sending CMD_RECEIVE_FRAME_CHUNK(1493), attempt: 0
12-07 18:27:19.881  1999  2087 V Robocol : sending CMD_RECEIVE_FRAME_CHUNK(1494), attempt: 0
12-07 18:27:19.883  1999  2087 V Robocol : sending CMD_RECEIVE_FRAME_CHUNK(1495), attempt: 0
12-07 18:27:19.884  1999  2087 V Robocol : sending CMD_RECEIVE_FRAME_CHUNK(1496), attempt: 0
12-07 18:27:19.885  1999  2087 V Robocol : sending CMD_RECEIVE_FRAME_CHUNK(1497), attempt: 0
12-07 18:27:19.886  1999  2087 V Robocol : sending CMD_RECEIVE_FRAME_CHUNK(1498), attempt: 0
12-07 18:27:19.887  1999  2087 V Robocol : sending CMD_RECEIVE_FRAME_CHUNK(1499), attempt: 0
12-07 18:27:19.895  1999  2087 V Robocol : sending CMD_RECEIVE_FRAME_CHUNK(1500), attempt: 0
12-07 18:27:19.930  1999  2083 V Robocol : received command: CMD_REQUEST_FRAME(11086) 
12-07 18:27:19.982  1999  2010 I art     : Background sticky concurrent mark sweep GC freed 117041(7MB) AllocSpace objects, 61(4MB) LOS objects, 18% free, 44MB/55MB, paused 16.066ms total 78.984ms
12-07 18:27:20.037  1999  2083 V Robocol : received command: CMD_REQUEST_FRAME(11096) 
12-07 18:27:20.070  1999  2087 V Robocol : sending CMD_RECEIVE_FRAME_BEGIN(1523), attempt: 0
12-07 18:27:20.070  1999  2087 V Robocol : sending CMD_RECEIVE_FRAME_CHUNK(1524), attempt: 0
12-07 18:27:20.072  1999  2087 V Robocol : sending CMD_RECEIVE_FRAME_CHUNK(1526), attempt: 0
12-07 18:27:20.073  1999  2087 V Robocol : sending CMD_RECEIVE_FRAME_CHUNK(1527), attempt: 0
12-07 18:27:20.074  1999  2087 V Robocol : sending CMD_RECEIVE_FRAME_CHUNK(1528), attempt: 0
12-07 18:27:20.075  1999  2087 V Robocol : sending CMD_RECEIVE_FRAME_CHUNK(1529), attempt: 0
12-07 18:27:20.076  1999  2087 V Robocol : sending CMD_RECEIVE_FRAME_CHUNK(1530), attempt: 0
12-07 18:27:20.077  1999  2087 V Robocol : sending CMD_RECEIVE_FRAME_CHUNK(1531), attempt: 0
12-07 18:27:20.078  1999  2087 V Robocol : sending CMD_RECEIVE_FRAME_CHUNK(1532), attempt: 0
12-07 18:27:20.080  1999  2087 V Robocol : sending CMD_RECEIVE_FRAME_CHUNK(1533), attempt: 0
12-07 18:27:20.091  1999  2087 V Robocol : sending CMD_RECEIVE_FRAME_CHUNK(1534), attempt: 0
12-07 18:27:20.092  1999  2087 V Robocol : sending CMD_RECEIVE_FRAME_CHUNK(1535), attempt: 0
12-07 18:27:20.093  1999  2087 V Robocol : sending CMD_RECEIVE_FRAME_CHUNK(1536), attempt: 0
12-07 18:27:20.094  1999  2087 V Robocol : sending CMD_RECEIVE_FRAME_CHUNK(1537), attempt: 0
12-07 18:27:20.095  1999  2087 V Robocol : sending CMD_RECEIVE_FRAME_CHUNK(1538), attempt: 0
12-07 18:27:20.096  1999  2087 V Robocol : sending CMD_RECEIVE_FRAME_CHUNK(1539), attempt: 0
12-07 18:27:20.100  1999  2087 V Robocol : sending CMD_RECEIVE_FRAME_CHUNK(1540), attempt: 0
12-07 18:27:20.163  1999  2083 V Robocol : received command: CMD_REQUEST_FRAME(11118) 
12-07 18:27:20.195  1999  2131 E ControlHubApChannelManager: Timeout while getting current channel from AP service
12-07 18:27:20.196  1999  2131 V ThreadPool: container(0x0b2ca7ba: default scheduler) added id=166 TID=0 count=17
12-07 18:27:20.197  1999  2083 D RobotCore: system telemetry: key=$System$Warning$ msg="The Robot Controller app is obsolete. You should install the new version for this FTC season."
12-07 18:27:20.230  1999  2087 V Robocol : sending CMD_RECEIVE_FRAME_BEGIN(1566), attempt: 0
12-07 18:27:20.231  1999  2087 V Robocol : sending CMD_RECEIVE_FRAME_CHUNK(1567), attempt: 0
12-07 18:27:20.232  1999  2087 V Robocol : sending CMD_RECEIVE_FRAME_CHUNK(1568), attempt: 0
12-07 18:27:20.234  1999  2087 V Robocol : sending CMD_RECEIVE_FRAME_CHUNK(1569), attempt: 0
12-07 18:27:20.235  1999  2087 V Robocol : sending CMD_RECEIVE_FRAME_CHUNK(1570), attempt: 0
12-07 18:27:20.236  1999  2087 V Robocol : sending CMD_RECEIVE_FRAME_CHUNK(1571), attempt: 0
12-07 18:27:20.237  1999  2087 V Robocol : sending CMD_RECEIVE_FRAME_CHUNK(1572), attempt: 0
12-07 18:27:20.254  1999  2087 V Robocol : sending CMD_RECEIVE_FRAME_CHUNK(1573), attempt: 0
12-07 18:27:20.255  1999  2087 V Robocol : sending CMD_RECEIVE_FRAME_CHUNK(1574), attempt: 0
12-07 18:27:20.256  1999  2087 V Robocol : sending CMD_RECEIVE_FRAME_CHUNK(1575), attempt: 0
12-07 18:27:20.270  1999  2087 V Robocol : sending CMD_RECEIVE_FRAME_CHUNK(1576), attempt: 0
12-07 18:27:20.271  1999  2087 V Robocol : sending CMD_RECEIVE_FRAME_CHUNK(1577), attempt: 0
12-07 18:27:20.272  1999  2087 V Robocol : sending CMD_RECEIVE_FRAME_CHUNK(1578), attempt: 0
12-07 18:27:20.273  1999  2087 V Robocol : sending CMD_RECEIVE_FRAME_CHUNK(1579), attempt: 0
12-07 18:27:20.275  1999  2087 V Robocol : sending CMD_RECEIVE_FRAME_CHUNK(1580), attempt: 0
12-07 18:27:20.276  1999  2087 V Robocol : sending CMD_RECEIVE_FRAME_CHUNK(1581), attempt: 0
12-07 18:27:20.279  1999  2087 V Robocol : sending CMD_RECEIVE_FRAME_CHUNK(1582), attempt: 0
12-07 18:27:20.390  1999  2087 V Robocol : sending CMD_RECEIVE_FRAME_BEGIN(1601), attempt: 0
12-07 18:27:20.415  1999  2083 V Robocol : received command: CMD_REQUEST_FRAME(11143) 
12-07 18:27:20.430  1999  2087 V Robocol : sending CMD_RECEIVE_FRAME_CHUNK(1602), attempt: 0
12-07 18:27:20.431  1999  2087 V Robocol : sending CMD_RECEIVE_FRAME_CHUNK(1603), attempt: 0
12-07 18:27:20.432  1999  2087 V Robocol : sending CMD_RECEIVE_FRAME_CHUNK(1604), attempt: 0
12-07 18:27:20.433  1999  2087 V Robocol : sending CMD_RECEIVE_FRAME_CHUNK(1605), attempt: 0
12-07 18:27:20.434  1999  2087 V Robocol : sending CMD_RECEIVE_FRAME_CHUNK(1606), attempt: 0
12-07 18:27:20.435  1999  2087 V Robocol : sending CMD_RECEIVE_FRAME_CHUNK(1607), attempt: 0
12-07 18:27:20.436  1999  2087 V Robocol : sending CMD_RECEIVE_FRAME_CHUNK(1608), attempt: 0
12-07 18:27:20.444  1999  2087 V Robocol : sending CMD_RECEIVE_FRAME_CHUNK(1609), attempt: 0
12-07 18:27:20.445  1999  2087 V Robocol : sending CMD_RECEIVE_FRAME_CHUNK(1611), attempt: 0
12-07 18:27:20.446  1999  2087 V Robocol : sending CMD_RECEIVE_FRAME_CHUNK(1612), attempt: 0
12-07 18:27:20.447  1999  2087 V Robocol : sending CMD_RECEIVE_FRAME_CHUNK(1613), attempt: 0
12-07 18:27:20.448  1999  2087 V Robocol : sending CMD_RECEIVE_FRAME_CHUNK(1614), attempt: 0
12-07 18:27:20.450  1999  2087 V Robocol : sending CMD_RECEIVE_FRAME_CHUNK(1615), attempt: 0
12-07 18:27:20.451  1999  2087 V Robocol : sending CMD_RECEIVE_FRAME_CHUNK(1617), attempt: 0
12-07 18:27:20.452  1999  2087 V Robocol : sending CMD_RECEIVE_FRAME_CHUNK(1618), attempt: 0
12-07 18:27:20.453  1999  2087 V Robocol : sending CMD_RECEIVE_FRAME_CHUNK(1619), attempt: 0
12-07 18:27:20.555  1999  2083 V Robocol : received command: CMD_REQUEST_FRAME(11166) 
12-07 18:27:20.590  1999  2087 V Robocol : sending CMD_RECEIVE_FRAME_BEGIN(1643), attempt: 0
12-07 18:27:20.591  1999  2087 V Robocol : sending CMD_RECEIVE_FRAME_CHUNK(1644), attempt: 0
12-07 18:27:20.592  1999  2087 V Robocol : sending CMD_RECEIVE_FRAME_CHUNK(1645), attempt: 0
12-07 18:27:20.593  1999  2087 V Robocol : sending CMD_RECEIVE_FRAME_CHUNK(1646), attempt: 0
12-07 18:27:20.594  1999  2087 V Robocol : sending CMD_RECEIVE_FRAME_CHUNK(1647), attempt: 0
12-07 18:27:20.595  1999  2087 V Robocol : sending CMD_RECEIVE_FRAME_CHUNK(1648), attempt: 0
12-07 18:27:20.596  1999  2087 V Robocol : sending CMD_RECEIVE_FRAME_CHUNK(1649), attempt: 0
12-07 18:27:20.604  1999  2087 V Robocol : sending CMD_RECEIVE_FRAME_CHUNK(1650), attempt: 0
12-07 18:27:20.605  1999  2087 V Robocol : sending CMD_RECEIVE_FRAME_CHUNK(1651), attempt: 0
12-07 18:27:20.606  1999  2087 V Robocol : sending CMD_RECEIVE_FRAME_CHUNK(1652), attempt: 0
12-07 18:27:20.607  1999  2087 V Robocol : sending CMD_RECEIVE_FRAME_CHUNK(1653), attempt: 0
12-07 18:27:20.634  1999  2087 V Robocol : sending CMD_RECEIVE_FRAME_CHUNK(1654), attempt: 0
12-07 18:27:20.635  1999  2087 V Robocol : sending CMD_RECEIVE_FRAME_CHUNK(1655), attempt: 0
12-07 18:27:20.638  1999  2087 V Robocol : sending CMD_RECEIVE_FRAME_CHUNK(1656), attempt: 0
12-07 18:27:20.641  1999  2087 V Robocol : sending CMD_RECEIVE_FRAME_CHUNK(1657), attempt: 0
12-07 18:27:20.654  1999  2087 V Robocol : sending CMD_RECEIVE_FRAME_CHUNK(1658), attempt: 0
12-07 18:27:20.655  1999  2087 V Robocol : sending CMD_RECEIVE_FRAME_CHUNK(1659), attempt: 0
12-07 18:27:20.686  1999  2010 I art     : Background partial concurrent mark sweep GC freed 73100(4MB) AllocSpace objects, 63(16MB) LOS objects, 28% free, 40MB/56MB, paused 3.012ms total 170.223ms
12-07 18:27:20.715  1999  2083 V Robocol : received command: CMD_REQUEST_FRAME(11188) 
12-07 18:27:20.790  1999  2087 V Robocol : sending CMD_RECEIVE_FRAME_BEGIN(1682), attempt: 0
12-07 18:27:20.791  1999  2087 V Robocol : sending CMD_RECEIVE_FRAME_CHUNK(1683), attempt: 0
12-07 18:27:20.792  1999  2087 V Robocol : sending CMD_RECEIVE_FRAME_CHUNK(1684), attempt: 0
12-07 18:27:20.793  1999  2087 V Robocol : sending CMD_RECEIVE_FRAME_CHUNK(1685), attempt: 0
12-07 18:27:20.794  1999  2087 V Robocol : sending CMD_RECEIVE_FRAME_CHUNK(1686), attempt: 0
12-07 18:27:20.795  1999  2087 V Robocol : sending CMD_RECEIVE_FRAME_CHUNK(1687), attempt: 0
12-07 18:27:20.796  1999  2087 V Robocol : sending CMD_RECEIVE_FRAME_CHUNK(1688), attempt: 0
12-07 18:27:20.804  1999  2087 V Robocol : sending CMD_RECEIVE_FRAME_CHUNK(1689), attempt: 0
12-07 18:27:20.805  1999  2087 V Robocol : sending CMD_RECEIVE_FRAME_CHUNK(1690), attempt: 0
12-07 18:27:20.806  1999  2087 V Robocol : sending CMD_RECEIVE_FRAME_CHUNK(1691), attempt: 0
12-07 18:27:20.808  1999  2087 V Robocol : sending CMD_RECEIVE_FRAME_CHUNK(1692), attempt: 0
12-07 18:27:20.809  1999  2087 V Robocol : sending CMD_RECEIVE_FRAME_CHUNK(1693), attempt: 0
12-07 18:27:20.810  1999  2087 V Robocol : sending CMD_RECEIVE_FRAME_CHUNK(1694), attempt: 0
12-07 18:27:20.830  1999  2087 V Robocol : sending CMD_RECEIVE_FRAME_CHUNK(1695), attempt: 0
12-07 18:27:20.832  1999  2087 V Robocol : sending CMD_RECEIVE_FRAME_CHUNK(1696), attempt: 0
12-07 18:27:20.833  1999  2087 V Robocol : sending CMD_RECEIVE_FRAME_CHUNK(1697), attempt: 0
12-07 18:27:20.834  1999  2087 V Robocol : sending CMD_RECEIVE_FRAME_CHUNK(1698), attempt: 0
12-07 18:27:20.858  1999  2083 V Robocol : received command: CMD_REQUEST_FRAME(11206) 
12-07 18:27:20.950  1999  2087 V Robocol : sending CMD_RECEIVE_FRAME_BEGIN(1720), attempt: 0
12-07 18:27:20.951  1999  2087 V Robocol : sending CMD_RECEIVE_FRAME_CHUNK(1721), attempt: 0
12-07 18:27:20.952  1999  2087 V Robocol : sending CMD_RECEIVE_FRAME_CHUNK(1722), attempt: 0
12-07 18:27:20.953  1999  2087 V Robocol : sending CMD_RECEIVE_FRAME_CHUNK(1723), attempt: 0
12-07 18:27:20.955  1999  2087 V Robocol : sending CMD_RECEIVE_FRAME_CHUNK(1724), attempt: 0
12-07 18:27:20.956  1999  2087 V Robocol : sending CMD_RECEIVE_FRAME_CHUNK(1725), attempt: 0
12-07 18:27:20.957  1999  2087 V Robocol : sending CMD_RECEIVE_FRAME_CHUNK(1726), attempt: 0
12-07 18:27:20.958  1999  2087 V Robocol : sending CMD_RECEIVE_FRAME_CHUNK(1727), attempt: 0
12-07 18:27:20.968  1999  2087 V Robocol : sending CMD_RECEIVE_FRAME_CHUNK(1728), attempt: 0
12-07 18:27:20.969  1999  2087 V Robocol : sending CMD_RECEIVE_FRAME_CHUNK(1729), attempt: 0
12-07 18:27:20.971  1999  2087 V Robocol : sending CMD_RECEIVE_FRAME_CHUNK(1730), attempt: 0
12-07 18:27:20.972  1999  2087 V Robocol : sending CMD_RECEIVE_FRAME_CHUNK(1731), attempt: 0
12-07 18:27:20.973  1999  2087 V Robocol : sending CMD_RECEIVE_FRAME_CHUNK(1732), attempt: 0
12-07 18:27:20.986  1999  2087 V Robocol : sending CMD_RECEIVE_FRAME_CHUNK(1733), attempt: 0
12-07 18:27:20.987  1999  2087 V Robocol : sending CMD_RECEIVE_FRAME_CHUNK(1734), attempt: 0
12-07 18:27:20.988  1999  2087 V Robocol : sending CMD_RECEIVE_FRAME_CHUNK(1735), attempt: 0
12-07 18:27:20.989  1999  2087 V Robocol : sending CMD_RECEIVE_FRAME_CHUNK(1736), attempt: 0
12-07 18:27:21.012  1999  2083 V Robocol : received command: CMD_REQUEST_FRAME(11223) 
12-07 18:27:21.110  1999  2087 V Robocol : sending CMD_RECEIVE_FRAME_BEGIN(1758), attempt: 0
12-07 18:27:21.110  1999  2087 V Robocol : sending CMD_RECEIVE_FRAME_CHUNK(1759), attempt: 0
12-07 18:27:21.111  1999  2087 V Robocol : sending CMD_RECEIVE_FRAME_CHUNK(1760), attempt: 0
12-07 18:27:21.112  1999  2087 V Robocol : sending CMD_RECEIVE_FRAME_CHUNK(1761), attempt: 0
12-07 18:27:21.114  1999  2087 V Robocol : sending CMD_RECEIVE_FRAME_CHUNK(1762), attempt: 0
12-07 18:27:21.115  1999  2087 V Robocol : sending CMD_RECEIVE_FRAME_CHUNK(1763), attempt: 0
12-07 18:27:21.116  1999  2087 V Robocol : sending CMD_RECEIVE_FRAME_CHUNK(1764), attempt: 0
12-07 18:27:21.124  1999  2087 V Robocol : sending CMD_RECEIVE_FRAME_CHUNK(1765), attempt: 0
12-07 18:27:21.125  1999  2087 V Robocol : sending CMD_RECEIVE_FRAME_CHUNK(1766), attempt: 0
12-07 18:27:21.126  1999  2087 V Robocol : sending CMD_RECEIVE_FRAME_CHUNK(1767), attempt: 0
12-07 18:27:21.127  1999  2087 V Robocol : sending CMD_RECEIVE_FRAME_CHUNK(1768), attempt: 0
12-07 18:27:21.128  1999  2087 V Robocol : sending CMD_RECEIVE_FRAME_CHUNK(1769), attempt: 0
12-07 18:27:21.129  1999  2087 V Robocol : sending CMD_RECEIVE_FRAME_CHUNK(1770), attempt: 0
12-07 18:27:21.130  1999  2087 V Robocol : sending CMD_RECEIVE_FRAME_CHUNK(1771), attempt: 0
12-07 18:27:21.137  1999  2087 V Robocol : sending CMD_RECEIVE_FRAME_CHUNK(1772), attempt: 0
12-07 18:27:21.139  1999  2087 V Robocol : sending CMD_RECEIVE_FRAME_CHUNK(1773), attempt: 0
12-07 18:27:21.140  1999  2087 V Robocol : sending CMD_RECEIVE_FRAME_CHUNK(1774), attempt: 0
12-07 18:27:21.157  1999  2083 V Robocol : received command: CMD_REQUEST_FRAME(11238) 
12-07 18:27:21.270  1999  2087 V Robocol : sending CMD_RECEIVE_FRAME_BEGIN(1798), attempt: 0
12-07 18:27:21.270  1999  2087 V Robocol : sending CMD_RECEIVE_FRAME_CHUNK(1799), attempt: 0
12-07 18:27:21.271  1999  2087 V Robocol : sending CMD_RECEIVE_FRAME_CHUNK(1800), attempt: 0
12-07 18:27:21.272  1999  2087 V Robocol : sending CMD_RECEIVE_FRAME_CHUNK(1801), attempt: 0
12-07 18:27:21.273  1999  2087 V Robocol : sending CMD_RECEIVE_FRAME_CHUNK(1802), attempt: 0
12-07 18:27:21.274  1999  2087 V Robocol : sending CMD_RECEIVE_FRAME_CHUNK(1803), attempt: 0
12-07 18:27:21.275  1999  2087 V Robocol : sending CMD_RECEIVE_FRAME_CHUNK(1804), attempt: 0
12-07 18:27:21.276  1999  2087 V Robocol : sending CMD_RECEIVE_FRAME_CHUNK(1805), attempt: 0
12-07 18:27:21.279  1999  2109 W art     : Long monitor contention with owner ReceiveLoopService-#1 (2084) at org.firstinspires.ftc.robotcore.internal.network.CallbackResult com.qualcomm.robotcore.eventloop.EventLoopManager.commandEvent(com.qualcomm.robotcore.robocol.Command)(EventLoopManager.java:825) waiters=0 in void com.qualcomm.robotcore.eventloop.EventLoopManager$EventLoopRunnable$1.run() for 121ms
12-07 18:27:21.281  1999  2087 V Robocol : sending CMD_RECEIVE_FRAME_CHUNK(1806), attempt: 0
12-07 18:27:21.282  1999  2087 V Robocol : sending CMD_RECEIVE_FRAME_CHUNK(1807), attempt: 0
12-07 18:27:21.310  1999  2087 V Robocol : sending CMD_RECEIVE_FRAME_CHUNK(1808), attempt: 0
12-07 18:27:21.311  1999  2087 V Robocol : sending CMD_RECEIVE_FRAME_CHUNK(1809), attempt: 0
12-07 18:27:21.312  1999  2087 V Robocol : sending CMD_RECEIVE_FRAME_CHUNK(1810), attempt: 0
12-07 18:27:21.313  1999  2087 V Robocol : sending CMD_RECEIVE_FRAME_CHUNK(1811), attempt: 0
12-07 18:27:21.314  1999  2083 V Robocol : received command: CMD_REQUEST_FRAME(11261) 
12-07 18:27:21.315  1999  2087 V Robocol : sending CMD_RECEIVE_FRAME_CHUNK(1812), attempt: 0
12-07 18:27:21.316  1999  2087 V Robocol : sending CMD_RECEIVE_FRAME_CHUNK(1813), attempt: 0
12-07 18:27:21.317  1999  2087 V Robocol : sending CMD_RECEIVE_FRAME_CHUNK(1814), attempt: 0
12-07 18:27:21.430  1999  2087 V Robocol : sending CMD_RECEIVE_FRAME_BEGIN(1836), attempt: 0
12-07 18:27:21.430  1999  2087 V Robocol : sending CMD_RECEIVE_FRAME_CHUNK(1837), attempt: 0
12-07 18:27:21.431  1999  2087 V Robocol : sending CMD_RECEIVE_FRAME_CHUNK(1838), attempt: 0
12-07 18:27:21.432  1999  2087 V Robocol : sending CMD_RECEIVE_FRAME_CHUNK(1839), attempt: 0
12-07 18:27:21.434  1999  2087 V Robocol : sending CMD_RECEIVE_FRAME_CHUNK(1840), attempt: 0
12-07 18:27:21.435  1999  2087 V Robocol : sending CMD_RECEIVE_FRAME_CHUNK(1841), attempt: 0
12-07 18:27:21.436  1999  2087 V Robocol : sending CMD_RECEIVE_FRAME_CHUNK(1842), attempt: 0
12-07 18:27:21.437  1999  2087 V Robocol : sending CMD_RECEIVE_FRAME_CHUNK(1843), attempt: 0
12-07 18:27:21.438  1999  2087 V Robocol : sending CMD_RECEIVE_FRAME_CHUNK(1844), attempt: 0
12-07 18:27:21.448  1999  2083 V Robocol : received command: CMD_REQUEST_FRAME(11283) 
12-07 18:27:21.470  1999  2087 V Robocol : sending CMD_RECEIVE_FRAME_CHUNK(1845), attempt: 0
12-07 18:27:21.471  1999  2087 V Robocol : sending CMD_RECEIVE_FRAME_CHUNK(1846), attempt: 0
12-07 18:27:21.472  1999  2087 V Robocol : sending CMD_RECEIVE_FRAME_CHUNK(1847), attempt: 0
12-07 18:27:21.473  1999  2087 V Robocol : sending CMD_RECEIVE_FRAME_CHUNK(1848), attempt: 0
12-07 18:27:21.474  1999  2087 V Robocol : sending CMD_RECEIVE_FRAME_CHUNK(1849), attempt: 0
12-07 18:27:21.475  1999  2087 V Robocol : sending CMD_RECEIVE_FRAME_CHUNK(1850), attempt: 0
12-07 18:27:21.476  1999  2087 V Robocol : sending CMD_RECEIVE_FRAME_CHUNK(1851), attempt: 0
12-07 18:27:21.493  1999  2087 V Robocol : sending CMD_RECEIVE_FRAME_CHUNK(1852), attempt: 0
12-07 18:27:21.590  1999  2087 V Robocol : sending CMD_RECEIVE_FRAME_BEGIN(1874), attempt: 0
12-07 18:27:21.591  1999  2087 V Robocol : sending CMD_RECEIVE_FRAME_CHUNK(1875), attempt: 0
12-07 18:27:21.592  1999  2087 V Robocol : sending CMD_RECEIVE_FRAME_CHUNK(1876), attempt: 0
12-07 18:27:21.609  1999  2083 V Robocol : received command: CMD_REQUEST_FRAME(11305) 
12-07 18:27:21.632  1999  2087 V Robocol : sending CMD_RECEIVE_FRAME_CHUNK(1877), attempt: 0
12-07 18:27:21.633  1999  2087 V Robocol : sending CMD_RECEIVE_FRAME_CHUNK(1878), attempt: 0
12-07 18:27:21.634  1999  2087 V Robocol : sending CMD_RECEIVE_FRAME_CHUNK(1879), attempt: 0
12-07 18:27:21.635  1999  2087 V Robocol : sending CMD_RECEIVE_FRAME_CHUNK(1880), attempt: 0
12-07 18:27:21.636  1999  2087 V Robocol : sending CMD_RECEIVE_FRAME_CHUNK(1881), attempt: 0
12-07 18:27:21.644  1999  2087 V Robocol : sending CMD_RECEIVE_FRAME_CHUNK(1882), attempt: 0
12-07 18:27:21.646  1999  2087 V Robocol : sending CMD_RECEIVE_FRAME_CHUNK(1884), attempt: 0
12-07 18:27:21.647  1999  2087 V Robocol : sending CMD_RECEIVE_FRAME_CHUNK(1885), attempt: 0
12-07 18:27:21.648  1999  2087 V Robocol : sending CMD_RECEIVE_FRAME_CHUNK(1886), attempt: 0
12-07 18:27:21.649  1999  2087 V Robocol : sending CMD_RECEIVE_FRAME_CHUNK(1887), attempt: 0
12-07 18:27:21.650  1999  2087 V Robocol : sending CMD_RECEIVE_FRAME_CHUNK(1888), attempt: 0
12-07 18:27:21.655  1999  2087 V Robocol : sending CMD_RECEIVE_FRAME_CHUNK(1889), attempt: 0
12-07 18:27:21.656  1999  2087 V Robocol : sending CMD_RECEIVE_FRAME_CHUNK(1890), attempt: 0
12-07 18:27:21.657  1999  2087 V Robocol : sending CMD_RECEIVE_FRAME_CHUNK(1891), attempt: 0
12-07 18:27:21.754  1999  2083 V Robocol : received command: CMD_REQUEST_FRAME(11328) 
12-07 18:27:21.790  1999  2087 V Robocol : sending CMD_RECEIVE_FRAME_BEGIN(1913), attempt: 0
12-07 18:27:21.791  1999  2087 V Robocol : sending CMD_RECEIVE_FRAME_CHUNK(1914), attempt: 0
12-07 18:27:21.792  1999  2087 V Robocol : sending CMD_RECEIVE_FRAME_CHUNK(1915), attempt: 0
12-07 18:27:21.793  1999  2087 V Robocol : sending CMD_RECEIVE_FRAME_CHUNK(1917), attempt: 0
12-07 18:27:21.794  1999  2087 V Robocol : sending CMD_RECEIVE_FRAME_CHUNK(1919), attempt: 0
12-07 18:27:21.795  1999  2087 V Robocol : sending CMD_RECEIVE_FRAME_CHUNK(1920), attempt: 0
12-07 18:27:21.796  1999  2087 V Robocol : sending CMD_RECEIVE_FRAME_CHUNK(1922), attempt: 0
12-07 18:27:21.797  1999  2087 V Robocol : sending CMD_RECEIVE_FRAME_CHUNK(1923), attempt: 0
12-07 18:27:21.817  1999  2087 V Robocol : sending CMD_RECEIVE_FRAME_CHUNK(1924), attempt: 0
12-07 18:27:21.831  1999  2087 V Robocol : sending CMD_RECEIVE_FRAME_CHUNK(1925), attempt: 0
12-07 18:27:21.832  1999  2087 V Robocol : sending CMD_RECEIVE_FRAME_CHUNK(1926), attempt: 0
12-07 18:27:21.833  1999  2087 V Robocol : sending CMD_RECEIVE_FRAME_CHUNK(1927), attempt: 0
12-07 18:27:21.835  1999  2087 V Robocol : sending CMD_RECEIVE_FRAME_CHUNK(1928), attempt: 0
12-07 18:27:21.836  1999  2087 V Robocol : sending CMD_RECEIVE_FRAME_CHUNK(1929), attempt: 0
12-07 18:27:21.855  1999  2087 V Robocol : sending CMD_RECEIVE_FRAME_CHUNK(1930), attempt: 0
12-07 18:27:21.856  1999  2087 V Robocol : sending CMD_RECEIVE_FRAME_CHUNK(1931), attempt: 0
12-07 18:27:21.860  1999  2087 V Robocol : sending CMD_RECEIVE_FRAME_CHUNK(1932), attempt: 0
12-07 18:27:21.902  1999  2083 V Robocol : received command: CMD_REQUEST_FRAME(11348) 
12-07 18:27:21.924  1999  2010 I art     : Background partial concurrent mark sweep GC freed 53234(3MB) AllocSpace objects, 50(20MB) LOS objects, 31% free, 35MB/51MB, paused 2.597ms total 111.109ms
12-07 18:27:21.990  1999  2087 V Robocol : sending CMD_RECEIVE_FRAME_BEGIN(1955), attempt: 0
12-07 18:27:21.990  1999  2087 V Robocol : sending CMD_RECEIVE_FRAME_CHUNK(1956), attempt: 0
12-07 18:27:21.991  1999  2087 V Robocol : sending CMD_RECEIVE_FRAME_CHUNK(1957), attempt: 0
12-07 18:27:21.992  1999  2087 V Robocol : sending CMD_RECEIVE_FRAME_CHUNK(1958), attempt: 0
12-07 18:27:21.993  1999  2087 V Robocol : sending CMD_RECEIVE_FRAME_CHUNK(1959), attempt: 0
12-07 18:27:21.995  1999  2087 V Robocol : sending CMD_RECEIVE_FRAME_CHUNK(1960), attempt: 0
12-07 18:27:21.999  1999  2087 V Robocol : sending CMD_RECEIVE_FRAME_CHUNK(1961), attempt: 0
12-07 18:27:22.000  1999  2087 V Robocol : sending CMD_RECEIVE_FRAME_CHUNK(1962), attempt: 0
12-07 18:27:22.001  1999  2087 V Robocol : sending CMD_RECEIVE_FRAME_CHUNK(1963), attempt: 0
12-07 18:27:22.006  1999  2087 V Robocol : sending CMD_RECEIVE_FRAME_CHUNK(1964), attempt: 0
12-07 18:27:22.014  1999  2087 V Robocol : sending CMD_RECEIVE_FRAME_CHUNK(1965), attempt: 0
12-07 18:27:22.015  1999  2087 V Robocol : sending CMD_RECEIVE_FRAME_CHUNK(1966), attempt: 0
12-07 18:27:22.016  1999  2087 V Robocol : sending CMD_RECEIVE_FRAME_CHUNK(1967), attempt: 0
12-07 18:27:22.018  1999  2087 V Robocol : sending CMD_RECEIVE_FRAME_CHUNK(1968), attempt: 0
12-07 18:27:22.019  1999  2087 V Robocol : sending CMD_RECEIVE_FRAME_CHUNK(1969), attempt: 0
12-07 18:27:22.020  1999  2087 V Robocol : sending CMD_RECEIVE_FRAME_CHUNK(1970), attempt: 0
12-07 18:27:22.028  1999  2087 V Robocol : sending CMD_RECEIVE_FRAME_CHUNK(1971), attempt: 0
12-07 18:27:22.052  1999  2083 V Robocol : received command: CMD_REQUEST_FRAME(11364) 
12-07 18:27:22.150  1999  2087 V Robocol : sending CMD_RECEIVE_FRAME_BEGIN(1993), attempt: 0
12-07 18:27:22.150  1999  2087 V Robocol : sending CMD_RECEIVE_FRAME_CHUNK(1994), attempt: 0
12-07 18:27:22.151  1999  2087 V Robocol : sending CMD_RECEIVE_FRAME_CHUNK(1995), attempt: 0
12-07 18:27:22.152  1999  2087 V Robocol : sending CMD_RECEIVE_FRAME_CHUNK(1996), attempt: 0
12-07 18:27:22.154  1999  2087 V Robocol : sending CMD_RECEIVE_FRAME_CHUNK(1997), attempt: 0
12-07 18:27:22.155  1999  2087 V Robocol : sending CMD_RECEIVE_FRAME_CHUNK(1998), attempt: 0
12-07 18:27:22.156  1999  2087 V Robocol : sending CMD_RECEIVE_FRAME_CHUNK(1999), attempt: 0
12-07 18:27:22.157  1999  2087 V Robocol : sending CMD_RECEIVE_FRAME_CHUNK(2000), attempt: 0
12-07 18:27:22.160  1999  2087 V Robocol : sending CMD_RECEIVE_FRAME_CHUNK(2001), attempt: 0
12-07 18:27:22.161  1999  2087 V Robocol : sending CMD_RECEIVE_FRAME_CHUNK(2002), attempt: 0
12-07 18:27:22.162  1999  2087 V Robocol : sending CMD_RECEIVE_FRAME_CHUNK(2003), attempt: 0
12-07 18:27:22.163  1999  2087 V Robocol : sending CMD_RECEIVE_FRAME_CHUNK(2004), attempt: 0
12-07 18:27:22.190  1999  2087 V Robocol : sending CMD_RECEIVE_FRAME_CHUNK(2005), attempt: 0
12-07 18:27:22.191  1999  2087 V Robocol : sending CMD_RECEIVE_FRAME_CHUNK(2006), attempt: 0
12-07 18:27:22.192  1999  2087 V Robocol : sending CMD_RECEIVE_FRAME_CHUNK(2007), attempt: 0
12-07 18:27:22.193  1999  2087 V Robocol : sending CMD_RECEIVE_FRAME_CHUNK(2008), attempt: 0
12-07 18:27:22.194  1999  2087 V Robocol : sending CMD_RECEIVE_FRAME_CHUNK(2009), attempt: 0
12-07 18:27:22.251  1999  2083 V Robocol : received command: CMD_REQUEST_FRAME(11377) 
12-07 18:27:22.310  1999  2087 V Robocol : sending CMD_RECEIVE_FRAME_BEGIN(2032), attempt: 0
12-07 18:27:22.310  1999  2087 V Robocol : sending CMD_RECEIVE_FRAME_CHUNK(2033), attempt: 0
12-07 18:27:22.311  1999  2087 V Robocol : sending CMD_RECEIVE_FRAME_CHUNK(2034), attempt: 0
12-07 18:27:22.312  1999  2087 V Robocol : sending CMD_RECEIVE_FRAME_CHUNK(2035), attempt: 0
12-07 18:27:22.313  1999  2087 V Robocol : sending CMD_RECEIVE_FRAME_CHUNK(2036), attempt: 0
12-07 18:27:22.314  1999  2087 V Robocol : sending CMD_RECEIVE_FRAME_CHUNK(2037), attempt: 0
12-07 18:27:22.315  1999  2087 V Robocol : sending CMD_RECEIVE_FRAME_CHUNK(2038), attempt: 0
12-07 18:27:22.316  1999  2087 V Robocol : sending CMD_RECEIVE_FRAME_CHUNK(2039), attempt: 0
12-07 18:27:22.318  1999  2087 V Robocol : sending CMD_RECEIVE_FRAME_CHUNK(2040), attempt: 0
12-07 18:27:22.324  1999  2087 V Robocol : sending CMD_RECEIVE_FRAME_CHUNK(2041), attempt: 0
12-07 18:27:22.325  1999  2087 V Robocol : sending CMD_RECEIVE_FRAME_CHUNK(2042), attempt: 0
12-07 18:27:22.327  1999  2087 V Robocol : sending CMD_RECEIVE_FRAME_CHUNK(2043), attempt: 0
12-07 18:27:22.328  1999  2087 V Robocol : sending CMD_RECEIVE_FRAME_CHUNK(2044), attempt: 0
12-07 18:27:22.330  1999  2087 V Robocol : sending CMD_RECEIVE_FRAME_CHUNK(2045), attempt: 0
12-07 18:27:22.332  1999  2087 V Robocol : sending CMD_RECEIVE_FRAME_CHUNK(2046), attempt: 0
12-07 18:27:22.333  1999  2087 V Robocol : sending CMD_RECEIVE_FRAME_CHUNK(2047), attempt: 0
12-07 18:27:22.334  1999  2087 V Robocol : sending CMD_RECEIVE_FRAME_CHUNK(2048), attempt: 0
12-07 18:27:22.347  1999  2083 V Robocol : received command: CMD_REQUEST_FRAME(11400) 
12-07 18:27:22.471  1999  2087 V Robocol : sending CMD_RECEIVE_FRAME_BEGIN(2071), attempt: 0
12-07 18:27:22.472  1999  2087 V Robocol : sending CMD_RECEIVE_FRAME_CHUNK(2072), attempt: 0
12-07 18:27:22.473  1999  2087 V Robocol : sending CMD_RECEIVE_FRAME_CHUNK(2073), attempt: 0
12-07 18:27:22.474  1999  2087 V Robocol : sending CMD_RECEIVE_FRAME_CHUNK(2074), attempt: 0
12-07 18:27:22.475  1999  2087 V Robocol : sending CMD_RECEIVE_FRAME_CHUNK(2075), attempt: 0
12-07 18:27:22.477  1999  2087 V Robocol : sending CMD_RECEIVE_FRAME_CHUNK(2076), attempt: 0
12-07 18:27:22.478  1999  2087 V Robocol : sending CMD_RECEIVE_FRAME_CHUNK(2077), attempt: 0
12-07 18:27:22.479  1999  2087 V Robocol : sending CMD_RECEIVE_FRAME_CHUNK(2078), attempt: 0
12-07 18:27:22.480  1999  2087 V Robocol : sending CMD_RECEIVE_FRAME_CHUNK(2079), attempt: 0
12-07 18:27:22.510  1999  2087 V Robocol : sending CMD_RECEIVE_FRAME_CHUNK(2080), attempt: 0
12-07 18:27:22.511  1999  2087 V Robocol : sending CMD_RECEIVE_FRAME_CHUNK(2081), attempt: 0
12-07 18:27:22.513  1999  2087 V Robocol : sending CMD_RECEIVE_FRAME_CHUNK(2082), attempt: 0
12-07 18:27:22.514  1999  2087 V Robocol : sending CMD_RECEIVE_FRAME_CHUNK(2083), attempt: 0
12-07 18:27:22.515  1999  2087 V Robocol : sending CMD_RECEIVE_FRAME_CHUNK(2084), attempt: 0
12-07 18:27:22.517  1999  2087 V Robocol : sending CMD_RECEIVE_FRAME_CHUNK(2085), attempt: 0
12-07 18:27:22.523  1999  2087 V Robocol : sending CMD_RECEIVE_FRAME_CHUNK(2086), attempt: 0
12-07 18:27:22.524  1999  2087 V Robocol : sending CMD_RECEIVE_FRAME_CHUNK(2087), attempt: 0
12-07 18:27:22.630  1999  2087 V Robocol : sending CMD_RECEIVE_FRAME_BEGIN(2106), attempt: 0
12-07 18:27:22.630  1999  2087 V Robocol : sending CMD_RECEIVE_FRAME_CHUNK(2107), attempt: 0
12-07 18:27:22.632  1999  2087 V Robocol : sending CMD_RECEIVE_FRAME_CHUNK(2108), attempt: 0
12-07 18:27:22.633  1999  2087 V Robocol : sending CMD_RECEIVE_FRAME_CHUNK(2109), attempt: 0
12-07 18:27:22.635  1999  2087 V Robocol : sending CMD_RECEIVE_FRAME_CHUNK(2110), attempt: 0
12-07 18:27:22.636  1999  2087 V Robocol : sending CMD_RECEIVE_FRAME_CHUNK(2111), attempt: 0
12-07 18:27:22.638  1999  2087 V Robocol : sending CMD_RECEIVE_FRAME_CHUNK(2112), attempt: 0
12-07 18:27:22.639  1999  2087 V Robocol : sending CMD_RECEIVE_FRAME_CHUNK(2113), attempt: 0
12-07 18:27:22.640  1999  2087 V Robocol : sending CMD_RECEIVE_FRAME_CHUNK(2114), attempt: 0
12-07 18:27:22.641  1999  2087 V Robocol : sending CMD_RECEIVE_FRAME_CHUNK(2115), attempt: 0
12-07 18:27:22.642  1999  2087 V Robocol : sending CMD_RECEIVE_FRAME_CHUNK(2116), attempt: 0
12-07 18:27:22.643  1999  2087 V Robocol : sending CMD_RECEIVE_FRAME_CHUNK(2117), attempt: 0
12-07 18:27:22.652  1999  2087 V Robocol : sending CMD_RECEIVE_FRAME_CHUNK(2118), attempt: 0
12-07 18:27:22.653  1999  2087 V Robocol : sending CMD_RECEIVE_FRAME_CHUNK(2119), attempt: 0
12-07 18:27:22.662  1999  2087 V Robocol : sending CMD_RECEIVE_FRAME_CHUNK(2120), attempt: 0
12-07 18:27:22.663  1999  2087 V Robocol : sending CMD_RECEIVE_FRAME_CHUNK(2121), attempt: 0
12-07 18:27:22.664  1999  2087 V Robocol : sending CMD_RECEIVE_FRAME_CHUNK(2122), attempt: 0
12-07 18:27:23.263  1999  2010 I art     : Background partial concurrent mark sweep GC freed 144209(6MB) AllocSpace objects, 60(12MB) LOS objects, 32% free, 33MB/49MB, paused 3.473ms total 296.008ms
12-07 18:27:24.130  1999  2083 V Robocol : received command: CMD_REQUEST_FRAME(11471) 
12-07 18:27:24.270  1999  2087 V Robocol : sending CMD_RECEIVE_FRAME_BEGIN(2159), attempt: 0
12-07 18:27:24.270  1999  2087 V Robocol : sending CMD_RECEIVE_FRAME_CHUNK(2160), attempt: 0
12-07 18:27:24.271  1999  2087 V Robocol : sending CMD_RECEIVE_FRAME_CHUNK(2161), attempt: 0
12-07 18:27:24.272  1999  2087 V Robocol : sending CMD_RECEIVE_FRAME_CHUNK(2162), attempt: 0
12-07 18:27:24.310  1999  2087 V Robocol : sending CMD_RECEIVE_FRAME_CHUNK(2163), attempt: 0
12-07 18:27:24.311  1999  2087 V Robocol : sending CMD_RECEIVE_FRAME_CHUNK(2164), attempt: 0
12-07 18:27:24.312  1999  2087 V Robocol : sending CMD_RECEIVE_FRAME_CHUNK(2165), attempt: 0
12-07 18:27:24.313  1999  2087 V Robocol : sending CMD_RECEIVE_FRAME_CHUNK(2166), attempt: 0
12-07 18:27:24.314  1999  2087 V Robocol : sending CMD_RECEIVE_FRAME_CHUNK(2167), attempt: 0
12-07 18:27:24.316  1999  2087 V Robocol : sending CMD_RECEIVE_FRAME_CHUNK(2168), attempt: 0
12-07 18:27:24.318  1999  2087 V Robocol : sending CMD_RECEIVE_FRAME_CHUNK(2169), attempt: 0
12-07 18:27:24.319  1999  2087 V Robocol : sending CMD_RECEIVE_FRAME_CHUNK(2170), attempt: 0
12-07 18:27:24.320  1999  2087 V Robocol : sending CMD_RECEIVE_FRAME_CHUNK(2171), attempt: 0
12-07 18:27:24.321  1999  2087 V Robocol : sending CMD_RECEIVE_FRAME_CHUNK(2172), attempt: 0
12-07 18:27:24.322  1999  2087 V Robocol : sending CMD_RECEIVE_FRAME_CHUNK(2173), attempt: 0
12-07 18:27:24.323  1999  2087 V Robocol : sending CMD_RECEIVE_FRAME_CHUNK(2174), attempt: 0
12-07 18:27:24.325  1999  2087 V Robocol : sending CMD_RECEIVE_FRAME_CHUNK(2175), attempt: 0
12-07 18:27:24.676  1999  2083 V Robocol : received command: CMD_REQUEST_FRAME(11498) 
12-07 18:27:24.830  1999  2087 V Robocol : sending CMD_RECEIVE_FRAME_BEGIN(2200), attempt: 0
12-07 18:27:24.830  1999  2087 V Robocol : sending CMD_RECEIVE_FRAME_CHUNK(2201), attempt: 0
12-07 18:27:24.831  1999  2087 V Robocol : sending CMD_RECEIVE_FRAME_CHUNK(2202), attempt: 0
12-07 18:27:24.832  1999  2087 V Robocol : sending CMD_RECEIVE_FRAME_CHUNK(2203), attempt: 0
12-07 18:27:24.835  1999  2087 V Robocol : sending CMD_RECEIVE_FRAME_CHUNK(2204), attempt: 0
12-07 18:27:24.838  1999  2087 V Robocol : sending CMD_RECEIVE_FRAME_CHUNK(2205), attempt: 0
12-07 18:27:24.842  1999  2087 V Robocol : sending CMD_RECEIVE_FRAME_CHUNK(2206), attempt: 0
12-07 18:27:24.844  1999  2087 V Robocol : sending CMD_RECEIVE_FRAME_CHUNK(2207), attempt: 0
12-07 18:27:24.847  1999  2087 V Robocol : sending CMD_RECEIVE_FRAME_CHUNK(2208), attempt: 0
12-07 18:27:24.850  1999  2087 V Robocol : sending CMD_RECEIVE_FRAME_CHUNK(2209), attempt: 0
12-07 18:27:24.854  1999  2087 V Robocol : sending CMD_RECEIVE_FRAME_CHUNK(2210), attempt: 0
12-07 18:27:24.859  1999  2087 V Robocol : sending CMD_RECEIVE_FRAME_CHUNK(2211), attempt: 0
12-07 18:27:24.860  1999  2087 V Robocol : sending CMD_RECEIVE_FRAME_CHUNK(2212), attempt: 0
12-07 18:27:24.863  1999  2087 V Robocol : sending CMD_RECEIVE_FRAME_CHUNK(2213), attempt: 0
12-07 18:27:24.866  1999  2087 V Robocol : sending CMD_RECEIVE_FRAME_CHUNK(2214), attempt: 0
12-07 18:27:24.871  1999  2087 V Robocol : sending CMD_RECEIVE_FRAME_CHUNK(2215), attempt: 0
12-07 18:27:24.874  1999  2087 V Robocol : sending CMD_RECEIVE_FRAME_CHUNK(2216), attempt: 0
12-07 18:27:25.150  1999  2131 V ThreadPool: container(0x0b2ca7ba: default scheduler) added id=167 TID=0 count=18
12-07 18:27:25.153  1999  2109 D RobotCore: system telemetry: key=$System$Warning$ msg="The Robot Controller app is obsolete. You should install the new version for this FTC season.
12-07 18:27:25.153  1999  2109 D RobotCore: 
12-07 18:27:25.153  1999  2109 D RobotCore: Both the Robot Controller and Driver Station support 5 GHz. You should consider selecting a 5 GHz Wi-Fi channel."
12-07 18:27:25.327  1999  2083 V Robocol : received command: CMD_REQUEST_FRAME(11526) 
12-07 18:27:25.510  1999  2087 V Robocol : sending CMD_RECEIVE_FRAME_BEGIN(2245), attempt: 0
12-07 18:27:25.510  1999  2087 V Robocol : sending CMD_RECEIVE_FRAME_CHUNK(2246), attempt: 0
12-07 18:27:25.511  1999  2087 V Robocol : sending CMD_RECEIVE_FRAME_CHUNK(2247), attempt: 0
12-07 18:27:25.512  1999  2087 V Robocol : sending CMD_RECEIVE_FRAME_CHUNK(2248), attempt: 0
12-07 18:27:25.513  1999  2087 V Robocol : sending CMD_RECEIVE_FRAME_CHUNK(2249), attempt: 0
12-07 18:27:25.515  1999  2087 V Robocol : sending CMD_RECEIVE_FRAME_CHUNK(2250), attempt: 0
12-07 18:27:25.517  1999  2087 V Robocol : sending CMD_RECEIVE_FRAME_CHUNK(2251), attempt: 0
12-07 18:27:25.550  1999  2087 V Robocol : sending CMD_RECEIVE_FRAME_CHUNK(2252), attempt: 0
12-07 18:27:25.551  1999  2087 V Robocol : sending CMD_RECEIVE_FRAME_CHUNK(2253), attempt: 0
12-07 18:27:25.552  1999  2087 V Robocol : sending CMD_RECEIVE_FRAME_CHUNK(2254), attempt: 0
12-07 18:27:25.553  1999  2087 V Robocol : sending CMD_RECEIVE_FRAME_CHUNK(2255), attempt: 0
12-07 18:27:25.554  1999  2087 V Robocol : sending CMD_RECEIVE_FRAME_CHUNK(2256), attempt: 0
12-07 18:27:25.557  1999  2087 V Robocol : sending CMD_RECEIVE_FRAME_CHUNK(2257), attempt: 0
12-07 18:27:25.559  1999  2087 V Robocol : sending CMD_RECEIVE_FRAME_CHUNK(2258), attempt: 0
12-07 18:27:25.562  1999  2087 V Robocol : sending CMD_RECEIVE_FRAME_CHUNK(2259), attempt: 0
12-07 18:27:25.565  1999  2087 V Robocol : sending CMD_RECEIVE_FRAME_CHUNK(2260), attempt: 0
12-07 18:27:25.568  1999  2087 V Robocol : sending CMD_RECEIVE_FRAME_CHUNK(2261), attempt: 0
12-07 18:27:25.706  1999  2010 I art     : Background partial concurrent mark sweep GC freed 139168(6MB) AllocSpace objects, 68(12MB) LOS objects, 32% free, 32MB/48MB, paused 2.438ms total 136.166ms
